Archive member included to satisfy reference by file (symbol)

/root/piecewise/src/glibc-2.23/build-tree/amd64-libc/libc_pic.a(check_fds.os)
                              /root/piecewise/src/glibc-2.23/build-tree/amd64-libc/elf/dl-allobjs.os (__libc_check_standard_fds)
/root/piecewise/src/glibc-2.23/build-tree/amd64-libc/libc_pic.a(errno.os)
                              /root/piecewise/src/glibc-2.23/build-tree/amd64-libc/libc_pic.a(check_fds.os) (__libc_errno)
/root/piecewise/src/glibc-2.23/build-tree/amd64-libc/libc_pic.a(setjmp.os)
                              /root/piecewise/src/glibc-2.23/build-tree/amd64-libc/elf/dl-allobjs.os (__sigsetjmp)
/root/piecewise/src/glibc-2.23/build-tree/amd64-libc/libc_pic.a(__longjmp.os)
                              /root/piecewise/src/glibc-2.23/build-tree/amd64-libc/elf/dl-allobjs.os (__longjmp)
/root/piecewise/src/glibc-2.23/build-tree/amd64-libc/libc_pic.a(exit.os)
                              /root/piecewise/src/glibc-2.23/build-tree/amd64-libc/elf/dl-allobjs.os (exit)
/root/piecewise/src/glibc-2.23/build-tree/amd64-libc/libc_pic.a(cxa_atexit.os)
                              /root/piecewise/src/glibc-2.23/build-tree/amd64-libc/libc_pic.a(exit.os) (__exit_funcs)
/root/piecewise/src/glibc-2.23/build-tree/amd64-libc/libc_pic.a(cxa_thread_atexit_impl.os)
                              /root/piecewise/src/glibc-2.23/build-tree/amd64-libc/libc_pic.a(exit.os) (__GI___call_tls_dtors)
/root/piecewise/src/glibc-2.23/build-tree/amd64-libc/libc_pic.a(strchr.os)
                              /root/piecewise/src/glibc-2.23/build-tree/amd64-libc/elf/dl-allobjs.os (strchr)
/root/piecewise/src/glibc-2.23/build-tree/amd64-libc/libc_pic.a(strcmp.os)
                              /root/piecewise/src/glibc-2.23/build-tree/amd64-libc/elf/dl-allobjs.os (strcmp)
/root/piecewise/src/glibc-2.23/build-tree/amd64-libc/libc_pic.a(strdup.os)
                              /root/piecewise/src/glibc-2.23/build-tree/amd64-libc/elf/dl-allobjs.os (__strdup)
/root/piecewise/src/glibc-2.23/build-tree/amd64-libc/libc_pic.a(strlen.os)
                              /root/piecewise/src/glibc-2.23/build-tree/amd64-libc/elf/dl-allobjs.os (strlen)
/root/piecewise/src/glibc-2.23/build-tree/amd64-libc/libc_pic.a(strnlen.os)
                              /root/piecewise/src/glibc-2.23/build-tree/amd64-libc/elf/dl-allobjs.os (strnlen)
/root/piecewise/src/glibc-2.23/build-tree/amd64-libc/libc_pic.a(memchr.os)
                              /root/piecewise/src/glibc-2.23/build-tree/amd64-libc/elf/dl-allobjs.os (memchr)
/root/piecewise/src/glibc-2.23/build-tree/amd64-libc/libc_pic.a(memcmp.os)
                              /root/piecewise/src/glibc-2.23/build-tree/amd64-libc/elf/dl-allobjs.os (memcmp)
/root/piecewise/src/glibc-2.23/build-tree/amd64-libc/libc_pic.a(memmove.os)
                              /root/piecewise/src/glibc-2.23/build-tree/amd64-libc/elf/dl-allobjs.os (memmove)
/root/piecewise/src/glibc-2.23/build-tree/amd64-libc/libc_pic.a(memset.os)
                              /root/piecewise/src/glibc-2.23/build-tree/amd64-libc/elf/dl-allobjs.os (memset)
/root/piecewise/src/glibc-2.23/build-tree/amd64-libc/libc_pic.a(mempcpy.os)
                              /root/piecewise/src/glibc-2.23/build-tree/amd64-libc/elf/dl-allobjs.os (__mempcpy)
/root/piecewise/src/glibc-2.23/build-tree/amd64-libc/libc_pic.a(stpcpy.os)
                              /root/piecewise/src/glibc-2.23/build-tree/amd64-libc/elf/dl-allobjs.os (__stpcpy)
/root/piecewise/src/glibc-2.23/build-tree/amd64-libc/libc_pic.a(memcpy.os)
                              /root/piecewise/src/glibc-2.23/build-tree/amd64-libc/libc_pic.a(check_fds.os) (__GI_memcpy)
/root/piecewise/src/glibc-2.23/build-tree/amd64-libc/libc_pic.a(wordcopy.os)
                              /root/piecewise/src/glibc-2.23/build-tree/amd64-libc/libc_pic.a(memmove.os) (_wordcopy_fwd_aligned)
/root/piecewise/src/glibc-2.23/build-tree/amd64-libc/libc_pic.a(rawmemchr.os)
                              /root/piecewise/src/glibc-2.23/build-tree/amd64-libc/elf/dl-allobjs.os (rawmemchr)
/root/piecewise/src/glibc-2.23/build-tree/amd64-libc/libc_pic.a(strcmp-ssse3.os)
                              /root/piecewise/src/glibc-2.23/build-tree/amd64-libc/libc_pic.a(strcmp.os) (__strcmp_ssse3)
/root/piecewise/src/glibc-2.23/build-tree/amd64-libc/libc_pic.a(strcmp-sse2-unaligned.os)
                              /root/piecewise/src/glibc-2.23/build-tree/amd64-libc/libc_pic.a(strcmp.os) (__strcmp_sse2_unaligned)
/root/piecewise/src/glibc-2.23/build-tree/amd64-libc/libc_pic.a(memcmp-sse4.os)
                              /root/piecewise/src/glibc-2.23/build-tree/amd64-libc/libc_pic.a(memcmp.os) (__memcmp_sse4_1)
/root/piecewise/src/glibc-2.23/build-tree/amd64-libc/libc_pic.a(memcpy-ssse3.os)
                              /root/piecewise/src/glibc-2.23/build-tree/amd64-libc/libc_pic.a(memcpy.os) (__memcpy_ssse3)
[...]
Memory Configuration

Name             Origin             Length             Attributes
*default*        0x0000000000000000 0xffffffffffffffff

Linker script and memory map

START GROUP
LOAD /root/piecewise/src/glibc-2.23/build-tree/amd64-libc/elf/dl-allobjs.os
LOAD /root/piecewise/src/glibc-2.23/build-tree/amd64-libc/libc_pic.a
LOAD /usr/lib/gcc/x86_64-linux-gnu/5/libgcc.a
END GROUP

.interp
 *(.interp)

.note.gnu.property
                0x0000000000000000       0x30
 .note.gnu.property
                0x0000000000000000       0x30 /root/piecewise/src/glibc-2.23/build-tree/amd64-libc/elf/dl-allobjs.os

.note.gnu.build-id
 *(.note.gnu.build-id)

.hash
 *(.hash)

.gnu.hash
 *(.gnu.hash)

.dynsym
 *(.dynsym)

.dynstr
 *(.dynstr)

.gnu.version
 *(.gnu.version)

.gnu.version_d
 *(.gnu.version_d)

.gnu.version_r
 *(.gnu.version_r)

.rela.init
 *(.rela.init)

.rela.text
 *(.rela.text)

.rela.fini
 *(.rela.fini)

.rela.rodata
 *(.rela.rodata)

.rela.data.rel.ro
 *(.rela.data.rel.ro)

.rela.data
 *(.rela.data)

.rela.tdata
 *(.rela.tdata)

.rela.tbss
 *(.rela.tbss)

.rela.ctors
 *(.rela.ctors)

.rela.dtors
 *(.rela.dtors)

.rela.got
 *(.rela.got)

.rela.bss
 *(.rela.bss)

.rela.ldata
 *(.rela.ldata)

.rela.lbss
 *(.rela.lbss)

.rela.lrodata
 *(.rela.lrodata)

.rela.ifunc
 *(.rela.ifunc)

.rela.plt
 *(.rela.plt)

.init
 *(SORT_NONE(.init))

.plt
 *(.plt)

.plt.got
 *(.plt.got)

.plt.sec
 *(.plt.sec)

.text           0x0000000000000000    0x27026
 *(.text .stub)
 .text          0x0000000000000000    0x1f1f0 /root/piecewise/src/glibc-2.23/build-tree/amd64-libc/elf/dl-allobjs.os
                0x0000000000000000                _start
                0x0000000000000008                _dl_start_user
                0x0000000000000050                _dl_initial_error_catch_tsd
                0x0000000000004da0                handle_ld_preload
                0x000000000000bcc0                _dl_dst_count
                0x000000000000be50                _dl_dst_substitute
                0x000000000000c890                _dl_init_paths
                0x000000000000cd90                _dl_map_object
                0x000000000000da00                _dl_rtld_di_serinfo
                0x000000000000ed80                _dl_lookup_symbol_x
                0x000000000000fe00                _dl_setup_hash
                0x000000000000feb0                _dl_add_to_namespace_list
                0x000000000000ff40                _dl_new_object
                0x0000000000010370                _dl_try_allocate_static_tls
                0x0000000000010450                _dl_allocate_static_tls
                0x0000000000010540                _dl_nothread_init_static_tls
                0x0000000000010580                _dl_protect_relro
                0x00000000000105e0                _dl_reloc_bad_type
                0x00000000000106b0                _dl_relocate_object
                0x00000000000124e0                _dl_map_object_deps
                0x0000000000013740                _dl_important_hwcaps
                0x0000000000013f70                _dl_fixup
                0x0000000000014140                _dl_profile_fixup
                0x0000000000014730                _dl_call_pltexit
                0x0000000000014840                _dl_signal_error
                0x00000000000149e0                _dl_signal_cerror
                0x0000000000014a70                _dl_catch_error
                0x0000000000014b40                _dl_receive_error
                0x0000000000014cc0                _dl_init
                0x0000000000014df0                _dl_sort_fini
                0x0000000000015030                _dl_fini
                0x00000000000155e0                _dl_debug_state
                0x00000000000155e0                __GI__dl_debug_state
                0x00000000000155f0                _dl_debug_initialize
                0x0000000000015c70                _dl_sysdep_read_whole_file
                0x0000000000015d00                _dl_debug_printf
                0x0000000000015db0                _dl_debug_printf_c
                0x0000000000015e60                _dl_dprintf
                0x0000000000015f00                _dl_name_match_p
                0x0000000000015f70                _dl_higher_prime_number
                0x00000000000163a0                _dl_check_map_versions
                0x0000000000016850                _dl_check_all_versions
                0x00000000000168c0                _dl_start_profile
                0x00000000000170a0                __GI__dl_mcount
                0x00000000000170a0                _dl_mcount
                0x0000000000017300                _dl_resolve_conflicts
                0x00000000000176e0                _dl_next_tls_modid
                0x00000000000177e0                _dl_count_modids
                0x0000000000017840                _dl_determine_tlsoffset
                0x0000000000017a10                __GI__dl_tls_setup
                0x0000000000017a10                _dl_tls_setup
                0x0000000000017ac0                _dl_get_tls_static_info
                0x0000000000017ae0                _dl_allocate_tls_storage
                0x0000000000017b90                __GI__dl_allocate_tls_init
                0x0000000000017b90                _dl_allocate_tls_init
                0x0000000000017e00                __GI__dl_allocate_tls
                0x0000000000017e00                _dl_allocate_tls
                0x0000000000017ee0                _dl_deallocate_tls
                0x0000000000017ee0                __GI__dl_deallocate_tls
                0x0000000000017f70                _dl_update_slotinfo
                0x0000000000018230                __GI___tls_get_addr
                0x0000000000018230                __tls_get_addr
                0x0000000000018270                _dl_tls_get_addr_soft
                0x00000000000182f0                _dl_add_to_slotinfo
                0x00000000000183d0                _dl_get_origin
                0x0000000000018550                _dl_scope_free
                0x0000000000018620                _dl_make_stack_executable
                0x0000000000018620                __GI__dl_make_stack_executable
                0x00000000000186b0                _dl_check_caller
                0x0000000000019170                __GI__dl_find_dso_for_object
                0x0000000000019170                _dl_find_dso_for_object
                0x0000000000019260                _dl_open
                0x0000000000019920                _dl_show_scope
                0x000000000001a440                _dl_addr_inside_object
                0x000000000001b650                _dl_close_worker
                0x000000000001b6e0                _dl_close
                0x000000000001b800                _dl_runtime_profile_avx512
                0x000000000001bc80                _dl_runtime_profile_avx
                0x000000000001c100                _dl_runtime_profile_sse
                0x000000000001c300                _dl_runtime_resolve_fxsave
                0x000000000001c380                _dl_runtime_resolve_xsave
                0x000000000001c450                _dl_runtime_resolve_xsavec
                0x000000000001c510                _dl_cache_libcmp
                0x000000000001c600                _dl_load_cache_lookup
                0x000000000001ce40                _dl_unload_cache
                0x000000000001ce80                _dl_make_tlsdesc_dynamic
                0x000000000001d150                _dl_tlsdesc_resolve_rela_fixup
                0x000000000001d310                _dl_tlsdesc_resolve_hold_fixup
                0x000000000001d350                _dl_unmap
                0x000000000001d3d0                _dl_tlsdesc_return
                0x000000000001d3e0                _dl_tlsdesc_undefweak
                0x000000000001d3f0                _dl_tlsdesc_dynamic
                0x000000000001d490                _dl_tlsdesc_resolve_rela
                0x000000000001d500                _dl_tlsdesc_resolve_hold
                0x000000000001d580                __get_cpu_features
                0x000000000001daf0                _dl_sysdep_start
                0x000000000001de60                _dl_sysdep_start_cleanup
                0x000000000001de70                _dl_show_auxv
                0x000000000001e020                _dl_discover_osversion
                0x000000000001e1f0                _dl_next_ld_env_entry
                0x000000000001e240                unsetenv
                0x000000000001e2b0                __libc_memalign
                0x000000000001e3b0                malloc
                0x000000000001e3c0                calloc
                0x000000000001e400                free
                0x000000000001e430                __sigjmp_save
                0x000000000001e440                __strerror_r
                0x000000000001e520                __GI___libc_fatal
                0x000000000001e520                __libc_fatal
                0x000000000001e550                __GI___chk_fail
                0x000000000001e550                __chk_fail
                0x000000000001e560                __GI___assert_fail
                0x000000000001e560                __assert_fail
                0x000000000001e5b0                realloc
                0x000000000001e640                __GI___assert_perror_fail
                0x000000000001e640                __assert_perror_fail
                0x000000000001e6b0                __strtoul_internal
                0x000000000001e890                _itoa
                0x000000000001e8e0                __strsep
                0x000000000001e8e0                strsep
                0x000000000001e8e0                __strsep_g
                0x000000000001e960                __brk
                0x000000000001e960                brk
                0x000000000001e9b0                sbrk
                0x000000000001e9b0                __sbrk
                0x000000000001ea40                __getcwd
                0x000000000001ea40                getcwd
                0x000000000001eee0                openat64
                0x000000000001ef50                __opendir
                0x000000000001ef50                opendir
                0x000000000001f0a0                __alloc_dir
                0x000000000001f1a0                __fxstatat
                0x000000000001f1a0                __fxstatat64
                0x000000000001f1a0                __GI___fxstatat64
 .text          0x000000000001f1f0      0x1c1 /root/piecewise/src/glibc-2.23/build-tree/amd64-libc/libc_pic.a(check_fds.os)
                0x000000000001f1f0                __libc_check_standard_fds
 .text          0x000000000001f3b1        0x0 /root/piecewise/src/glibc-2.23/build-tree/amd64-libc/libc_pic.a(errno.os)
 *fill*         0x000000000001f3b1        0xf 
 .text          0x000000000001f3c0       0x58 /root/piecewise/src/glibc-2.23/build-tree/amd64-libc/libc_pic.a(setjmp.os)
                0x000000000001f3c0                __sigsetjmp
                0x000000000001f3c0                __GI___sigsetjmp
 *fill*         0x000000000001f418        0x8 
 .text          0x000000000001f420       0x52 /root/piecewise/src/glibc-2.23/build-tree/amd64-libc/libc_pic.a(__longjmp.os)
                0x000000000001f420                __longjmp
 *fill*         0x000000000001f472        0xe 
 .text          0x000000000001f480      0x115 /root/piecewise/src/glibc-2.23/build-tree/amd64-libc/libc_pic.a(exit.os)
                0x000000000001f480                __run_exit_handlers
                0x000000000001f580                __GI_exit
                0x000000000001f580                exit
 *fill*         0x000000000001f595        0xb 
 .text          0x000000000001f5a0      0x22f /root/piecewise/src/glibc-2.23/build-tree/amd64-libc/libc_pic.a(cxa_atexit.os)
                0x000000000001f5a0                __new_exitfn
                0x000000000001f730                __internal_atexit
                0x000000000001f780                __cxa_atexit
                0x000000000001f780                __GI___cxa_atexit
 *fill*         0x000000000001f7cf        0x1 
 .text          0x000000000001f7d0      0x135 /root/piecewise/src/glibc-2.23/build-tree/amd64-libc/libc_pic.a(cxa_thread_atexit_impl.os)
                0x000000000001f7d0                __cxa_thread_atexit_impl
                0x000000000001f8a0                __GI___call_tls_dtors
                0x000000000001f8a0                __call_tls_dtors
 *fill*         0x000000000001f905        0xb 
 .text          0x000000000001f910      0x24a /root/piecewise/src/glibc-2.23/build-tree/amd64-libc/libc_pic.a(strchr.os)
                0x000000000001f910                index
                0x000000000001f910                strchr
                0x000000000001f940                __strchr_sse2
                0x000000000001f940                __GI_strchr
 *fill*         0x000000000001fb5a        0x6 
 .text          0x000000000001fb60     0x1479 /root/piecewise/src/glibc-2.23/build-tree/amd64-libc/libc_pic.a(strcmp.os)
                0x000000000001fb60                strcmp
                0x000000000001fba0                __strcmp_sse2
                0x000000000001fba0                __GI_strcmp
 *fill*         0x0000000000020fd9        0x7 
 .text          0x0000000000020fe0       0x41 /root/piecewise/src/glibc-2.23/build-tree/amd64-libc/libc_pic.a(strdup.os)
                0x0000000000020fe0                __GI___strdup
                0x0000000000020fe0                __strdup
                0x0000000000020fe0                strdup
 *fill*         0x0000000000021021        0xf 
 .text          0x0000000000021030      0x19c /root/piecewise/src/glibc-2.23/build-tree/amd64-libc/libc_pic.a(strlen.os)
                0x0000000000021030                strlen
                0x0000000000021030                __GI_strlen
 *fill*         0x00000000000211cc        0x4 
 .text          0x00000000000211d0      0x218 /root/piecewise/src/glibc-2.23/build-tree/amd64-libc/libc_pic.a(strnlen.os)
                0x00000000000211d0                __strnlen
                0x00000000000211d0                strnlen
                0x00000000000211d0                __GI___strnlen
                0x00000000000211d0                __GI_strnlen
 *fill*         0x00000000000213e8        0x8 
 .text          0x00000000000213f0      0x344 /root/piecewise/src/glibc-2.23/build-tree/amd64-libc/libc_pic.a(memchr.os)
                0x00000000000213f0                __GI_memchr
                0x00000000000213f0                memchr
                0x00000000000213f0                __memchr
 *fill*         0x0000000000021734        0xc 
 .text          0x0000000000021740      0x440 /root/piecewise/src/glibc-2.23/build-tree/amd64-libc/libc_pic.a(memcmp.os)
                0x0000000000021740                bcmp
                0x0000000000021740                memcmp
                0x0000000000021780                __GI_memcmp
                0x0000000000021780                __memcmp_sse2
 .text          0x0000000000021b80      0x1b2 /root/piecewise/src/glibc-2.23/build-tree/amd64-libc/libc_pic.a(memmove.os)
                0x0000000000021b80                __GI_memmove
                0x0000000000021b80                __memmove_sse2
                0x0000000000021cdb                memmove
                0x0000000000021cdb                memcpy@GLIBC_2.2.5
                0x0000000000021cdb                __libc_memmove
 *fill*         0x0000000000021d32        0xe 
 .text          0x0000000000021d40      0x173 /root/piecewise/src/glibc-2.23/build-tree/amd64-libc/libc_pic.a(memset.os)
                0x0000000000021d40                memset
                0x0000000000021d90                __bzero
                0x0000000000021d90                bzero
                0x0000000000021da0                __memset_tail
                0x0000000000021dc0                __memset_chk_sse2
                0x0000000000021dd0                __GI_memset
                0x0000000000021dd0                __memset_sse2
 *fill*         0x0000000000021eb3        0xd 
 .text          0x0000000000021ec0      0x4d2 /root/piecewise/src/glibc-2.23/build-tree/amd64-libc/libc_pic.a(mempcpy.os)
                0x0000000000021ec0                mempcpy
                0x0000000000021ec0                __mempcpy
                0x0000000000021f30                __mempcpy_chk_sse2
                0x0000000000021f40                __GI_mempcpy
                0x0000000000021f40                __mempcpy_sse2
                0x0000000000021f40                __GI___mempcpy
 *fill*         0x0000000000022392        0xe 
 .text          0x00000000000223a0      0x11c /root/piecewise/src/glibc-2.23/build-tree/amd64-libc/libc_pic.a(stpcpy.os)
                0x00000000000223a0                stpcpy
                0x00000000000223a0                __stpcpy
                0x00000000000223e0                __GI_stpcpy
                0x00000000000223e0                __GI___stpcpy
                0x00000000000223e0                __stpcpy_sse2
 *fill*         0x00000000000224bc        0x4 
 .text          0x00000000000224c0      0x4e5 /root/piecewise/src/glibc-2.23/build-tree/amd64-libc/libc_pic.a(memcpy.os)
                0x00000000000224c0                __new_memcpy
                0x00000000000224c0                memcpy@@GLIBC_2.14
                0x0000000000022530                __memcpy_chk_sse2
                0x0000000000022540                __memcpy_sse2
                0x0000000000022540                __GI_memcpy
 *fill*         0x00000000000229a5        0xb 
 .text          0x00000000000229b0      0x556 /root/piecewise/src/glibc-2.23/build-tree/amd64-libc/libc_pic.a(wordcopy.os)
                0x00000000000229b0                _wordcopy_fwd_aligned
                0x0000000000022af0                _wordcopy_fwd_dest_aligned
                0x0000000000022c20                _wordcopy_bwd_aligned
                0x0000000000022db0                _wordcopy_bwd_dest_aligned
 *fill*         0x0000000000022f06        0xa 
 .text          0x0000000000022f10      0x204 /root/piecewise/src/glibc-2.23/build-tree/amd64-libc/libc_pic.a(rawmemchr.os)
                0x0000000000022f10                __GI___rawmemchr
                0x0000000000022f10                __rawmemchr
                0x0000000000022f10                rawmemchr
 .text          0x0000000000023114        0x0 /root/piecewise/src/glibc-2.23/build-tree/amd64-libc/libc_pic.a(strcmp-ssse3.os)
 *fill*         0x0000000000023114        0xc 
 .text          0x0000000000023120      0x2a3 /root/piecewise/src/glibc-2.23/build-tree/amd64-libc/libc_pic.a(strcmp-sse2-unaligned.os)
                0x0000000000023120                __strcmp_sse2_unaligned
 .text          0x00000000000233c3        0x0 /root/piecewise/src/glibc-2.23/build-tree/amd64-libc/libc_pic.a(memcmp-sse4.os)
 .text          0x00000000000233c3        0x0 /root/piecewise/src/glibc-2.23/build-tree/amd64-libc/libc_pic.a(memcpy-ssse3.os)
 *fill*         0x00000000000233c3        0xd 
 .text          0x00000000000233d0      0x217 /root/piecewise/src/glibc-2.23/build-tree/amd64-libc/libc_pic.a(memcpy-sse2-unaligned.os)
                0x00000000000233d0                __memcpy_sse2_unaligned
 *fill*         0x00000000000235e7        0x9 
 .text          0x00000000000235f0      0x748 /root/piecewise/src/glibc-2.23/build-tree/amd64-libc/libc_pic.a(memcpy-avx512-no-vzeroupper.os)
                0x00000000000235f0                __memcpy_chk_avx512_no_vzeroupper
                0x0000000000023600                __memcpy_avx512_no_vzeroupper
 .text          0x0000000000023d38        0x0 /root/piecewise/src/glibc-2.23/build-tree/amd64-libc/libc_pic.a(mempcpy-ssse3.os)
 .text          0x0000000000023d38        0x0 /root/piecewise/src/glibc-2.23/build-tree/amd64-libc/libc_pic.a(memmove-ssse3.os)
 .text          0x0000000000023d38        0x0 /root/piecewise/src/glibc-2.23/build-tree/amd64-libc/libc_pic.a(mempcpy-ssse3-back.os)
 .text          0x0000000000023d38        0x0 /root/piecewise/src/glibc-2.23/build-tree/amd64-libc/libc_pic.a(memmove-avx-unaligned.os)
 .text          0x0000000000023d38        0x0 /root/piecewise/src/glibc-2.23/build-tree/amd64-libc/libc_pic.a(memcpy-avx-unaligned.os)
 .text          0x0000000000023d38        0x0 /root/piecewise/src/glibc-2.23/build-tree/amd64-libc/libc_pic.a(mempcpy-avx-unaligned.os)
 *fill*         0x0000000000023d38        0x8 
 .text          0x0000000000023d40      0x74b /root/piecewise/src/glibc-2.23/build-tree/amd64-libc/libc_pic.a(mempcpy-avx512-no-vzeroupper.os)
                0x0000000000023d40                __mempcpy_chk_avx512_no_vzeroupper
                0x0000000000023d50                __mempcpy_avx512_no_vzeroupper
 .text          0x000000000002448b        0x0 /root/piecewise/src/glibc-2.23/build-tree/amd64-libc/libc_pic.a(memmove-ssse3-back.os)
 *fill*         0x000000000002448b        0x5 
 .text          0x0000000000024490      0x748 /root/piecewise/src/glibc-2.23/build-tree/amd64-libc/libc_pic.a(memmove-avx512-no-vzeroupper.os)
                0x0000000000024490                __memmove_chk_avx512_no_vzeroupper
                0x00000000000244a0                __memmove_avx512_no_vzeroupper
 .text          0x0000000000024bd8        0x0 /root/piecewise/src/glibc-2.23/build-tree/amd64-libc/libc_pic.a(stpcpy-ssse3.os)
 *fill*         0x0000000000024bd8        0x8 
 .text          0x0000000000024be0      0x6b0 /root/piecewise/src/glibc-2.23/build-tree/amd64-libc/libc_pic.a(stpcpy-sse2-unaligned.os)
                0x0000000000024be0                __stpcpy_sse2_unaligned
 .text          0x0000000000025290        0x0 /root/piecewise/src/glibc-2.23/build-tree/amd64-libc/libc_pic.a(strchr-sse2-no-bsf.os)
 .text          0x0000000000025290        0x0 /root/piecewise/src/glibc-2.23/build-tree/amd64-libc/libc_pic.a(memcmp-ssse3.os)
 .text          0x0000000000025290        0x0 /root/piecewise/src/glibc-2.23/build-tree/amd64-libc/libc_pic.a(memset-avx2.os)
 .text          0x0000000000025290      0x280 /root/piecewise/src/glibc-2.23/build-tree/amd64-libc/libc_pic.a(memset-avx512-no-vzeroupper.os)
                0x0000000000025290                __memset_chk_avx512_no_vzeroupper
                0x00000000000252a0                __memset_avx512_no_vzeroupper
 .text          0x0000000000025510      0x5c0 /root/piecewise/src/glibc-2.23/build-tree/amd64-libc/libc_pic.a(cacheinfo.os)
                0x0000000000025aa0                __cache_sysconf
 .text          0x0000000000025ad0       0x54 /root/piecewise/src/glibc-2.23/build-tree/amd64-libc/libc_pic.a(closedir.os)
                0x0000000000025ad0                __closedir
                0x0000000000025ad0                closedir
 *fill*         0x0000000000025b24        0xc 
 .text          0x0000000000025b30       0xf8 /root/piecewise/src/glibc-2.23/build-tree/amd64-libc/libc_pic.a(readdir.os)
                0x0000000000025b30                readdir
                0x0000000000025b30                __readdir64
                0x0000000000025b30                __readdir
                0x0000000000025b30                readdir64
 *fill*         0x0000000000025c28        0x8 
 .text          0x0000000000025c30       0x93 /root/piecewise/src/glibc-2.23/build-tree/amd64-libc/libc_pic.a(rewinddir.os)
                0x0000000000025c30                rewinddir
                0x0000000000025c30                __rewinddir
                0x0000000000025c30                __GI___rewinddir
 *fill*         0x0000000000025cc3        0xd 
 .text          0x0000000000025cd0       0x8d /root/piecewise/src/glibc-2.23/build-tree/amd64-libc/libc_pic.a(getdents.os)
                0x0000000000025cd0                __getdents
                0x0000000000025cd0                __getdents64
 *fill*         0x0000000000025d5d        0x3 
 .text          0x0000000000025d60       0x9a /root/piecewise/src/glibc-2.23/build-tree/amd64-libc/libc_pic.a(fdopendir.os)
                0x0000000000025d60                fdopendir
                0x0000000000025d60                __fdopendir
 *fill*         0x0000000000025dfa        0x6 
 .text          0x0000000000025e00       0x21 /root/piecewise/src/glibc-2.23/build-tree/amd64-libc/libc_pic.a(uname.os)
                0x0000000000025e00                uname
                0x0000000000025e00                __GI_uname
                0x0000000000025e00                __uname
                0x0000000000025e00                __GI___uname
 *fill*         0x0000000000025e21        0xf 
 .text          0x0000000000025e30       0x58 /root/piecewise/src/glibc-2.23/build-tree/amd64-libc/libc_pic.a(_exit.os)
                0x0000000000025e30                _Exit
                0x0000000000025e30                __GI__exit
                0x0000000000025e30                _exit
 *fill*         0x0000000000025e88        0x8 
 .text          0x0000000000025e90       0x3c /root/piecewise/src/glibc-2.23/build-tree/amd64-libc/libc_pic.a(getpid.os)
                0x0000000000025e90                __getpid
                0x0000000000025e90                getpid
                0x0000000000025e90                __GI_getpid
                0x0000000000025e90                __GI___getpid
 .text          0x0000000000025ecc        0x0 /root/piecewise/src/glibc-2.23/build-tree/amd64-libc/libc_pic.a(environ.os)
 *fill*         0x0000000000025ecc        0x4 
 .text          0x0000000000025ed0       0x4c /root/piecewise/src/glibc-2.23/build-tree/amd64-libc/libc_pic.a(xstat.os)
                0x0000000000025ed0                _xstat
                0x0000000000025ed0                __xstat64
                0x0000000000025ed0                __GI___xstat64
                0x0000000000025ed0                __GI___xstat
                0x0000000000025ed0                __xstat
 *fill*         0x0000000000025f1c        0x4 
 .text          0x0000000000025f20       0x4c /root/piecewise/src/glibc-2.23/build-tree/amd64-libc/libc_pic.a(fxstat.os)
                0x0000000000025f20                __GI___fxstat
                0x0000000000025f20                __GI___fxstat64
                0x0000000000025f20                __fxstat64
                0x0000000000025f20                _fxstat
                0x0000000000025f20                __fxstat
 *fill*         0x0000000000025f6c        0x4 
 .text          0x0000000000025f70       0x4c /root/piecewise/src/glibc-2.23/build-tree/amd64-libc/libc_pic.a(lxstat.os)
                0x0000000000025f70                __GI___lxstat
                0x0000000000025f70                _lxstat
                0x0000000000025f70                __lxstat
                0x0000000000025f70                __lxstat64
                0x0000000000025f70                __GI___lxstat64
 *fill*         0x0000000000025fbc        0x4 
 .text          0x0000000000025fc0       0x5a /root/piecewise/src/glibc-2.23/build-tree/amd64-libc/libc_pic.a(open.os)
                0x0000000000025fc0                __GI___open64
                0x0000000000025fc0                __open
                0x0000000000025fc0                __GI_open
                0x0000000000025fc0                __GI___open
                0x0000000000025fc0                __GI_open64
                0x0000000000025fc0                __libc_open
                0x0000000000025fc0                open64
                0x0000000000025fc0                __GI___libc_open
                0x0000000000025fc0                open
                0x0000000000025fc0                __open64
                0x0000000000025fc9                __open_nocancel
 *fill*         0x000000000002601a        0x6 
 .text          0x0000000000026020       0x5a /root/piecewise/src/glibc-2.23/build-tree/amd64-libc/libc_pic.a(read.os)
                0x0000000000026020                __read
                0x0000000000026020                __GI_read
                0x0000000000026020                __libc_read
                0x0000000000026020                __GI___read
                0x0000000000026020                read
                0x0000000000026020                __GI___libc_read
                0x0000000000026029                __read_nocancel
 *fill*         0x000000000002607a        0x6 
 .text          0x0000000000026080       0x5a /root/piecewise/src/glibc-2.23/build-tree/amd64-libc/libc_pic.a(write.os)
                0x0000000000026080                __write
                0x0000000000026080                __GI_write
                0x0000000000026080                write
                0x0000000000026080                __GI___libc_write
                0x0000000000026080                __GI___write
                0x0000000000026080                __libc_write
                0x0000000000026089                __write_nocancel
 *fill*         0x00000000000260da        0x6 
 .text          0x00000000000260e0       0x21 /root/piecewise/src/glibc-2.23/build-tree/amd64-libc/libc_pic.a(access.os)
                0x00000000000260e0                __GI_access
                0x00000000000260e0                __GI___access
                0x00000000000260e0                access
                0x00000000000260e0                __access
 *fill*         0x0000000000026101        0xf 
 .text          0x0000000000026110      0x18b /root/piecewise/src/glibc-2.23/build-tree/amd64-libc/libc_pic.a(fcntl.os)
                0x0000000000026110                __fcntl_nocancel
                0x00000000000261a0                __libc_fcntl
                0x00000000000261a0                __GI___libc_fcntl
                0x00000000000261a0                __GI___fcntl
                0x00000000000261a0                __fcntl
                0x00000000000261a0                fcntl
 *fill*         0x000000000002629b        0x5 
 .text          0x00000000000262a0       0x5a /root/piecewise/src/glibc-2.23/build-tree/amd64-libc/libc_pic.a(close.os)
                0x00000000000262a0                __GI_close
                0x00000000000262a0                __GI___libc_close
                0x00000000000262a0                __libc_close
                0x00000000000262a0                __close
                0x00000000000262a0                __GI___close
                0x00000000000262a0                close
                0x00000000000262a9                __close_nocancel
 *fill*         0x00000000000262fa        0x6 
 .text          0x0000000000026300       0xbe /root/piecewise/src/glibc-2.23/build-tree/amd64-libc/libc_pic.a(mmap.os)
                0x0000000000026300                __mmap
                0x0000000000026300                mmap
                0x0000000000026300                __mmap64
                0x0000000000026300                mmap64
 *fill*         0x00000000000263be        0x2 
 .text          0x00000000000263c0       0x21 /root/piecewise/src/glibc-2.23/build-tree/amd64-libc/libc_pic.a(munmap.os)
                0x00000000000263c0                munmap
                0x00000000000263c0                __GI___munmap
                0x00000000000263c0                __GI_munmap
                0x00000000000263c0                __munmap
 *fill*         0x00000000000263e1        0xf 
 .text          0x00000000000263f0       0x21 /root/piecewise/src/glibc-2.23/build-tree/amd64-libc/libc_pic.a(mprotect.os)
                0x00000000000263f0                __mprotect
                0x00000000000263f0                __GI___mprotect
                0x00000000000263f0                __GI_mprotect
                0x00000000000263f0                mprotect
 *fill*         0x0000000000026411        0xf 
 .text          0x0000000000026420       0x21 /root/piecewise/src/glibc-2.23/build-tree/amd64-libc/libc_pic.a(llseek.os)
                0x0000000000026420                __GI___lseek
                0x0000000000026420                __GI_lseek64
                0x0000000000026420                __llseek
                0x0000000000026420                __GI_llseek
                0x0000000000026420                __lseek64
                0x0000000000026420                lseek
                0x0000000000026420                __libc_lseek64
                0x0000000000026420                __GI___libc_lseek64
                0x0000000000026420                __GI___libc_lseek
                0x0000000000026420                llseek
                0x0000000000026420                __lseek
                0x0000000000026420                __GI___lseek64
                0x0000000000026420                __libc_lseek
                0x0000000000026420                __GI___llseek
                0x0000000000026420                __GI_lseek
                0x0000000000026420                lseek64
 *fill*         0x0000000000026441        0xf 
 .text          0x0000000000026450      0x237 /root/piecewise/src/glibc-2.23/build-tree/amd64-libc/libc_pic.a(profil.os)
                0x00000000000264a0                __profil
                0x00000000000264a0                profil
 *fill*         0x0000000000026687        0x9 
 .text          0x0000000000026690        0xb /root/piecewise/src/glibc-2.23/build-tree/amd64-libc/libc_pic.a(prof-freq.os)
                0x0000000000026690                __GI___profile_frequency
                0x0000000000026690                __profile_frequency
 *fill*         0x000000000002669b        0x5 
 .text          0x00000000000266a0       0x4c /root/piecewise/src/glibc-2.23/build-tree/amd64-libc/libc_pic.a(libc-lowlevellock.os)
                0x00000000000266a0                __lll_lock_wait_private
                0x00000000000266d0                __lll_unlock_wake_private
 *fill*         0x00000000000266ec        0x4 
 .text          0x00000000000266f0       0xb9 /root/piecewise/src/glibc-2.23/build-tree/amd64-libc/libc_pic.a(libc-cancellation.os)
                0x00000000000266f0                __libc_enable_asynccancel
                0x0000000000026750                __libc_disable_asynccancel
 .text          0x00000000000267a9        0x0 /root/piecewise/src/glibc-2.23/build-tree/amd64-libc/libc_pic.a(libc_multiple_threads.os)
 *fill*         0x00000000000267a9        0x7 
 .text          0x00000000000267b0      0x274 /root/piecewise/src/glibc-2.23/build-tree/amd64-libc/libc_pic.a(sigaction.os)
                0x00000000000267d0                __libc_sigaction
                0x00000000000267d0                __GI___libc_sigaction
                0x0000000000026a00                sigaction
                0x0000000000026a00                __GI___sigaction
                0x0000000000026a00                __sigaction
 *fill*         0x0000000000026a24        0xc 
 .text          0x0000000000026a30       0x21 /root/piecewise/src/glibc-2.23/build-tree/amd64-libc/libc_pic.a(setitimer.os)
                0x0000000000026a30                setitimer
                0x0000000000026a30                __setitimer
                0x0000000000026a30                __GI_setitimer
                0x0000000000026a30                __GI___setitimer
 *fill*         0x0000000000026a51        0xf 
 .text          0x0000000000026a60      0x5c6 /root/piecewise/src/glibc-2.23/build-tree/amd64-libc/libc_pic.a(forward.os)
                0x0000000000026a60                pthread_equal
                0x0000000000026a90                pthread_attr_destroy
                0x0000000000026ac0                pthread_attr_init@@GLIBC_2.2.5
                0x0000000000026ac0                __pthread_attr_init_2_1
                0x0000000000026af0                pthread_attr_getdetachstate
                0x0000000000026b20                pthread_attr_setdetachstate
                0x0000000000026b50                pthread_attr_getinheritsched
                0x0000000000026b80                pthread_attr_setinheritsched
                0x0000000000026bb0                pthread_attr_getschedparam
                0x0000000000026be0                pthread_attr_setschedparam
                0x0000000000026c10                pthread_attr_getschedpolicy
                0x0000000000026c40                pthread_attr_setschedpolicy
                0x0000000000026c70                pthread_attr_getscope
                0x0000000000026ca0                pthread_attr_setscope
                0x0000000000026cd0                pthread_condattr_destroy
                0x0000000000026d00                pthread_condattr_init
                0x0000000000026d30                pthread_cond_broadcast@@GLIBC_2.3.2
                0x0000000000026d30                __pthread_cond_broadcast
                0x0000000000026d60                pthread_cond_destroy@@GLIBC_2.3.2
                0x0000000000026d60                __pthread_cond_destroy
                0x0000000000026d90                pthread_cond_init@@GLIBC_2.3.2
                0x0000000000026d90                __pthread_cond_init
                0x0000000000026dc0                pthread_cond_signal@@GLIBC_2.3.2
                0x0000000000026dc0                __pthread_cond_signal
                0x0000000000026df0                pthread_cond_wait@@GLIBC_2.3.2
                0x0000000000026df0                __pthread_cond_wait
                0x0000000000026e20                pthread_cond_timedwait@@GLIBC_2.3.2
                0x0000000000026e20                __pthread_cond_timedwait
                0x0000000000026e50                pthread_exit
                0x0000000000026e50                __pthread_exit
                0x0000000000026e80                pthread_getschedparam
                0x0000000000026eb0                pthread_setschedparam
                0x0000000000026ee0                pthread_mutex_destroy
                0x0000000000026f10                pthread_mutex_init
                0x0000000000026f40                pthread_mutex_lock
                0x0000000000026f70                pthread_mutex_unlock
                0x0000000000026fa0                pthread_self
                0x0000000000026fd0                __pthread_setcancelstate
                0x0000000000026fd0                pthread_setcancelstate
                0x0000000000027000                pthread_setcanceltype
 *(.gnu.warning)

.text.unlikely  0x0000000000000000      0x2fd
 .text.unlikely
                0x0000000000000000      0x2fd /root/piecewise/src/glibc-2.23/build-tree/amd64-libc/elf/dl-allobjs.os
 .text.unlikely
                0x00000000000002fd        0x0 /root/piecewise/src/glibc-2.23/build-tree/amd64-libc/libc_pic.a(check_fds.os)
 .text.unlikely
                0x00000000000002fd        0x0 /root/piecewise/src/glibc-2.23/build-tree/amd64-libc/libc_pic.a(exit.os)
 .text.unlikely
                0x00000000000002fd        0x0 /root/piecewise/src/glibc-2.23/build-tree/amd64-libc/libc_pic.a(cxa_atexit.os)
 .text.unlikely
                0x00000000000002fd        0x0 /root/piecewise/src/glibc-2.23/build-tree/amd64-libc/libc_pic.a(cxa_thread_atexit_impl.os)
 .text.unlikely
                0x00000000000002fd        0x0 /root/piecewise/src/glibc-2.23/build-tree/amd64-libc/libc_pic.a(strdup.os)
 .text.unlikely
                0x00000000000002fd        0x0 /root/piecewise/src/glibc-2.23/build-tree/amd64-libc/libc_pic.a(memmove.os)
 .text.unlikely
                0x00000000000002fd        0x0 /root/piecewise/src/glibc-2.23/build-tree/amd64-libc/libc_pic.a(wordcopy.os)
 .text.unlikely
                0x00000000000002fd        0x0 /root/piecewise/src/glibc-2.23/build-tree/amd64-libc/libc_pic.a(cacheinfo.os)
 .text.unlikely
                0x00000000000002fd        0x0 /root/piecewise/src/glibc-2.23/build-tree/amd64-libc/libc_pic.a(closedir.os)
 .text.unlikely
                0x00000000000002fd        0x0 /root/piecewise/src/glibc-2.23/build-tree/amd64-libc/libc_pic.a(readdir.os)
 .text.unlikely
                0x00000000000002fd        0x0 /root/piecewise/src/glibc-2.23/build-tree/amd64-libc/libc_pic.a(rewinddir.os)
 .text.unlikely
                0x00000000000002fd        0x0 /root/piecewise/src/glibc-2.23/build-tree/amd64-libc/libc_pic.a(getdents.os)
 .text.unlikely
                0x00000000000002fd        0x0 /root/piecewise/src/glibc-2.23/build-tree/amd64-libc/libc_pic.a(fdopendir.os)
 .text.unlikely
                0x00000000000002fd        0x0 /root/piecewise/src/glibc-2.23/build-tree/amd64-libc/libc_pic.a(_exit.os)
 .text.unlikely
                0x00000000000002fd        0x0 /root/piecewise/src/glibc-2.23/build-tree/amd64-libc/libc_pic.a(getpid.os)
 .text.unlikely
                0x00000000000002fd        0x0 /root/piecewise/src/glibc-2.23/build-tree/amd64-libc/libc_pic.a(xstat.os)
 .text.unlikely
                0x00000000000002fd        0x0 /root/piecewise/src/glibc-2.23/build-tree/amd64-libc/libc_pic.a(fxstat.os)
 .text.unlikely
                0x00000000000002fd        0x0 /root/piecewise/src/glibc-2.23/build-tree/amd64-libc/libc_pic.a(lxstat.os)
 .text.unlikely
                0x00000000000002fd        0x0 /root/piecewise/src/glibc-2.23/build-tree/amd64-libc/libc_pic.a(fcntl.os)
 .text.unlikely
                0x00000000000002fd        0x0 /root/piecewise/src/glibc-2.23/build-tree/amd64-libc/libc_pic.a(mmap.os)
 .text.unlikely
                0x00000000000002fd        0x0 /root/piecewise/src/glibc-2.23/build-tree/amd64-libc/libc_pic.a(profil.os)
 .text.unlikely
                0x00000000000002fd        0x0 /root/piecewise/src/glibc-2.23/build-tree/amd64-libc/libc_pic.a(prof-freq.os)
 .text.unlikely
                0x00000000000002fd        0x0 /root/piecewise/src/glibc-2.23/build-tree/amd64-libc/libc_pic.a(sigaction.os)
 .text.unlikely
                0x00000000000002fd        0x0 /root/piecewise/src/glibc-2.23/build-tree/amd64-libc/libc_pic.a(forward.os)

.text.sse4.2    0x0000000000000000      0xda9
 .text.sse4.2   0x0000000000000000      0xda9 /root/piecewise/src/glibc-2.23/build-tree/amd64-libc/libc_pic.a(strcmp.os)
                0x0000000000000000                __strcmp_sse42

.text.ssse3     0x0000000000000000     0xff73
 .text.ssse3    0x0000000000000000     0x1259 /root/piecewise/src/glibc-2.23/build-tree/amd64-libc/libc_pic.a(strcmp-ssse3.os)
                0x0000000000000000                __GI___strcmp_ssse3
                0x0000000000000000                __strcmp_ssse3
 *fill*         0x0000000000001259        0x7 
 .text.ssse3    0x0000000000001260     0x29c6 /root/piecewise/src/glibc-2.23/build-tree/amd64-libc/libc_pic.a(memcpy-ssse3.os)
                0x0000000000001260                __memcpy_chk_ssse3
                0x0000000000001270                __memcpy_ssse3
 *fill*         0x0000000000003c26        0xa 
 .text.ssse3    0x0000000000003c30     0x29c6 /root/piecewise/src/glibc-2.23/build-tree/amd64-libc/libc_pic.a(mempcpy-ssse3.os)
                0x0000000000003c30                __mempcpy_chk_ssse3
                0x0000000000003c40                __mempcpy_ssse3
 *fill*         0x00000000000065f6        0xa 
 .text.ssse3    0x0000000000006600     0x2b77 /root/piecewise/src/glibc-2.23/build-tree/amd64-libc/libc_pic.a(memmove-ssse3.os)
                0x0000000000006600                __memmove_chk_ssse3
                0x0000000000006610                __memmove_ssse3
 *fill*         0x0000000000009177        0x9 
 .text.ssse3    0x0000000000009180     0x2ac6 /root/piecewise/src/glibc-2.23/build-tree/amd64-libc/libc_pic.a(mempcpy-ssse3-back.os)
                0x0000000000009180                __mempcpy_chk_ssse3_back
                0x0000000000009190                __mempcpy_ssse3_back
 *fill*         0x000000000000bc46        0xa 
 .text.ssse3    0x000000000000bc50     0x2b16 /root/piecewise/src/glibc-2.23/build-tree/amd64-libc/libc_pic.a(memmove-ssse3-back.os)
                0x000000000000bc50                __memmove_chk_ssse3_back
                0x000000000000bc60                __memmove_ssse3_back
 *fill*         0x000000000000e766        0xa 
 .text.ssse3    0x000000000000e770     0x1803 /root/piecewise/src/glibc-2.23/build-tree/amd64-libc/libc_pic.a(stpcpy-ssse3.os)
                0x000000000000e770                __stpcpy_ssse3

.text.sse4.1    0x0000000000000000     0x163e
 .text.sse4.1   0x0000000000000000     0x163e /root/piecewise/src/glibc-2.23/build-tree/amd64-libc/libc_pic.a(memcmp-sse4.os)
                0x0000000000000000                __memcmp_sse4_1

.text.avx       0x0000000000000000      0xc26
 .text.avx      0x0000000000000000      0x4eb /root/piecewise/src/glibc-2.23/build-tree/amd64-libc/libc_pic.a(memmove-avx-unaligned.os)
                0x0000000000000000                __memmove_chk_avx_unaligned
                0x0000000000000010                __memmove_avx_unaligned
 *fill*         0x00000000000004eb        0x5 
 .text.avx      0x00000000000004f0      0x396 /root/piecewise/src/glibc-2.23/build-tree/amd64-libc/libc_pic.a(memcpy-avx-unaligned.os)
                0x00000000000004f0                __memcpy_chk_avx_unaligned
                0x0000000000000500                __memcpy_avx_unaligned
 *fill*         0x0000000000000886        0xa 
 .text.avx      0x0000000000000890      0x396 /root/piecewise/src/glibc-2.23/build-tree/amd64-libc/libc_pic.a(mempcpy-avx-unaligned.os)
                0x0000000000000890                __mempcpy_chk_avx_unaligned
                0x00000000000008a0                __mempcpy_avx_unaligned

.text.atom      0x0000000000000000     0x1a83
 .text.atom     0x0000000000000000      0x315 /root/piecewise/src/glibc-2.23/build-tree/amd64-libc/libc_pic.a(strchr-sse2-no-bsf.os)
                0x0000000000000000                __strchr_sse2_no_bsf
 *fill*         0x0000000000000315        0xb 
 .text.atom     0x0000000000000320     0x1763 /root/piecewise/src/glibc-2.23/build-tree/amd64-libc/libc_pic.a(memcmp-ssse3.os)
                0x0000000000000320                __memcmp_ssse3

.text.avx2      0x0000000000000000      0x1a4
 .text.avx2     0x0000000000000000      0x1a4 /root/piecewise/src/glibc-2.23/build-tree/amd64-libc/libc_pic.a(memset-avx2.os)
                0x0000000000000000                __memset_chk_avx2
                0x0000000000000010                __memset_avx2

.text.startup   0x0000000000000000      0x2a0
 .text.startup  0x0000000000000000      0x2a0 /root/piecewise/src/glibc-2.23/build-tree/amd64-libc/libc_pic.a(cacheinfo.os)

.text.compat    0x0000000000000000      0x160
 .text.compat   0x0000000000000000      0x160 /root/piecewise/src/glibc-2.23/build-tree/amd64-libc/libc_pic.a(forward.os)
                0x0000000000000000                pthread_cond_broadcast@GLIBC_2.2.5
                0x0000000000000000                __pthread_cond_broadcast_2_0
                0x0000000000000030                __pthread_cond_destroy_2_0
                0x0000000000000030                pthread_cond_destroy@GLIBC_2.2.5
                0x0000000000000060                __pthread_cond_init_2_0
                0x0000000000000060                pthread_cond_init@GLIBC_2.2.5
                0x0000000000000090                __pthread_cond_signal_2_0
                0x0000000000000090                pthread_cond_signal@GLIBC_2.2.5
                0x00000000000000c0                pthread_cond_wait@GLIBC_2.2.5
                0x00000000000000c0                __pthread_cond_wait_2_0
                0x00000000000000f0                pthread_cond_timedwait@GLIBC_2.2.5
                0x00000000000000f0                __pthread_cond_timedwait_2_0
                0x0000000000000120                __pthread_unwind

.fini
 *(SORT_NONE(.fini))

.rodata         0x0000000000000000     0x12a0
 *(.rodata)
 .rodata        0x0000000000000000      0xe70 /root/piecewise/src/glibc-2.23/build-tree/amd64-libc/elf/dl-allobjs.os
                0x0000000000000e60                __GI__itoa_lower_digits
                0x0000000000000e60                _itoa_lower_digits
 .rodata        0x0000000000000e70       0x40 /root/piecewise/src/glibc-2.23/build-tree/amd64-libc/libc_pic.a(strcmp.os)
 .rodata        0x0000000000000eb0       0x40 /root/piecewise/src/glibc-2.23/build-tree/amd64-libc/libc_pic.a(wordcopy.os)
 .rodata        0x0000000000000ef0       0x40 /root/piecewise/src/glibc-2.23/build-tree/amd64-libc/libc_pic.a(strcmp-ssse3.os)
 .rodata        0x0000000000000f30       0x80 /root/piecewise/src/glibc-2.23/build-tree/amd64-libc/libc_pic.a(stpcpy-sse2-unaligned.os)
 *fill*         0x0000000000000fb0       0x10 
 .rodata        0x0000000000000fc0      0x2e0 /root/piecewise/src/glibc-2.23/build-tree/amd64-libc/libc_pic.a(cacheinfo.os)

.rodata.str1.1  0x0000000000000000     0x10da
 .rodata.str1.1
                0x0000000000000000     0x1073 /root/piecewise/src/glibc-2.23/build-tree/amd64-libc/elf/dl-allobjs.os
 .rodata.str1.1
                0x0000000000001073       0x14 /root/piecewise/src/glibc-2.23/build-tree/amd64-libc/libc_pic.a(check_fds.os)
 .rodata.str1.1
                0x0000000000001087       0x17 /root/piecewise/src/glibc-2.23/build-tree/amd64-libc/libc_pic.a(cxa_atexit.os)
 .rodata.str1.1
                0x000000000000109e       0x3c /root/piecewise/src/glibc-2.23/build-tree/amd64-libc/libc_pic.a(cacheinfo.os)

.rodata.str1.8  0x0000000000000000     0x23f3
 .rodata.str1.8
                0x0000000000000000     0x23d1 /root/piecewise/src/glibc-2.23/build-tree/amd64-libc/elf/dl-allobjs.os
 *fill*         0x00000000000023d1        0x7 
 .rodata.str1.8
                0x00000000000023d8        0xd /root/piecewise/src/glibc-2.23/build-tree/amd64-libc/libc_pic.a(cxa_atexit.os)
 *fill*         0x00000000000023e5        0x3 
 .rodata.str1.8
                0x00000000000023e8        0xb /root/piecewise/src/glibc-2.23/build-tree/amd64-libc/libc_pic.a(cacheinfo.os)

.stapsdt.base   0x0000000000000000        0x1
 .stapsdt.base  0x0000000000000000        0x1 /root/piecewise/src/glibc-2.23/build-tree/amd64-libc/elf/dl-allobjs.os
                0x0000000000000000                _.stapsdt.base

.rodata.str1.16
                0x0000000000000000      0x391
 .rodata.str1.16
                0x0000000000000000      0x373 /root/piecewise/src/glibc-2.23/build-tree/amd64-libc/elf/dl-allobjs.os
 *fill*         0x0000000000000373        0xd 
 .rodata.str1.16
                0x0000000000000380       0x11 /root/piecewise/src/glibc-2.23/build-tree/amd64-libc/libc_pic.a(cacheinfo.os)

.rodata.cst16   0x0000000000000000       0x20
 .rodata.cst16  0x0000000000000000       0x20 /root/piecewise/src/glibc-2.23/build-tree/amd64-libc/elf/dl-allobjs.os

.rodata.cst4    0x0000000000000000        0x4
 .rodata.cst4   0x0000000000000000        0x4 /root/piecewise/src/glibc-2.23/build-tree/amd64-libc/elf/dl-allobjs.os

.rodata.str1.32
                0x0000000000000000       0x3b
 .rodata.str1.32
                0x0000000000000000       0x3b /root/piecewise/src/glibc-2.23/build-tree/amd64-libc/elf/dl-allobjs.os

.rodata.sse4.2  0x0000000000000000       0x40
 .rodata.sse4.2
                0x0000000000000000       0x40 /root/piecewise/src/glibc-2.23/build-tree/amd64-libc/libc_pic.a(strcmp.os)

.rodata.sse4.1  0x0000000000000000      0x140
 .rodata.sse4.1
                0x0000000000000000      0x140 /root/piecewise/src/glibc-2.23/build-tree/amd64-libc/libc_pic.a(memcmp-sse4.os)

.rodata.ssse3   0x0000000000000000      0xf40
 .rodata.ssse3  0x0000000000000000      0x1c0 /root/piecewise/src/glibc-2.23/build-tree/amd64-libc/libc_pic.a(memcpy-ssse3.os)
 .rodata.ssse3  0x00000000000001c0      0x1c0 /root/piecewise/src/glibc-2.23/build-tree/amd64-libc/libc_pic.a(mempcpy-ssse3.os)
 .rodata.ssse3  0x0000000000000380      0x1c0 /root/piecewise/src/glibc-2.23/build-tree/amd64-libc/libc_pic.a(memmove-ssse3.os)
 .rodata.ssse3  0x0000000000000540      0x500 /root/piecewise/src/glibc-2.23/build-tree/amd64-libc/libc_pic.a(mempcpy-ssse3-back.os)
 .rodata.ssse3  0x0000000000000a40      0x500 /root/piecewise/src/glibc-2.23/build-tree/amd64-libc/libc_pic.a(memmove-ssse3-back.os)

.rodata1
 *(.rodata1)

.eh_frame_hdr
 *(.eh_frame_hdr)

.eh_frame       0x0000000000000000     0x3a38
 *(.eh_frame)
 .eh_frame      0x0000000000000000     0x2238 /root/piecewise/src/glibc-2.23/build-tree/amd64-libc/elf/dl-allobjs.os
                                       0x2274 (size before relaxing)
 *fill*         0x0000000000002238        0x0 
 .eh_frame      0x0000000000002238       0x38 /root/piecewise/src/glibc-2.23/build-tree/amd64-libc/libc_pic.a(check_fds.os)
 .eh_frame      0x0000000000002270       0x30 /root/piecewise/src/glibc-2.23/build-tree/amd64-libc/libc_pic.a(setjmp.os)
 .eh_frame      0x00000000000022a0       0x48 /root/piecewise/src/glibc-2.23/build-tree/amd64-libc/libc_pic.a(__longjmp.os)
 .eh_frame      0x00000000000022e8       0x50 /root/piecewise/src/glibc-2.23/build-tree/amd64-libc/libc_pic.a(exit.os)
 .eh_frame      0x0000000000002338       0xb0 /root/piecewise/src/glibc-2.23/build-tree/amd64-libc/libc_pic.a(cxa_atexit.os)
 .eh_frame      0x00000000000023e8       0x80 /root/piecewise/src/glibc-2.23/build-tree/amd64-libc/libc_pic.a(cxa_thread_atexit_impl.os)
 .eh_frame      0x0000000000002468       0x40 /root/piecewise/src/glibc-2.23/build-tree/amd64-libc/libc_pic.a(strchr.os)
 .eh_frame      0x00000000000024a8       0x58 /root/piecewise/src/glibc-2.23/build-tree/amd64-libc/libc_pic.a(strcmp.os)
 .eh_frame      0x0000000000002500       0x50 /root/piecewise/src/glibc-2.23/build-tree/amd64-libc/libc_pic.a(strdup.os)
 .eh_frame      0x0000000000002550       0x30 /root/piecewise/src/glibc-2.23/build-tree/amd64-libc/libc_pic.a(strlen.os)
 .eh_frame      0x0000000000002580       0x30 /root/piecewise/src/glibc-2.23/build-tree/amd64-libc/libc_pic.a(strnlen.os)
 .eh_frame      0x00000000000025b0       0x30 /root/piecewise/src/glibc-2.23/build-tree/amd64-libc/libc_pic.a(memchr.os)
 .eh_frame      0x00000000000025e0       0x40 /root/piecewise/src/glibc-2.23/build-tree/amd64-libc/libc_pic.a(memcmp.os)
 .eh_frame      0x0000000000002620       0x80 /root/piecewise/src/glibc-2.23/build-tree/amd64-libc/libc_pic.a(memmove.os)
 .eh_frame      0x00000000000026a0       0x80 /root/piecewise/src/glibc-2.23/build-tree/amd64-libc/libc_pic.a(memset.os)
 .eh_frame      0x0000000000002720       0x80 /root/piecewise/src/glibc-2.23/build-tree/amd64-libc/libc_pic.a(mempcpy.os)
 .eh_frame      0x00000000000027a0       0x40 /root/piecewise/src/glibc-2.23/build-tree/amd64-libc/libc_pic.a(stpcpy.os)
 .eh_frame      0x00000000000027e0       0x80 /root/piecewise/src/glibc-2.23/build-tree/amd64-libc/libc_pic.a(memcpy.os)
 .eh_frame      0x0000000000002860       0x90 /root/piecewise/src/glibc-2.23/build-tree/amd64-libc/libc_pic.a(wordcopy.os)
 .eh_frame      0x00000000000028f0       0x30 /root/piecewise/src/glibc-2.23/build-tree/amd64-libc/libc_pic.a(rawmemchr.os)
 .eh_frame      0x0000000000002920       0x30 /root/piecewise/src/glibc-2.23/build-tree/amd64-libc/libc_pic.a(strcmp-ssse3.os)
 .eh_frame      0x0000000000002950       0x30 /root/piecewise/src/glibc-2.23/build-tree/amd64-libc/libc_pic.a(strcmp-sse2-unaligned.os)
 .eh_frame      0x0000000000002980       0x30 /root/piecewise/src/glibc-2.23/build-tree/amd64-libc/libc_pic.a(memcmp-sse4.os)
 .eh_frame      0x00000000000029b0       0x40 /root/piecewise/src/glibc-2.23/build-tree/amd64-libc/libc_pic.a(memcpy-ssse3.os)
 .eh_frame      0x00000000000029f0       0x30 /root/piecewise/src/glibc-2.23/build-tree/amd64-libc/libc_pic.a(memcpy-sse2-unaligned.os)
 .eh_frame      0x0000000000002a20       0x40 /root/piecewise/src/glibc-2.23/build-tree/amd64-libc/libc_pic.a(memcpy-avx512-no-vzeroupper.os)
 .eh_frame      0x0000000000002a60       0x40 /root/piecewise/src/glibc-2.23/build-tree/amd64-libc/libc_pic.a(mempcpy-ssse3.os)
 .eh_frame      0x0000000000002aa0       0x40 /root/piecewise/src/glibc-2.23/build-tree/amd64-libc/libc_pic.a(memmove-ssse3.os)
 .eh_frame      0x0000000000002ae0       0x40 /root/piecewise/src/glibc-2.23/build-tree/amd64-libc/libc_pic.a(mempcpy-ssse3-back.os)
 .eh_frame      0x0000000000002b20       0x40 /root/piecewise/src/glibc-2.23/build-tree/amd64-libc/libc_pic.a(memmove-avx-unaligned.os)
 .eh_frame      0x0000000000002b60       0x40 /root/piecewise/src/glibc-2.23/build-tree/amd64-libc/libc_pic.a(memcpy-avx-unaligned.os)
 .eh_frame      0x0000000000002ba0       0x40 /root/piecewise/src/glibc-2.23/build-tree/amd64-libc/libc_pic.a(mempcpy-avx-unaligned.os)
 .eh_frame      0x0000000000002be0       0x40 /root/piecewise/src/glibc-2.23/build-tree/amd64-libc/libc_pic.a(mempcpy-avx512-no-vzeroupper.os)
 .eh_frame      0x0000000000002c20       0x40 /root/piecewise/src/glibc-2.23/build-tree/amd64-libc/libc_pic.a(memmove-ssse3-back.os)
 .eh_frame      0x0000000000002c60       0x40 /root/piecewise/src/glibc-2.23/build-tree/amd64-libc/libc_pic.a(memmove-avx512-no-vzeroupper.os)
 .eh_frame      0x0000000000002ca0       0x30 /root/piecewise/src/glibc-2.23/build-tree/amd64-libc/libc_pic.a(stpcpy-ssse3.os)
 .eh_frame      0x0000000000002cd0       0x30 /root/piecewise/src/glibc-2.23/build-tree/amd64-libc/libc_pic.a(stpcpy-sse2-unaligned.os)
 .eh_frame      0x0000000000002d00       0x30 /root/piecewise/src/glibc-2.23/build-tree/amd64-libc/libc_pic.a(strchr-sse2-no-bsf.os)
 .eh_frame      0x0000000000002d30       0x30 /root/piecewise/src/glibc-2.23/build-tree/amd64-libc/libc_pic.a(memcmp-ssse3.os)
 .eh_frame      0x0000000000002d60       0x40 /root/piecewise/src/glibc-2.23/build-tree/amd64-libc/libc_pic.a(memset-avx2.os)
 .eh_frame      0x0000000000002da0       0x40 /root/piecewise/src/glibc-2.23/build-tree/amd64-libc/libc_pic.a(memset-avx512-no-vzeroupper.os)
 .eh_frame      0x0000000000002de0      0x1f0 /root/piecewise/src/glibc-2.23/build-tree/amd64-libc/libc_pic.a(cacheinfo.os)
 .eh_frame      0x0000000000002fd0       0x40 /root/piecewise/src/glibc-2.23/build-tree/amd64-libc/libc_pic.a(closedir.os)
 .eh_frame      0x0000000000003010       0x68 /root/piecewise/src/glibc-2.23/build-tree/amd64-libc/libc_pic.a(readdir.os)
 .eh_frame      0x0000000000003078       0x40 /root/piecewise/src/glibc-2.23/build-tree/amd64-libc/libc_pic.a(rewinddir.os)
 .eh_frame      0x00000000000030b8       0x68 /root/piecewise/src/glibc-2.23/build-tree/amd64-libc/libc_pic.a(getdents.os)
 .eh_frame      0x0000000000003120       0x50 /root/piecewise/src/glibc-2.23/build-tree/amd64-libc/libc_pic.a(fdopendir.os)
 .eh_frame      0x0000000000003170       0x30 /root/piecewise/src/glibc-2.23/build-tree/amd64-libc/libc_pic.a(uname.os)
 .eh_frame      0x00000000000031a0       0x30 /root/piecewise/src/glibc-2.23/build-tree/amd64-libc/libc_pic.a(_exit.os)
 .eh_frame      0x00000000000031d0       0x30 /root/piecewise/src/glibc-2.23/build-tree/amd64-libc/libc_pic.a(getpid.os)
 .eh_frame      0x0000000000003200       0x30 /root/piecewise/src/glibc-2.23/build-tree/amd64-libc/libc_pic.a(xstat.os)
 .eh_frame      0x0000000000003230       0x30 /root/piecewise/src/glibc-2.23/build-tree/amd64-libc/libc_pic.a(fxstat.os)
 .eh_frame      0x0000000000003260       0x30 /root/piecewise/src/glibc-2.23/build-tree/amd64-libc/libc_pic.a(lxstat.os)
 .eh_frame      0x0000000000003290       0x30 /root/piecewise/src/glibc-2.23/build-tree/amd64-libc/libc_pic.a(open.os)
 .eh_frame      0x00000000000032c0       0x30 /root/piecewise/src/glibc-2.23/build-tree/amd64-libc/libc_pic.a(read.os)
 .eh_frame      0x00000000000032f0       0x30 /root/piecewise/src/glibc-2.23/build-tree/amd64-libc/libc_pic.a(write.os)
 .eh_frame      0x0000000000003320       0x30 /root/piecewise/src/glibc-2.23/build-tree/amd64-libc/libc_pic.a(access.os)
 .eh_frame      0x0000000000003350       0x58 /root/piecewise/src/glibc-2.23/build-tree/amd64-libc/libc_pic.a(fcntl.os)
 .eh_frame      0x00000000000033a8       0x30 /root/piecewise/src/glibc-2.23/build-tree/amd64-libc/libc_pic.a(close.os)
 .eh_frame      0x00000000000033d8       0x60 /root/piecewise/src/glibc-2.23/build-tree/amd64-libc/libc_pic.a(mmap.os)
 .eh_frame      0x0000000000003438       0x30 /root/piecewise/src/glibc-2.23/build-tree/amd64-libc/libc_pic.a(munmap.os)
 .eh_frame      0x0000000000003468       0x30 /root/piecewise/src/glibc-2.23/build-tree/amd64-libc/libc_pic.a(mprotect.os)
 .eh_frame      0x0000000000003498       0x30 /root/piecewise/src/glibc-2.23/build-tree/amd64-libc/libc_pic.a(llseek.os)
 .eh_frame      0x00000000000034c8       0x80 /root/piecewise/src/glibc-2.23/build-tree/amd64-libc/libc_pic.a(profil.os)
 .eh_frame      0x0000000000003548       0x30 /root/piecewise/src/glibc-2.23/build-tree/amd64-libc/libc_pic.a(prof-freq.os)
 .eh_frame      0x0000000000003578       0x60 /root/piecewise/src/glibc-2.23/build-tree/amd64-libc/libc_pic.a(libc-lowlevellock.os)
 .eh_frame      0x00000000000035d8       0x40 /root/piecewise/src/glibc-2.23/build-tree/amd64-libc/libc_pic.a(libc-cancellation.os)
 .eh_frame      0x0000000000003618       0xe0 /root/piecewise/src/glibc-2.23/build-tree/amd64-libc/libc_pic.a(sigaction.os)
                                         0xe8 (size before relaxing)
 .eh_frame      0x00000000000036f8       0x30 /root/piecewise/src/glibc-2.23/build-tree/amd64-libc/libc_pic.a(setitimer.os)
 .eh_frame      0x0000000000003728      0x310 /root/piecewise/src/glibc-2.23/build-tree/amd64-libc/libc_pic.a(forward.os)

.gcc_except_table
 *(.gcc_except_table)

.gnu_extab
 *(.gnu_extab*)

.exception_ranges
 *(.exception_ranges)

.eh_frame
 *(.eh_frame)

.gnu_extab
 *(.gnu_extab)

.gcc_except_table
 *(.gcc_except_table)

.exception_ranges
 *(.exception_ranges)

.tdata
 *(.tdata)

.tbss           0x0000000000000000       0x18
 *(.tbss)
 .tbss          0x0000000000000000        0x4 /root/piecewise/src/glibc-2.23/build-tree/amd64-libc/libc_pic.a(errno.os)
                0x0000000000000000                errno
                0x0000000000000000                __libc_errno
 *fill*         0x0000000000000004        0x4 
 .tbss          0x0000000000000008       0x10 /root/piecewise/src/glibc-2.23/build-tree/amd64-libc/libc_pic.a(cxa_thread_atexit_impl.os)

.jcr
 *(.jcr)

.dynamic
 *(.dynamic)

.got
 *(.got)

.got.plt
 *(.got.plt)

.data           0x0000000000000000     0x1028
 *(.data)
 .data          0x0000000000000000      0xfe8 /root/piecewise/src/glibc-2.23/build-tree/amd64-libc/elf/dl-allobjs.os
                0x0000000000000000                _rtld_global
                0x0000000000000000                _rtld_local
 .data          0x0000000000000fe8        0x0 /root/piecewise/src/glibc-2.23/build-tree/amd64-libc/libc_pic.a(check_fds.os)
 .data          0x0000000000000fe8        0x0 /root/piecewise/src/glibc-2.23/build-tree/amd64-libc/libc_pic.a(errno.os)
 .data          0x0000000000000fe8        0x0 /root/piecewise/src/glibc-2.23/build-tree/amd64-libc/libc_pic.a(setjmp.os)
 .data          0x0000000000000fe8        0x0 /root/piecewise/src/glibc-2.23/build-tree/amd64-libc/libc_pic.a(__longjmp.os)
 .data          0x0000000000000fe8        0x0 /root/piecewise/src/glibc-2.23/build-tree/amd64-libc/libc_pic.a(exit.os)
 .data          0x0000000000000fe8        0x0 /root/piecewise/src/glibc-2.23/build-tree/amd64-libc/libc_pic.a(cxa_atexit.os)
 .data          0x0000000000000fe8        0x0 /root/piecewise/src/glibc-2.23/build-tree/amd64-libc/libc_pic.a(cxa_thread_atexit_impl.os)
 .data          0x0000000000000fe8        0x0 /root/piecewise/src/glibc-2.23/build-tree/amd64-libc/libc_pic.a(strchr.os)
 .data          0x0000000000000fe8        0x0 /root/piecewise/src/glibc-2.23/build-tree/amd64-libc/libc_pic.a(strcmp.os)
 .data          0x0000000000000fe8        0x0 /root/piecewise/src/glibc-2.23/build-tree/amd64-libc/libc_pic.a(strdup.os)
 .data          0x0000000000000fe8        0x0 /root/piecewise/src/glibc-2.23/build-tree/amd64-libc/libc_pic.a(strlen.os)
 .data          0x0000000000000fe8        0x0 /root/piecewise/src/glibc-2.23/build-tree/amd64-libc/libc_pic.a(strnlen.os)
 .data          0x0000000000000fe8        0x0 /root/piecewise/src/glibc-2.23/build-tree/amd64-libc/libc_pic.a(memchr.os)
 .data          0x0000000000000fe8        0x0 /root/piecewise/src/glibc-2.23/build-tree/amd64-libc/libc_pic.a(memcmp.os)
 .data          0x0000000000000fe8        0x0 /root/piecewise/src/glibc-2.23/build-tree/amd64-libc/libc_pic.a(memmove.os)
 .data          0x0000000000000fe8        0x0 /root/piecewise/src/glibc-2.23/build-tree/amd64-libc/libc_pic.a(memset.os)
 .data          0x0000000000000fe8        0x0 /root/piecewise/src/glibc-2.23/build-tree/amd64-libc/libc_pic.a(mempcpy.os)
 .data          0x0000000000000fe8        0x0 /root/piecewise/src/glibc-2.23/build-tree/amd64-libc/libc_pic.a(stpcpy.os)
 .data          0x0000000000000fe8        0x0 /root/piecewise/src/glibc-2.23/build-tree/amd64-libc/libc_pic.a(memcpy.os)
 .data          0x0000000000000fe8        0x0 /root/piecewise/src/glibc-2.23/build-tree/amd64-libc/libc_pic.a(wordcopy.os)
 .data          0x0000000000000fe8        0x0 /root/piecewise/src/glibc-2.23/build-tree/amd64-libc/libc_pic.a(rawmemchr.os)
 .data          0x0000000000000fe8        0x0 /root/piecewise/src/glibc-2.23/build-tree/amd64-libc/libc_pic.a(strcmp-ssse3.os)
 .data          0x0000000000000fe8        0x0 /root/piecewise/src/glibc-2.23/build-tree/amd64-libc/libc_pic.a(strcmp-sse2-unaligned.os)
 .data          0x0000000000000fe8        0x0 /root/piecewise/src/glibc-2.23/build-tree/amd64-libc/libc_pic.a(memcmp-sse4.os)
 .data          0x0000000000000fe8        0x0 /root/piecewise/src/glibc-2.23/build-tree/amd64-libc/libc_pic.a(memcpy-ssse3.os)
 .data          0x0000000000000fe8        0x0 /root/piecewise/src/glibc-2.23/build-tree/amd64-libc/libc_pic.a(memcpy-sse2-unaligned.os)
 .data          0x0000000000000fe8        0x0 /root/piecewise/src/glibc-2.23/build-tree/amd64-libc/libc_pic.a(memcpy-avx512-no-vzeroupper.os)
 .data          0x0000000000000fe8        0x0 /root/piecewise/src/glibc-2.23/build-tree/amd64-libc/libc_pic.a(mempcpy-ssse3.os)
 .data          0x0000000000000fe8        0x0 /root/piecewise/src/glibc-2.23/build-tree/amd64-libc/libc_pic.a(memmove-ssse3.os)
 .data          0x0000000000000fe8        0x0 /root/piecewise/src/glibc-2.23/build-tree/amd64-libc/libc_pic.a(mempcpy-ssse3-back.os)
 .data          0x0000000000000fe8        0x0 /root/piecewise/src/glibc-2.23/build-tree/amd64-libc/libc_pic.a(memmove-avx-unaligned.os)
 .data          0x0000000000000fe8        0x0 /root/piecewise/src/glibc-2.23/build-tree/amd64-libc/libc_pic.a(memcpy-avx-unaligned.os)
 .data          0x0000000000000fe8        0x0 /root/piecewise/src/glibc-2.23/build-tree/amd64-libc/libc_pic.a(mempcpy-avx-unaligned.os)
 .data          0x0000000000000fe8        0x0 /root/piecewise/src/glibc-2.23/build-tree/amd64-libc/libc_pic.a(mempcpy-avx512-no-vzeroupper.os)
 .data          0x0000000000000fe8        0x0 /root/piecewise/src/glibc-2.23/build-tree/amd64-libc/libc_pic.a(memmove-ssse3-back.os)
 .data          0x0000000000000fe8        0x0 /root/piecewise/src/glibc-2.23/build-tree/amd64-libc/libc_pic.a(memmove-avx512-no-vzeroupper.os)
 .data          0x0000000000000fe8        0x0 /root/piecewise/src/glibc-2.23/build-tree/amd64-libc/libc_pic.a(stpcpy-ssse3.os)
 .data          0x0000000000000fe8        0x0 /root/piecewise/src/glibc-2.23/build-tree/amd64-libc/libc_pic.a(stpcpy-sse2-unaligned.os)
 .data          0x0000000000000fe8        0x0 /root/piecewise/src/glibc-2.23/build-tree/amd64-libc/libc_pic.a(strchr-sse2-no-bsf.os)
 .data          0x0000000000000fe8        0x0 /root/piecewise/src/glibc-2.23/build-tree/amd64-libc/libc_pic.a(memcmp-ssse3.os)
 .data          0x0000000000000fe8        0x0 /root/piecewise/src/glibc-2.23/build-tree/amd64-libc/libc_pic.a(memset-avx2.os)
 .data          0x0000000000000fe8        0x0 /root/piecewise/src/glibc-2.23/build-tree/amd64-libc/libc_pic.a(memset-avx512-no-vzeroupper.os)
 .data          0x0000000000000fe8       0x40 /root/piecewise/src/glibc-2.23/build-tree/amd64-libc/libc_pic.a(cacheinfo.os)
                0x0000000000000fe8                __x86_raw_shared_cache_size
                0x0000000000000ff0                __x86_raw_shared_cache_size_half
                0x0000000000000ff8                __x86_shared_cache_size
                0x0000000000001000                __x86_shared_cache_size_half
                0x0000000000001008                __x86_raw_data_cache_size
                0x0000000000001010                __x86_raw_data_cache_size_half
                0x0000000000001018                __x86_data_cache_size
                0x0000000000001020                __x86_data_cache_size_half
 .data          0x0000000000001028        0x0 /root/piecewise/src/glibc-2.23/build-tree/amd64-libc/libc_pic.a(closedir.os)
 .data          0x0000000000001028        0x0 /root/piecewise/src/glibc-2.23/build-tree/amd64-libc/libc_pic.a(readdir.os)
 .data          0x0000000000001028        0x0 /root/piecewise/src/glibc-2.23/build-tree/amd64-libc/libc_pic.a(rewinddir.os)
 .data          0x0000000000001028        0x0 /root/piecewise/src/glibc-2.23/build-tree/amd64-libc/libc_pic.a(getdents.os)
 .data          0x0000000000001028        0x0 /root/piecewise/src/glibc-2.23/build-tree/amd64-libc/libc_pic.a(fdopendir.os)
 .data          0x0000000000001028        0x0 /root/piecewise/src/glibc-2.23/build-tree/amd64-libc/libc_pic.a(uname.os)
 .data          0x0000000000001028        0x0 /root/piecewise/src/glibc-2.23/build-tree/amd64-libc/libc_pic.a(_exit.os)
 .data          0x0000000000001028        0x0 /root/piecewise/src/glibc-2.23/build-tree/amd64-libc/libc_pic.a(getpid.os)
 .data          0x0000000000001028        0x0 /root/piecewise/src/glibc-2.23/build-tree/amd64-libc/libc_pic.a(environ.os)
 .data          0x0000000000001028        0x0 /root/piecewise/src/glibc-2.23/build-tree/amd64-libc/libc_pic.a(xstat.os)
 .data          0x0000000000001028        0x0 /root/piecewise/src/glibc-2.23/build-tree/amd64-libc/libc_pic.a(fxstat.os)
 .data          0x0000000000001028        0x0 /root/piecewise/src/glibc-2.23/build-tree/amd64-libc/libc_pic.a(lxstat.os)
 .data          0x0000000000001028        0x0 /root/piecewise/src/glibc-2.23/build-tree/amd64-libc/libc_pic.a(open.os)
 .data          0x0000000000001028        0x0 /root/piecewise/src/glibc-2.23/build-tree/amd64-libc/libc_pic.a(read.os)
 .data          0x0000000000001028        0x0 /root/piecewise/src/glibc-2.23/build-tree/amd64-libc/libc_pic.a(write.os)
 .data          0x0000000000001028        0x0 /root/piecewise/src/glibc-2.23/build-tree/amd64-libc/libc_pic.a(access.os)
 .data          0x0000000000001028        0x0 /root/piecewise/src/glibc-2.23/build-tree/amd64-libc/libc_pic.a(fcntl.os)
 .data          0x0000000000001028        0x0 /root/piecewise/src/glibc-2.23/build-tree/amd64-libc/libc_pic.a(close.os)
 .data          0x0000000000001028        0x0 /root/piecewise/src/glibc-2.23/build-tree/amd64-libc/libc_pic.a(mmap.os)
 .data          0x0000000000001028        0x0 /root/piecewise/src/glibc-2.23/build-tree/amd64-libc/libc_pic.a(munmap.os)
 .data          0x0000000000001028        0x0 /root/piecewise/src/glibc-2.23/build-tree/amd64-libc/libc_pic.a(mprotect.os)
 .data          0x0000000000001028        0x0 /root/piecewise/src/glibc-2.23/build-tree/amd64-libc/libc_pic.a(llseek.os)
 .data          0x0000000000001028        0x0 /root/piecewise/src/glibc-2.23/build-tree/amd64-libc/libc_pic.a(profil.os)
 .data          0x0000000000001028        0x0 /root/piecewise/src/glibc-2.23/build-tree/amd64-libc/libc_pic.a(prof-freq.os)
 .data          0x0000000000001028        0x0 /root/piecewise/src/glibc-2.23/build-tree/amd64-libc/libc_pic.a(libc-lowlevellock.os)
 .data          0x0000000000001028        0x0 /root/piecewise/src/glibc-2.23/build-tree/amd64-libc/libc_pic.a(libc-cancellation.os)
 .data          0x0000000000001028        0x0 /root/piecewise/src/glibc-2.23/build-tree/amd64-libc/libc_pic.a(libc_multiple_threads.os)
 .data          0x0000000000001028        0x0 /root/piecewise/src/glibc-2.23/build-tree/amd64-libc/libc_pic.a(sigaction.os)
 .data          0x0000000000001028        0x0 /root/piecewise/src/glibc-2.23/build-tree/amd64-libc/libc_pic.a(setitimer.os)
 .data          0x0000000000001028        0x0 /root/piecewise/src/glibc-2.23/build-tree/amd64-libc/libc_pic.a(forward.os)

.data.rel.ro    0x0000000000000000      0x2bc
 .data.rel.ro   0x0000000000000000      0x2bc /root/piecewise/src/glibc-2.23/build-tree/amd64-libc/elf/dl-allobjs.os
                0x00000000000000b0                __pointer_chk_guard_local
                0x00000000000000b8                _dl_skip_args
                0x00000000000000c0                __GI__dl_argv
                0x00000000000000c0                _dl_argv
                0x00000000000000c8                _dl_argc
                0x00000000000000e0                _rtld_global_ro
                0x00000000000000e0                _rtld_local_ro
                0x00000000000002a0                __stack_prot
                0x00000000000002a8                _dl_random
                0x00000000000002b0                __libc_stack_end
                0x00000000000002b0                __GI___libc_stack_end
                0x00000000000002b8                __GI___libc_enable_secure
                0x00000000000002b8                __libc_enable_secure

.data.rel.local
                0x0000000000000000        0x8
 .data.rel.local
                0x0000000000000000        0x8 /root/piecewise/src/glibc-2.23/build-tree/amd64-libc/libc_pic.a(cxa_atexit.os)
                0x0000000000000000                __exit_funcs

.init_array     0x0000000000000000        0x8
 .init_array    0x0000000000000000        0x8 /root/piecewise/src/glibc-2.23/build-tree/amd64-libc/libc_pic.a(cacheinfo.os)

.data1
 *(.data1)

.bss            0x0000000000000000      0x620
 *(.bss)
 .bss           0x0000000000000000      0x120 /root/piecewise/src/glibc-2.23/build-tree/amd64-libc/elf/dl-allobjs.os
                0x00000000000000f8                __libc_multiple_libcs
                0x0000000000000118                __curbrk
 .bss           0x0000000000000120        0x0 /root/piecewise/src/glibc-2.23/build-tree/amd64-libc/libc_pic.a(check_fds.os)
 .bss           0x0000000000000120        0x0 /root/piecewise/src/glibc-2.23/build-tree/amd64-libc/libc_pic.a(errno.os)
 .bss           0x0000000000000120        0x0 /root/piecewise/src/glibc-2.23/build-tree/amd64-libc/libc_pic.a(setjmp.os)
 .bss           0x0000000000000120        0x0 /root/piecewise/src/glibc-2.23/build-tree/amd64-libc/libc_pic.a(__longjmp.os)
 .bss           0x0000000000000120        0x0 /root/piecewise/src/glibc-2.23/build-tree/amd64-libc/libc_pic.a(exit.os)
 .bss           0x0000000000000120      0x414 /root/piecewise/src/glibc-2.23/build-tree/amd64-libc/libc_pic.a(cxa_atexit.os)
 .bss           0x0000000000000534        0x0 /root/piecewise/src/glibc-2.23/build-tree/amd64-libc/libc_pic.a(cxa_thread_atexit_impl.os)
 .bss           0x0000000000000534        0x0 /root/piecewise/src/glibc-2.23/build-tree/amd64-libc/libc_pic.a(strchr.os)
 .bss           0x0000000000000534        0x0 /root/piecewise/src/glibc-2.23/build-tree/amd64-libc/libc_pic.a(strcmp.os)
 .bss           0x0000000000000534        0x0 /root/piecewise/src/glibc-2.23/build-tree/amd64-libc/libc_pic.a(strdup.os)
 .bss           0x0000000000000534        0x0 /root/piecewise/src/glibc-2.23/build-tree/amd64-libc/libc_pic.a(strlen.os)
 .bss           0x0000000000000534        0x0 /root/piecewise/src/glibc-2.23/build-tree/amd64-libc/libc_pic.a(strnlen.os)
 .bss           0x0000000000000534        0x0 /root/piecewise/src/glibc-2.23/build-tree/amd64-libc/libc_pic.a(memchr.os)
 .bss           0x0000000000000534        0x0 /root/piecewise/src/glibc-2.23/build-tree/amd64-libc/libc_pic.a(memcmp.os)
 .bss           0x0000000000000534        0x0 /root/piecewise/src/glibc-2.23/build-tree/amd64-libc/libc_pic.a(memmove.os)
 .bss           0x0000000000000534        0x0 /root/piecewise/src/glibc-2.23/build-tree/amd64-libc/libc_pic.a(memset.os)
 .bss           0x0000000000000534        0x0 /root/piecewise/src/glibc-2.23/build-tree/amd64-libc/libc_pic.a(mempcpy.os)
 .bss           0x0000000000000534        0x0 /root/piecewise/src/glibc-2.23/build-tree/amd64-libc/libc_pic.a(stpcpy.os)
 .bss           0x0000000000000534        0x0 /root/piecewise/src/glibc-2.23/build-tree/amd64-libc/libc_pic.a(memcpy.os)
 .bss           0x0000000000000534        0x0 /root/piecewise/src/glibc-2.23/build-tree/amd64-libc/libc_pic.a(wordcopy.os)
 .bss           0x0000000000000534        0x0 /root/piecewise/src/glibc-2.23/build-tree/amd64-libc/libc_pic.a(rawmemchr.os)
 .bss           0x0000000000000534        0x0 /root/piecewise/src/glibc-2.23/build-tree/amd64-libc/libc_pic.a(strcmp-ssse3.os)
 .bss           0x0000000000000534        0x0 /root/piecewise/src/glibc-2.23/build-tree/amd64-libc/libc_pic.a(strcmp-sse2-unaligned.os)
 .bss           0x0000000000000534        0x0 /root/piecewise/src/glibc-2.23/build-tree/amd64-libc/libc_pic.a(memcmp-sse4.os)
 .bss           0x0000000000000534        0x0 /root/piecewise/src/glibc-2.23/build-tree/amd64-libc/libc_pic.a(memcpy-ssse3.os)
 .bss           0x0000000000000534        0x0 /root/piecewise/src/glibc-2.23/build-tree/amd64-libc/libc_pic.a(memcpy-sse2-unaligned.os)
 .bss           0x0000000000000534        0x0 /root/piecewise/src/glibc-2.23/build-tree/amd64-libc/libc_pic.a(memcpy-avx512-no-vzeroupper.os)
 .bss           0x0000000000000534        0x0 /root/piecewise/src/glibc-2.23/build-tree/amd64-libc/libc_pic.a(mempcpy-ssse3.os)
 .bss           0x0000000000000534        0x0 /root/piecewise/src/glibc-2.23/build-tree/amd64-libc/libc_pic.a(memmove-ssse3.os)
 .bss           0x0000000000000534        0x0 /root/piecewise/src/glibc-2.23/build-tree/amd64-libc/libc_pic.a(mempcpy-ssse3-back.os)
 .bss           0x0000000000000534        0x0 /root/piecewise/src/glibc-2.23/build-tree/amd64-libc/libc_pic.a(memmove-avx-unaligned.os)
 .bss           0x0000000000000534        0x0 /root/piecewise/src/glibc-2.23/build-tree/amd64-libc/libc_pic.a(memcpy-avx-unaligned.os)
 .bss           0x0000000000000534        0x0 /root/piecewise/src/glibc-2.23/build-tree/amd64-libc/libc_pic.a(mempcpy-avx-unaligned.os)
 .bss           0x0000000000000534        0x0 /root/piecewise/src/glibc-2.23/build-tree/amd64-libc/libc_pic.a(mempcpy-avx512-no-vzeroupper.os)
 .bss           0x0000000000000534        0x0 /root/piecewise/src/glibc-2.23/build-tree/amd64-libc/libc_pic.a(memmove-ssse3-back.os)
 .bss           0x0000000000000534        0x0 /root/piecewise/src/glibc-2.23/build-tree/amd64-libc/libc_pic.a(memmove-avx512-no-vzeroupper.os)
 .bss           0x0000000000000534        0x0 /root/piecewise/src/glibc-2.23/build-tree/amd64-libc/libc_pic.a(stpcpy-ssse3.os)
 .bss           0x0000000000000534        0x0 /root/piecewise/src/glibc-2.23/build-tree/amd64-libc/libc_pic.a(stpcpy-sse2-unaligned.os)
 .bss           0x0000000000000534        0x0 /root/piecewise/src/glibc-2.23/build-tree/amd64-libc/libc_pic.a(strchr-sse2-no-bsf.os)
 .bss           0x0000000000000534        0x0 /root/piecewise/src/glibc-2.23/build-tree/amd64-libc/libc_pic.a(memcmp-ssse3.os)
 .bss           0x0000000000000534        0x0 /root/piecewise/src/glibc-2.23/build-tree/amd64-libc/libc_pic.a(memset-avx2.os)
 .bss           0x0000000000000534        0x0 /root/piecewise/src/glibc-2.23/build-tree/amd64-libc/libc_pic.a(memset-avx512-no-vzeroupper.os)
 .bss           0x0000000000000534        0x0 /root/piecewise/src/glibc-2.23/build-tree/amd64-libc/libc_pic.a(cacheinfo.os)
 .bss           0x0000000000000534        0x0 /root/piecewise/src/glibc-2.23/build-tree/amd64-libc/libc_pic.a(closedir.os)
 .bss           0x0000000000000534        0x0 /root/piecewise/src/glibc-2.23/build-tree/amd64-libc/libc_pic.a(readdir.os)
 .bss           0x0000000000000534        0x0 /root/piecewise/src/glibc-2.23/build-tree/amd64-libc/libc_pic.a(rewinddir.os)
 .bss           0x0000000000000534        0x0 /root/piecewise/src/glibc-2.23/build-tree/amd64-libc/libc_pic.a(getdents.os)
 .bss           0x0000000000000534        0x0 /root/piecewise/src/glibc-2.23/build-tree/amd64-libc/libc_pic.a(fdopendir.os)
 .bss           0x0000000000000534        0x0 /root/piecewise/src/glibc-2.23/build-tree/amd64-libc/libc_pic.a(uname.os)
 .bss           0x0000000000000534        0x0 /root/piecewise/src/glibc-2.23/build-tree/amd64-libc/libc_pic.a(_exit.os)
 .bss           0x0000000000000534        0x0 /root/piecewise/src/glibc-2.23/build-tree/amd64-libc/libc_pic.a(getpid.os)
 *fill*         0x0000000000000534        0x4 
 .bss           0x0000000000000538        0x8 /root/piecewise/src/glibc-2.23/build-tree/amd64-libc/libc_pic.a(environ.os)
                0x0000000000000538                _environ
                0x0000000000000538                __environ
                0x0000000000000538                environ
 .bss           0x0000000000000540        0x0 /root/piecewise/src/glibc-2.23/build-tree/amd64-libc/libc_pic.a(xstat.os)
 .bss           0x0000000000000540        0x0 /root/piecewise/src/glibc-2.23/build-tree/amd64-libc/libc_pic.a(fxstat.os)
 .bss           0x0000000000000540        0x0 /root/piecewise/src/glibc-2.23/build-tree/amd64-libc/libc_pic.a(lxstat.os)
 .bss           0x0000000000000540        0x0 /root/piecewise/src/glibc-2.23/build-tree/amd64-libc/libc_pic.a(open.os)
 .bss           0x0000000000000540        0x0 /root/piecewise/src/glibc-2.23/build-tree/amd64-libc/libc_pic.a(read.os)
 .bss           0x0000000000000540        0x0 /root/piecewise/src/glibc-2.23/build-tree/amd64-libc/libc_pic.a(write.os)
 .bss           0x0000000000000540        0x0 /root/piecewise/src/glibc-2.23/build-tree/amd64-libc/libc_pic.a(access.os)
 .bss           0x0000000000000540        0x0 /root/piecewise/src/glibc-2.23/build-tree/amd64-libc/libc_pic.a(fcntl.os)
 .bss           0x0000000000000540        0x0 /root/piecewise/src/glibc-2.23/build-tree/amd64-libc/libc_pic.a(close.os)
 .bss           0x0000000000000540        0x0 /root/piecewise/src/glibc-2.23/build-tree/amd64-libc/libc_pic.a(mmap.os)
 .bss           0x0000000000000540        0x0 /root/piecewise/src/glibc-2.23/build-tree/amd64-libc/libc_pic.a(munmap.os)
 .bss           0x0000000000000540        0x0 /root/piecewise/src/glibc-2.23/build-tree/amd64-libc/libc_pic.a(mprotect.os)
 .bss           0x0000000000000540        0x0 /root/piecewise/src/glibc-2.23/build-tree/amd64-libc/libc_pic.a(llseek.os)
 .bss           0x0000000000000540       0xe0 /root/piecewise/src/glibc-2.23/build-tree/amd64-libc/libc_pic.a(profil.os)
 .bss           0x0000000000000620        0x0 /root/piecewise/src/glibc-2.23/build-tree/amd64-libc/libc_pic.a(prof-freq.os)
 .bss           0x0000000000000620        0x0 /root/piecewise/src/glibc-2.23/build-tree/amd64-libc/libc_pic.a(libc-lowlevellock.os)
 .bss           0x0000000000000620        0x0 /root/piecewise/src/glibc-2.23/build-tree/amd64-libc/libc_pic.a(libc-cancellation.os)
 .bss           0x0000000000000620        0x0 /root/piecewise/src/glibc-2.23/build-tree/amd64-libc/libc_pic.a(libc_multiple_threads.os)
 .bss           0x0000000000000620        0x0 /root/piecewise/src/glibc-2.23/build-tree/amd64-libc/libc_pic.a(sigaction.os)
 .bss           0x0000000000000620        0x0 /root/piecewise/src/glibc-2.23/build-tree/amd64-libc/libc_pic.a(setitimer.os)
 .bss           0x0000000000000620        0x0 /root/piecewise/src/glibc-2.23/build-tree/amd64-libc/libc_pic.a(forward.os)

.lbss
 *(.lbss)

.lrodata
 *(.lrodata)

.ldata
 *(.ldata)

.stab
 *(.stab)

.stabstr
 *(.stabstr)

.stab.excl
 *(.stab.excl)

.stab.exclstr
 *(.stab.exclstr)

.stab.index
 *(.stab.index)

.stab.indexstr
 *(.stab.indexstr)

.comment        0x0000000000000000      0xb24
 *(.comment)
 .comment       0x0000000000000000      0x64a /root/piecewise/src/glibc-2.23/build-tree/amd64-libc/elf/dl-allobjs.os
 .comment       0x000000000000064a       0x2e /root/piecewise/src/glibc-2.23/build-tree/amd64-libc/libc_pic.a(check_fds.os)
 .comment       0x0000000000000678       0x2e /root/piecewise/src/glibc-2.23/build-tree/amd64-libc/libc_pic.a(errno.os)
 .comment       0x00000000000006a6       0x2e /root/piecewise/src/glibc-2.23/build-tree/amd64-libc/libc_pic.a(exit.os)
 .comment       0x00000000000006d4       0x2e /root/piecewise/src/glibc-2.23/build-tree/amd64-libc/libc_pic.a(cxa_atexit.os)
 .comment       0x0000000000000702       0x2e /root/piecewise/src/glibc-2.23/build-tree/amd64-libc/libc_pic.a(cxa_thread_atexit_impl.os)
 .comment       0x0000000000000730       0x2e /root/piecewise/src/glibc-2.23/build-tree/amd64-libc/libc_pic.a(strdup.os)
 .comment       0x000000000000075e       0x2e /root/piecewise/src/glibc-2.23/build-tree/amd64-libc/libc_pic.a(memmove.os)
 .comment       0x000000000000078c       0x2e /root/piecewise/src/glibc-2.23/build-tree/amd64-libc/libc_pic.a(wordcopy.os)
 .comment       0x00000000000007ba       0x2e /root/piecewise/src/glibc-2.23/build-tree/amd64-libc/libc_pic.a(cacheinfo.os)
 .comment       0x00000000000007e8       0x2e /root/piecewise/src/glibc-2.23/build-tree/amd64-libc/libc_pic.a(closedir.os)
 .comment       0x0000000000000816       0x2e /root/piecewise/src/glibc-2.23/build-tree/amd64-libc/libc_pic.a(readdir.os)
 .comment       0x0000000000000844       0x2e /root/piecewise/src/glibc-2.23/build-tree/amd64-libc/libc_pic.a(rewinddir.os)
 .comment       0x0000000000000872       0x2e /root/piecewise/src/glibc-2.23/build-tree/amd64-libc/libc_pic.a(getdents.os)
 .comment       0x00000000000008a0       0x2e /root/piecewise/src/glibc-2.23/build-tree/amd64-libc/libc_pic.a(fdopendir.os)
 .comment       0x00000000000008ce       0x2e /root/piecewise/src/glibc-2.23/build-tree/amd64-libc/libc_pic.a(_exit.os)
 .comment       0x00000000000008fc       0x2e /root/piecewise/src/glibc-2.23/build-tree/amd64-libc/libc_pic.a(getpid.os)
 .comment       0x000000000000092a       0x2e /root/piecewise/src/glibc-2.23/build-tree/amd64-libc/libc_pic.a(environ.os)
 .comment       0x0000000000000958       0x2e /root/piecewise/src/glibc-2.23/build-tree/amd64-libc/libc_pic.a(xstat.os)
 .comment       0x0000000000000986       0x2e /root/piecewise/src/glibc-2.23/build-tree/amd64-libc/libc_pic.a(fxstat.os)
 .comment       0x00000000000009b4       0x2e /root/piecewise/src/glibc-2.23/build-tree/amd64-libc/libc_pic.a(lxstat.os)
 .comment       0x00000000000009e2       0x2e /root/piecewise/src/glibc-2.23/build-tree/amd64-libc/libc_pic.a(fcntl.os)
 .comment       0x0000000000000a10       0x2e /root/piecewise/src/glibc-2.23/build-tree/amd64-libc/libc_pic.a(mmap.os)
 .comment       0x0000000000000a3e       0x2e /root/piecewise/src/glibc-2.23/build-tree/amd64-libc/libc_pic.a(profil.os)
 .comment       0x0000000000000a6c       0x2e /root/piecewise/src/glibc-2.23/build-tree/amd64-libc/libc_pic.a(prof-freq.os)
 .comment       0x0000000000000a9a       0x2e /root/piecewise/src/glibc-2.23/build-tree/amd64-libc/libc_pic.a(libc_multiple_threads.os)
 .comment       0x0000000000000ac8       0x2e /root/piecewise/src/glibc-2.23/build-tree/amd64-libc/libc_pic.a(sigaction.os)
 .comment       0x0000000000000af6       0x2e /root/piecewise/src/glibc-2.23/build-tree/amd64-libc/libc_pic.a(forward.os)

.group          0x0000000000000000        0x8
 .group         0x0000000000000000        0x8 /root/piecewise/src/glibc-2.23/build-tree/amd64-libc/elf/dl-allobjs.os

.note.stapsdt   0x0000000000000000      0x458
 .note.stapsdt  0x0000000000000000      0x314 /root/piecewise/src/glibc-2.23/build-tree/amd64-libc/elf/dl-allobjs.os
 .note.stapsdt  0x0000000000000314       0x50 /root/piecewise/src/glibc-2.23/build-tree/amd64-libc/libc_pic.a(setjmp.os)
 .note.stapsdt  0x0000000000000364       0xa8 /root/piecewise/src/glibc-2.23/build-tree/amd64-libc/libc_pic.a(__longjmp.os)
 .note.stapsdt  0x000000000000040c       0x4c /root/piecewise/src/glibc-2.23/build-tree/amd64-libc/libc_pic.a(libc-lowlevellock.os)

.note.GNU-stack
                0x0000000000000000        0x0
 .note.GNU-stack
                0x0000000000000000        0x0 /root/piecewise/src/glibc-2.23/build-tree/amd64-libc/elf/dl-allobjs.os
 .note.GNU-stack
                0x0000000000000000        0x0 /root/piecewise/src/glibc-2.23/build-tree/amd64-libc/libc_pic.a(check_fds.os)
 .note.GNU-stack
                0x0000000000000000        0x0 /root/piecewise/src/glibc-2.23/build-tree/amd64-libc/libc_pic.a(errno.os)
 .note.GNU-stack
                0x0000000000000000        0x0 /root/piecewise/src/glibc-2.23/build-tree/amd64-libc/libc_pic.a(setjmp.os)
 .note.GNU-stack
                0x0000000000000000        0x0 /root/piecewise/src/glibc-2.23/build-tree/amd64-libc/libc_pic.a(__longjmp.os)
 .note.GNU-stack
                0x0000000000000000        0x0 /root/piecewise/src/glibc-2.23/build-tree/amd64-libc/libc_pic.a(exit.os)
 .note.GNU-stack
                0x0000000000000000        0x0 /root/piecewise/src/glibc-2.23/build-tree/amd64-libc/libc_pic.a(cxa_atexit.os)
 .note.GNU-stack
                0x0000000000000000        0x0 /root/piecewise/src/glibc-2.23/build-tree/amd64-libc/libc_pic.a(cxa_thread_atexit_impl.os)
 .note.GNU-stack
                0x0000000000000000        0x0 /root/piecewise/src/glibc-2.23/build-tree/amd64-libc/libc_pic.a(strchr.os)
 .note.GNU-stack
                0x0000000000000000        0x0 /root/piecewise/src/glibc-2.23/build-tree/amd64-libc/libc_pic.a(strcmp.os)
 .note.GNU-stack
                0x0000000000000000        0x0 /root/piecewise/src/glibc-2.23/build-tree/amd64-libc/libc_pic.a(strdup.os)
 .note.GNU-stack
                0x0000000000000000        0x0 /root/piecewise/src/glibc-2.23/build-tree/amd64-libc/libc_pic.a(strlen.os)
 .note.GNU-stack
                0x0000000000000000        0x0 /root/piecewise/src/glibc-2.23/build-tree/amd64-libc/libc_pic.a(strnlen.os)
 .note.GNU-stack
                0x0000000000000000        0x0 /root/piecewise/src/glibc-2.23/build-tree/amd64-libc/libc_pic.a(memchr.os)
 .note.GNU-stack
                0x0000000000000000        0x0 /root/piecewise/src/glibc-2.23/build-tree/amd64-libc/libc_pic.a(memcmp.os)
 .note.GNU-stack
                0x0000000000000000        0x0 /root/piecewise/src/glibc-2.23/build-tree/amd64-libc/libc_pic.a(memmove.os)
 .note.GNU-stack
                0x0000000000000000        0x0 /root/piecewise/src/glibc-2.23/build-tree/amd64-libc/libc_pic.a(memset.os)
 .note.GNU-stack
                0x0000000000000000        0x0 /root/piecewise/src/glibc-2.23/build-tree/amd64-libc/libc_pic.a(mempcpy.os)
 .note.GNU-stack
                0x0000000000000000        0x0 /root/piecewise/src/glibc-2.23/build-tree/amd64-libc/libc_pic.a(stpcpy.os)
 .note.GNU-stack
                0x0000000000000000        0x0 /root/piecewise/src/glibc-2.23/build-tree/amd64-libc/libc_pic.a(memcpy.os)
 .note.GNU-stack
                0x0000000000000000        0x0 /root/piecewise/src/glibc-2.23/build-tree/amd64-libc/libc_pic.a(wordcopy.os)
 .note.GNU-stack
                0x0000000000000000        0x0 /root/piecewise/src/glibc-2.23/build-tree/amd64-libc/libc_pic.a(rawmemchr.os)
 .note.GNU-stack
                0x0000000000000000        0x0 /root/piecewise/src/glibc-2.23/build-tree/amd64-libc/libc_pic.a(strcmp-ssse3.os)
 .note.GNU-stack
                0x0000000000000000        0x0 /root/piecewise/src/glibc-2.23/build-tree/amd64-libc/libc_pic.a(strcmp-sse2-unaligned.os)
 .note.GNU-stack
                0x0000000000000000        0x0 /root/piecewise/src/glibc-2.23/build-tree/amd64-libc/libc_pic.a(memcmp-sse4.os)
 .note.GNU-stack
                0x0000000000000000        0x0 /root/piecewise/src/glibc-2.23/build-tree/amd64-libc/libc_pic.a(memcpy-ssse3.os)
 .note.GNU-stack
                0x0000000000000000        0x0 /root/piecewise/src/glibc-2.23/build-tree/amd64-libc/libc_pic.a(memcpy-sse2-unaligned.os)
 .note.GNU-stack
                0x0000000000000000        0x0 /root/piecewise/src/glibc-2.23/build-tree/amd64-libc/libc_pic.a(memcpy-avx512-no-vzeroupper.os)
 .note.GNU-stack
                0x0000000000000000        0x0 /root/piecewise/src/glibc-2.23/build-tree/amd64-libc/libc_pic.a(mempcpy-ssse3.os)
 .note.GNU-stack
                0x0000000000000000        0x0 /root/piecewise/src/glibc-2.23/build-tree/amd64-libc/libc_pic.a(memmove-ssse3.os)
 .note.GNU-stack
                0x0000000000000000        0x0 /root/piecewise/src/glibc-2.23/build-tree/amd64-libc/libc_pic.a(mempcpy-ssse3-back.os)
 .note.GNU-stack
                0x0000000000000000        0x0 /root/piecewise/src/glibc-2.23/build-tree/amd64-libc/libc_pic.a(memmove-avx-unaligned.os)
 .note.GNU-stack
                0x0000000000000000        0x0 /root/piecewise/src/glibc-2.23/build-tree/amd64-libc/libc_pic.a(memcpy-avx-unaligned.os)
 .note.GNU-stack
                0x0000000000000000        0x0 /root/piecewise/src/glibc-2.23/build-tree/amd64-libc/libc_pic.a(mempcpy-avx-unaligned.os)
 .note.GNU-stack
                0x0000000000000000        0x0 /root/piecewise/src/glibc-2.23/build-tree/amd64-libc/libc_pic.a(mempcpy-avx512-no-vzeroupper.os)
 .note.GNU-stack
                0x0000000000000000        0x0 /root/piecewise/src/glibc-2.23/build-tree/amd64-libc/libc_pic.a(memmove-ssse3-back.os)
 .note.GNU-stack
                0x0000000000000000        0x0 /root/piecewise/src/glibc-2.23/build-tree/amd64-libc/libc_pic.a(memmove-avx512-no-vzeroupper.os)
 .note.GNU-stack
                0x0000000000000000        0x0 /root/piecewise/src/glibc-2.23/build-tree/amd64-libc/libc_pic.a(stpcpy-ssse3.os)
 .note.GNU-stack
                0x0000000000000000        0x0 /root/piecewise/src/glibc-2.23/build-tree/amd64-libc/libc_pic.a(stpcpy-sse2-unaligned.os)
 .note.GNU-stack
                0x0000000000000000        0x0 /root/piecewise/src/glibc-2.23/build-tree/amd64-libc/libc_pic.a(strchr-sse2-no-bsf.os)
 .note.GNU-stack
                0x0000000000000000        0x0 /root/piecewise/src/glibc-2.23/build-tree/amd64-libc/libc_pic.a(memcmp-ssse3.os)
 .note.GNU-stack
                0x0000000000000000        0x0 /root/piecewise/src/glibc-2.23/build-tree/amd64-libc/libc_pic.a(memset-avx2.os)
 .note.GNU-stack
                0x0000000000000000        0x0 /root/piecewise/src/glibc-2.23/build-tree/amd64-libc/libc_pic.a(memset-avx512-no-vzeroupper.os)
 .note.GNU-stack
                0x0000000000000000        0x0 /root/piecewise/src/glibc-2.23/build-tree/amd64-libc/libc_pic.a(cacheinfo.os)
 .note.GNU-stack
                0x0000000000000000        0x0 /root/piecewise/src/glibc-2.23/build-tree/amd64-libc/libc_pic.a(closedir.os)
 .note.GNU-stack
                0x0000000000000000        0x0 /root/piecewise/src/glibc-2.23/build-tree/amd64-libc/libc_pic.a(readdir.os)
 .note.GNU-stack
                0x0000000000000000        0x0 /root/piecewise/src/glibc-2.23/build-tree/amd64-libc/libc_pic.a(rewinddir.os)
 .note.GNU-stack
                0x0000000000000000        0x0 /root/piecewise/src/glibc-2.23/build-tree/amd64-libc/libc_pic.a(getdents.os)
 .note.GNU-stack