Archive member included to satisfy reference by file (symbol)

/root/piecewise/src/glibc-2.23/build-tree/amd64-libc/elf/rtld-libc.a(rtld-check_fds.os)
                              /root/piecewise/src/glibc-2.23/build-tree/amd64-libc/elf/dl-allobjs.os (__libc_check_standard_fds)
/root/piecewise/src/glibc-2.23/build-tree/amd64-libc/elf/rtld-libc.a(rtld-errno.os)
                              /root/piecewise/src/glibc-2.23/build-tree/amd64-libc/elf/dl-allobjs.os (rtld_errno)
/root/piecewise/src/glibc-2.23/build-tree/amd64-libc/elf/rtld-libc.a(rtld-closedir.os)
                              /root/piecewise/src/glibc-2.23/build-tree/amd64-libc/elf/dl-allobjs.os (__closedir)
/root/piecewise/src/glibc-2.23/build-tree/amd64-libc/elf/rtld-libc.a(rtld-readdir.os)
                              /root/piecewise/src/glibc-2.23/build-tree/amd64-libc/elf/dl-allobjs.os (__readdir)
/root/piecewise/src/glibc-2.23/build-tree/amd64-libc/elf/rtld-libc.a(rtld-rewinddir.os)
                              /root/piecewise/src/glibc-2.23/build-tree/amd64-libc/elf/dl-allobjs.os (__rewinddir)
/root/piecewise/src/glibc-2.23/build-tree/amd64-libc/elf/rtld-libc.a(rtld-getdents.os)
                              /root/piecewise/src/glibc-2.23/build-tree/amd64-libc/elf/rtld-libc.a(rtld-readdir.os) (__getdents)
/root/piecewise/src/glibc-2.23/build-tree/amd64-libc/elf/rtld-libc.a(rtld-fdopendir.os)
                              /root/piecewise/src/glibc-2.23/build-tree/amd64-libc/elf/dl-allobjs.os (__fdopendir)
/root/piecewise/src/glibc-2.23/build-tree/amd64-libc/elf/rtld-libc.a(rtld-profil.os)
                              /root/piecewise/src/glibc-2.23/build-tree/amd64-libc/elf/dl-allobjs.os (__profil)
/root/piecewise/src/glibc-2.23/build-tree/amd64-libc/elf/rtld-libc.a(rtld-prof-freq.os)
                              /root/piecewise/src/glibc-2.23/build-tree/amd64-libc/elf/dl-allobjs.os (__profile_frequency)
/root/piecewise/src/glibc-2.23/build-tree/amd64-libc/elf/rtld-libc.a(rtld-xstat.os)
                              /root/piecewise/src/glibc-2.23/build-tree/amd64-libc/elf/dl-allobjs.os (__GI___xstat64)
/root/piecewise/src/glibc-2.23/build-tree/amd64-libc/elf/rtld-libc.a(rtld-fxstat.os)
                              /root/piecewise/src/glibc-2.23/build-tree/amd64-libc/elf/dl-allobjs.os (__GI___fxstat64)
/root/piecewise/src/glibc-2.23/build-tree/amd64-libc/elf/rtld-libc.a(rtld-lxstat.os)
                              /root/piecewise/src/glibc-2.23/build-tree/amd64-libc/elf/dl-allobjs.os (__GI___lxstat64)
/root/piecewise/src/glibc-2.23/build-tree/amd64-libc/elf/rtld-libc.a(rtld-open.os)
                              /root/piecewise/src/glibc-2.23/build-tree/amd64-libc/elf/dl-allobjs.os (__open)
/root/piecewise/src/glibc-2.23/build-tree/amd64-libc/elf/rtld-libc.a(rtld-read.os)
                              /root/piecewise/src/glibc-2.23/build-tree/amd64-libc/elf/dl-allobjs.os (__libc_read)
/root/piecewise/src/glibc-2.23/build-tree/amd64-libc/elf/rtld-libc.a(rtld-write.os)
                              /root/piecewise/src/glibc-2.23/build-tree/amd64-libc/elf/dl-allobjs.os (__libc_write)
/root/piecewise/src/glibc-2.23/build-tree/amd64-libc/elf/rtld-libc.a(rtld-access.os)
                              /root/piecewise/src/glibc-2.23/build-tree/amd64-libc/elf/dl-allobjs.os (__access)
/root/piecewise/src/glibc-2.23/build-tree/amd64-libc/elf/rtld-libc.a(rtld-fcntl.os)
                              /root/piecewise/src/glibc-2.23/build-tree/amd64-libc/elf/rtld-libc.a(rtld-check_fds.os) (__libc_fcntl)
/root/piecewise/src/glibc-2.23/build-tree/amd64-libc/elf/rtld-libc.a(rtld-close.os)
                              /root/piecewise/src/glibc-2.23/build-tree/amd64-libc/elf/dl-allobjs.os (__close)
/root/piecewise/src/glibc-2.23/build-tree/amd64-libc/elf/rtld-libc.a(rtld-mmap.os)
                              /root/piecewise/src/glibc-2.23/build-tree/amd64-libc/elf/dl-allobjs.os (__mmap)
/root/piecewise/src/glibc-2.23/build-tree/amd64-libc/elf/rtld-libc.a(rtld-munmap.os)
                              /root/piecewise/src/glibc-2.23/build-tree/amd64-libc/elf/dl-allobjs.os (__munmap)
/root/piecewise/src/glibc-2.23/build-tree/amd64-libc/elf/rtld-libc.a(rtld-mprotect.os)
                              /root/piecewise/src/glibc-2.23/build-tree/amd64-libc/elf/dl-allobjs.os (__mprotect)
/root/piecewise/src/glibc-2.23/build-tree/amd64-libc/elf/rtld-libc.a(rtld-llseek.os)
                              /root/piecewise/src/glibc-2.23/build-tree/amd64-libc/elf/dl-allobjs.os (__lseek)
/root/piecewise/src/glibc-2.23/build-tree/amd64-libc/elf/rtld-libc.a(rtld-uname.os)
                              /root/piecewise/src/glibc-2.23/build-tree/amd64-libc/elf/dl-allobjs.os (__uname)
/root/piecewise/src/glibc-2.23/build-tree/amd64-libc/elf/rtld-libc.a(rtld-_exit.os)
                              /root/piecewise/src/glibc-2.23/build-tree/amd64-libc/elf/dl-allobjs.os (__GI__exit)
/root/piecewise/src/glibc-2.23/build-tree/amd64-libc/elf/rtld-libc.a(rtld-getpid.os)
[...]
Memory Configuration

Name             Origin             Length             Attributes
*default*        0x0000000000000000 0xffffffffffffffff

Linker script and memory map

START GROUP
LOAD /root/piecewise/src/glibc-2.23/build-tree/amd64-libc/elf/dl-allobjs.os
LOAD /root/piecewise/src/glibc-2.23/build-tree/amd64-libc/elf/rtld-libc.a
LOAD /usr/lib/gcc/x86_64-linux-gnu/5/libgcc.a
END GROUP

.interp
 *(.interp)

.note.gnu.property
                0x0000000000000000       0x30
 .note.gnu.property
                0x0000000000000000       0x30 /root/piecewise/src/glibc-2.23/build-tree/amd64-libc/elf/dl-allobjs.os

.note.gnu.build-id
 *(.note.gnu.build-id)

.hash
 *(.hash)

.gnu.hash
 *(.gnu.hash)

.dynsym
 *(.dynsym)

.dynstr
 *(.dynstr)

.gnu.version
 *(.gnu.version)

.gnu.version_d
 *(.gnu.version_d)

.gnu.version_r
 *(.gnu.version_r)

.rela.init
 *(.rela.init)

.rela.text
 *(.rela.text)

.rela.fini
 *(.rela.fini)

.rela.rodata
 *(.rela.rodata)

.rela.data.rel.ro
 *(.rela.data.rel.ro)

.rela.data
 *(.rela.data)

.rela.tdata
 *(.rela.tdata)

.rela.tbss
 *(.rela.tbss)

.rela.ctors
 *(.rela.ctors)

.rela.dtors
 *(.rela.dtors)

.rela.got
 *(.rela.got)

.rela.bss
 *(.rela.bss)

.rela.ldata
 *(.rela.ldata)

.rela.lbss
 *(.rela.lbss)

.rela.lrodata
 *(.rela.lrodata)

.rela.ifunc
 *(.rela.ifunc)

.rela.plt
 *(.rela.plt)

.init
 *(SORT_NONE(.init))

.plt
 *(.plt)

.plt.got
 *(.plt.got)

.plt.sec
 *(.plt.sec)

.text           0x0000000000000000    0x23120
 *(.text .stub)
 .text          0x0000000000000000    0x1f1f0 /root/piecewise/src/glibc-2.23/build-tree/amd64-libc/elf/dl-allobjs.os
                0x0000000000000000                _start
                0x0000000000000008                _dl_start_user
                0x0000000000000050                _dl_initial_error_catch_tsd
                0x0000000000004da0                handle_ld_preload
                0x000000000000bcc0                _dl_dst_count
                0x000000000000be50                _dl_dst_substitute
                0x000000000000c890                _dl_init_paths
                0x000000000000cd90                _dl_map_object
                0x000000000000da00                _dl_rtld_di_serinfo
                0x000000000000ed80                _dl_lookup_symbol_x
                0x000000000000fe00                _dl_setup_hash
                0x000000000000feb0                _dl_add_to_namespace_list
                0x000000000000ff40                _dl_new_object
                0x0000000000010370                _dl_try_allocate_static_tls
                0x0000000000010450                _dl_allocate_static_tls
                0x0000000000010540                _dl_nothread_init_static_tls
                0x0000000000010580                _dl_protect_relro
                0x00000000000105e0                _dl_reloc_bad_type
                0x00000000000106b0                _dl_relocate_object
                0x00000000000124e0                _dl_map_object_deps
                0x0000000000013740                _dl_important_hwcaps
                0x0000000000013f70                _dl_fixup
                0x0000000000014140                _dl_profile_fixup
                0x0000000000014730                _dl_call_pltexit
                0x0000000000014840                _dl_signal_error
                0x00000000000149e0                _dl_signal_cerror
                0x0000000000014a70                _dl_catch_error
                0x0000000000014b40                _dl_receive_error
                0x0000000000014cc0                _dl_init
                0x0000000000014df0                _dl_sort_fini
                0x0000000000015030                _dl_fini
                0x00000000000155e0                _dl_debug_state
                0x00000000000155e0                __GI__dl_debug_state
                0x00000000000155f0                _dl_debug_initialize
                0x0000000000015c70                _dl_sysdep_read_whole_file
                0x0000000000015d00                _dl_debug_printf
                0x0000000000015db0                _dl_debug_printf_c
                0x0000000000015e60                _dl_dprintf
                0x0000000000015f00                _dl_name_match_p
                0x0000000000015f70                _dl_higher_prime_number
                0x00000000000163a0                _dl_check_map_versions
                0x0000000000016850                _dl_check_all_versions
                0x00000000000168c0                _dl_start_profile
                0x00000000000170a0                __GI__dl_mcount
                0x00000000000170a0                _dl_mcount
                0x0000000000017300                _dl_resolve_conflicts
                0x00000000000176e0                _dl_next_tls_modid
                0x00000000000177e0                _dl_count_modids
                0x0000000000017840                _dl_determine_tlsoffset
                0x0000000000017a10                __GI__dl_tls_setup
                0x0000000000017a10                _dl_tls_setup
                0x0000000000017ac0                _dl_get_tls_static_info
                0x0000000000017ae0                _dl_allocate_tls_storage
                0x0000000000017b90                __GI__dl_allocate_tls_init
                0x0000000000017b90                _dl_allocate_tls_init
                0x0000000000017e00                __GI__dl_allocate_tls
                0x0000000000017e00                _dl_allocate_tls
                0x0000000000017ee0                _dl_deallocate_tls
                0x0000000000017ee0                __GI__dl_deallocate_tls
                0x0000000000017f70                _dl_update_slotinfo
                0x0000000000018230                __GI___tls_get_addr
                0x0000000000018230                __tls_get_addr
                0x0000000000018270                _dl_tls_get_addr_soft
                0x00000000000182f0                _dl_add_to_slotinfo
                0x00000000000183d0                _dl_get_origin
                0x0000000000018550                _dl_scope_free
                0x0000000000018620                _dl_make_stack_executable
                0x0000000000018620                __GI__dl_make_stack_executable
                0x00000000000186b0                _dl_check_caller
                0x0000000000019170                __GI__dl_find_dso_for_object
                0x0000000000019170                _dl_find_dso_for_object
                0x0000000000019260                _dl_open
                0x0000000000019920                _dl_show_scope
                0x000000000001a440                _dl_addr_inside_object
                0x000000000001b650                _dl_close_worker
                0x000000000001b6e0                _dl_close
                0x000000000001b800                _dl_runtime_profile_avx512
                0x000000000001bc80                _dl_runtime_profile_avx
                0x000000000001c100                _dl_runtime_profile_sse
                0x000000000001c300                _dl_runtime_resolve_fxsave
                0x000000000001c380                _dl_runtime_resolve_xsave
                0x000000000001c450                _dl_runtime_resolve_xsavec
                0x000000000001c510                _dl_cache_libcmp
                0x000000000001c600                _dl_load_cache_lookup
                0x000000000001ce40                _dl_unload_cache
                0x000000000001ce80                _dl_make_tlsdesc_dynamic
                0x000000000001d150                _dl_tlsdesc_resolve_rela_fixup
                0x000000000001d310                _dl_tlsdesc_resolve_hold_fixup
                0x000000000001d350                _dl_unmap
                0x000000000001d3d0                _dl_tlsdesc_return
                0x000000000001d3e0                _dl_tlsdesc_undefweak
                0x000000000001d3f0                _dl_tlsdesc_dynamic
                0x000000000001d490                _dl_tlsdesc_resolve_rela
                0x000000000001d500                _dl_tlsdesc_resolve_hold
                0x000000000001d580                __get_cpu_features
                0x000000000001daf0                _dl_sysdep_start
                0x000000000001de60                _dl_sysdep_start_cleanup
                0x000000000001de70                _dl_show_auxv
                0x000000000001e020                _dl_discover_osversion
                0x000000000001e1f0                _dl_next_ld_env_entry
                0x000000000001e240                unsetenv
                0x000000000001e2b0                __libc_memalign
                0x000000000001e3b0                malloc
                0x000000000001e3c0                calloc
                0x000000000001e400                free
                0x000000000001e430                __sigjmp_save
                0x000000000001e440                __strerror_r
                0x000000000001e520                __GI___libc_fatal
                0x000000000001e520                __libc_fatal
                0x000000000001e550                __GI___chk_fail
                0x000000000001e550                __chk_fail
                0x000000000001e560                __GI___assert_fail
                0x000000000001e560                __assert_fail
                0x000000000001e5b0                realloc
                0x000000000001e640                __GI___assert_perror_fail
                0x000000000001e640                __assert_perror_fail
                0x000000000001e6b0                __strtoul_internal
                0x000000000001e890                _itoa
                0x000000000001e8e0                __strsep
                0x000000000001e8e0                strsep
                0x000000000001e8e0                __strsep_g
                0x000000000001e960                __brk
                0x000000000001e960                brk
                0x000000000001e9b0                sbrk
                0x000000000001e9b0                __sbrk
                0x000000000001ea40                __getcwd
                0x000000000001ea40                getcwd
                0x000000000001eee0                openat64
                0x000000000001ef50                __opendir
                0x000000000001ef50                opendir
                0x000000000001f0a0                __alloc_dir
                0x000000000001f1a0                __fxstatat
                0x000000000001f1a0                __fxstatat64
                0x000000000001f1a0                __GI___fxstatat64
 .text          0x000000000001f1f0      0x193 /root/piecewise/src/glibc-2.23/build-tree/amd64-libc/elf/rtld-libc.a(rtld-check_fds.os)
                0x000000000001f1f0                __libc_check_standard_fds
 .text          0x000000000001f383        0x0 /root/piecewise/src/glibc-2.23/build-tree/amd64-libc/elf/rtld-libc.a(rtld-errno.os)
 *fill*         0x000000000001f383        0xd 
 .text          0x000000000001f390       0x50 /root/piecewise/src/glibc-2.23/build-tree/amd64-libc/elf/rtld-libc.a(rtld-closedir.os)
                0x000000000001f390                __closedir
                0x000000000001f390                closedir
 .text          0x000000000001f3e0       0x88 /root/piecewise/src/glibc-2.23/build-tree/amd64-libc/elf/rtld-libc.a(rtld-readdir.os)
                0x000000000001f3e0                readdir
                0x000000000001f3e0                __readdir64
                0x000000000001f3e0                __readdir
                0x000000000001f3e0                readdir64
 *fill*         0x000000000001f468        0x8 
 .text          0x000000000001f470       0x30 /root/piecewise/src/glibc-2.23/build-tree/amd64-libc/elf/rtld-libc.a(rtld-rewinddir.os)
                0x000000000001f470                rewinddir
                0x000000000001f470                __rewinddir
 .text          0x000000000001f4a0       0x89 /root/piecewise/src/glibc-2.23/build-tree/amd64-libc/elf/rtld-libc.a(rtld-getdents.os)
                0x000000000001f4a0                __getdents
                0x000000000001f4a0                __getdents64
 *fill*         0x000000000001f529        0x7 
 .text          0x000000000001f530       0x8e /root/piecewise/src/glibc-2.23/build-tree/amd64-libc/elf/rtld-libc.a(rtld-fdopendir.os)
                0x000000000001f530                fdopendir
                0x000000000001f530                __fdopendir
 *fill*         0x000000000001f5be        0x2 
 .text          0x000000000001f5c0      0x177 /root/piecewise/src/glibc-2.23/build-tree/amd64-libc/elf/rtld-libc.a(rtld-profil.os)
                0x000000000001f610                __profil
                0x000000000001f610                profil
 *fill*         0x000000000001f737        0x9 
 .text          0x000000000001f740        0x7 /root/piecewise/src/glibc-2.23/build-tree/amd64-libc/elf/rtld-libc.a(rtld-prof-freq.os)
                0x000000000001f740                __profile_frequency
 *fill*         0x000000000001f747        0x9 
 .text          0x000000000001f750       0x40 /root/piecewise/src/glibc-2.23/build-tree/amd64-libc/elf/rtld-libc.a(rtld-xstat.os)
                0x000000000001f750                _xstat
                0x000000000001f750                __xstat64
                0x000000000001f750                __GI___xstat64
                0x000000000001f750                __GI___xstat
                0x000000000001f750                __xstat
 .text          0x000000000001f790       0x40 /root/piecewise/src/glibc-2.23/build-tree/amd64-libc/elf/rtld-libc.a(rtld-fxstat.os)
                0x000000000001f790                __GI___fxstat
                0x000000000001f790                __GI___fxstat64
                0x000000000001f790                __fxstat64
                0x000000000001f790                _fxstat
                0x000000000001f790                __fxstat
 .text          0x000000000001f7d0       0x40 /root/piecewise/src/glibc-2.23/build-tree/amd64-libc/elf/rtld-libc.a(rtld-lxstat.os)
                0x000000000001f7d0                __GI___lxstat
                0x000000000001f7d0                _lxstat
                0x000000000001f7d0                __lxstat
                0x000000000001f7d0                __lxstat64
                0x000000000001f7d0                __GI___lxstat64
 .text          0x000000000001f810       0x20 /root/piecewise/src/glibc-2.23/build-tree/amd64-libc/elf/rtld-libc.a(rtld-open.os)
                0x000000000001f810                __GI___open64
                0x000000000001f810                __open
                0x000000000001f810                __GI_open
                0x000000000001f810                __GI___open
                0x000000000001f810                __GI_open64
                0x000000000001f810                __libc_open
                0x000000000001f810                open64
                0x000000000001f810                __GI___libc_open
                0x000000000001f810                open
                0x000000000001f810                __open64
 .text          0x000000000001f830       0x20 /root/piecewise/src/glibc-2.23/build-tree/amd64-libc/elf/rtld-libc.a(rtld-read.os)
                0x000000000001f830                __read
                0x000000000001f830                __GI_read
                0x000000000001f830                __libc_read
                0x000000000001f830                __GI___read
                0x000000000001f830                read
                0x000000000001f830                __GI___libc_read
 .text          0x000000000001f850       0x20 /root/piecewise/src/glibc-2.23/build-tree/amd64-libc/elf/rtld-libc.a(rtld-write.os)
                0x000000000001f850                __write
                0x000000000001f850                __GI_write
                0x000000000001f850                write
                0x000000000001f850                __GI___libc_write
                0x000000000001f850                __GI___write
                0x000000000001f850                __libc_write
 .text          0x000000000001f870       0x20 /root/piecewise/src/glibc-2.23/build-tree/amd64-libc/elf/rtld-libc.a(rtld-access.os)
                0x000000000001f870                __GI_access
                0x000000000001f870                __GI___access
                0x000000000001f870                access
                0x000000000001f870                __access
 .text          0x000000000001f890       0x7e /root/piecewise/src/glibc-2.23/build-tree/amd64-libc/elf/rtld-libc.a(rtld-fcntl.os)
                0x000000000001f890                __libc_fcntl
                0x000000000001f890                __fcntl
                0x000000000001f890                fcntl
 *fill*         0x000000000001f90e        0x2 
 .text          0x000000000001f910       0x20 /root/piecewise/src/glibc-2.23/build-tree/amd64-libc/elf/rtld-libc.a(rtld-close.os)
                0x000000000001f910                __GI_close
                0x000000000001f910                __GI___libc_close
                0x000000000001f910                __libc_close
                0x000000000001f910                __close
                0x000000000001f910                __GI___close
                0x000000000001f910                close
 .text          0x000000000001f930       0xae /root/piecewise/src/glibc-2.23/build-tree/amd64-libc/elf/rtld-libc.a(rtld-mmap.os)
                0x000000000001f930                __mmap
                0x000000000001f930                mmap
                0x000000000001f930                __mmap64
                0x000000000001f930                mmap64
 *fill*         0x000000000001f9de        0x2 
 .text          0x000000000001f9e0       0x20 /root/piecewise/src/glibc-2.23/build-tree/amd64-libc/elf/rtld-libc.a(rtld-munmap.os)
                0x000000000001f9e0                munmap
                0x000000000001f9e0                __GI___munmap
                0x000000000001f9e0                __GI_munmap
                0x000000000001f9e0                __munmap
 .text          0x000000000001fa00       0x20 /root/piecewise/src/glibc-2.23/build-tree/amd64-libc/elf/rtld-libc.a(rtld-mprotect.os)
                0x000000000001fa00                __mprotect
                0x000000000001fa00                __GI___mprotect
                0x000000000001fa00                __GI_mprotect
                0x000000000001fa00                mprotect
 .text          0x000000000001fa20       0x20 /root/piecewise/src/glibc-2.23/build-tree/amd64-libc/elf/rtld-libc.a(rtld-llseek.os)
                0x000000000001fa20                __GI___lseek
                0x000000000001fa20                __GI_lseek64
                0x000000000001fa20                __llseek
                0x000000000001fa20                __GI_llseek
                0x000000000001fa20                __lseek64
                0x000000000001fa20                lseek
                0x000000000001fa20                __libc_lseek64
                0x000000000001fa20                __GI___libc_lseek64
                0x000000000001fa20                __GI___libc_lseek
                0x000000000001fa20                llseek
                0x000000000001fa20                __lseek
                0x000000000001fa20                __GI___lseek64
                0x000000000001fa20                __libc_lseek
                0x000000000001fa20                __GI___llseek
                0x000000000001fa20                __GI_lseek
                0x000000000001fa20                lseek64
 .text          0x000000000001fa40       0x20 /root/piecewise/src/glibc-2.23/build-tree/amd64-libc/elf/rtld-libc.a(rtld-uname.os)
                0x000000000001fa40                uname
                0x000000000001fa40                __GI_uname
                0x000000000001fa40                __uname
                0x000000000001fa40                __GI___uname
 .text          0x000000000001fa60       0x4a /root/piecewise/src/glibc-2.23/build-tree/amd64-libc/elf/rtld-libc.a(rtld-_exit.os)
                0x000000000001fa60                _Exit
                0x000000000001fa60                __GI__exit
                0x000000000001fa60                _exit
 *fill*         0x000000000001faaa        0x6 
 .text          0x000000000001fab0        0x8 /root/piecewise/src/glibc-2.23/build-tree/amd64-libc/elf/rtld-libc.a(rtld-getpid.os)
                0x000000000001fab0                __getpid
                0x000000000001fab0                getpid
 .text          0x000000000001fab8        0x0 /root/piecewise/src/glibc-2.23/build-tree/amd64-libc/elf/rtld-libc.a(rtld-environ.os)
 *fill*         0x000000000001fab8        0x8 
 .text          0x000000000001fac0       0x50 /root/piecewise/src/glibc-2.23/build-tree/amd64-libc/elf/rtld-libc.a(rtld-setjmp.os)
                0x000000000001fac0                __sigsetjmp
                0x000000000001fac0                __GI___sigsetjmp
 .text          0x000000000001fb10       0x4c /root/piecewise/src/glibc-2.23/build-tree/amd64-libc/elf/rtld-libc.a(rtld-__longjmp.os)
                0x000000000001fb10                __longjmp
 *fill*         0x000000000001fb5c        0x4 
 .text          0x000000000001fb60      0x270 /root/piecewise/src/glibc-2.23/build-tree/amd64-libc/elf/rtld-libc.a(rtld-sigaction.os)
                0x000000000001fb80                __libc_sigaction
                0x000000000001fdb0                sigaction
                0x000000000001fdb0                __sigaction
 .text          0x000000000001fdd0      0x105 /root/piecewise/src/glibc-2.23/build-tree/amd64-libc/elf/rtld-libc.a(rtld-exit.os)
                0x000000000001fdd0                __run_exit_handlers
                0x000000000001fec0                exit
 *fill*         0x000000000001fed5        0xb 
 .text          0x000000000001fee0      0x1dd /root/piecewise/src/glibc-2.23/build-tree/amd64-libc/elf/rtld-libc.a(rtld-cxa_atexit.os)
                0x000000000001fee0                __new_exitfn
                0x0000000000020020                __internal_atexit
                0x0000000000020070                __cxa_atexit
 *fill*         0x00000000000200bd        0x3 
 .text          0x00000000000200c0      0x123 /root/piecewise/src/glibc-2.23/build-tree/amd64-libc/elf/rtld-libc.a(rtld-cxa_thread_atexit_impl.os)
                0x00000000000200c0                __cxa_thread_atexit_impl
                0x0000000000020180                __call_tls_dtors
 *fill*         0x00000000000201e3        0xd 
 .text          0x00000000000201f0      0x21a /root/piecewise/src/glibc-2.23/build-tree/amd64-libc/elf/rtld-libc.a(rtld-strchr.os)
                0x00000000000201f0                index
                0x00000000000201f0                strchr
 *fill*         0x000000000002040a        0x6 
 .text          0x0000000000020410     0x1439 /root/piecewise/src/glibc-2.23/build-tree/amd64-libc/elf/rtld-libc.a(rtld-strcmp.os)
                0x0000000000020410                strcmp
 *fill*         0x0000000000021849        0x7 
 .text          0x0000000000021850       0x41 /root/piecewise/src/glibc-2.23/build-tree/amd64-libc/elf/rtld-libc.a(rtld-strdup.os)
                0x0000000000021850                __strdup
                0x0000000000021850                strdup
 *fill*         0x0000000000021891        0xf 
 .text          0x00000000000218a0      0x19c /root/piecewise/src/glibc-2.23/build-tree/amd64-libc/elf/rtld-libc.a(rtld-strlen.os)
                0x00000000000218a0                strlen
 *fill*         0x0000000000021a3c        0x4 
 .text          0x0000000000021a40      0x218 /root/piecewise/src/glibc-2.23/build-tree/amd64-libc/elf/rtld-libc.a(rtld-strnlen.os)
                0x0000000000021a40                __strnlen
                0x0000000000021a40                strnlen
 *fill*         0x0000000000021c58        0x8 
 .text          0x0000000000021c60      0x344 /root/piecewise/src/glibc-2.23/build-tree/amd64-libc/elf/rtld-libc.a(rtld-memchr.os)
                0x0000000000021c60                memchr
                0x0000000000021c60                __memchr
 *fill*         0x0000000000021fa4        0xc 
 .text          0x0000000000021fb0      0x400 /root/piecewise/src/glibc-2.23/build-tree/amd64-libc/elf/rtld-libc.a(rtld-memcmp.os)
                0x0000000000021fb0                bcmp
                0x0000000000021fb0                memcmp
 .text          0x00000000000223b0      0x15b /root/piecewise/src/glibc-2.23/build-tree/amd64-libc/elf/rtld-libc.a(rtld-memmove.os)
                0x00000000000223b0                memmove
 *fill*         0x000000000002250b        0x5 
 .text          0x0000000000022510       0xe3 /root/piecewise/src/glibc-2.23/build-tree/amd64-libc/elf/rtld-libc.a(rtld-memset.os)
                0x0000000000022510                memset
 *fill*         0x00000000000225f3        0xd 
 .text          0x0000000000022600      0x14d /root/piecewise/src/glibc-2.23/build-tree/amd64-libc/elf/rtld-libc.a(rtld-mempcpy.os)
                0x0000000000022600                mempcpy
                0x0000000000022600                __mempcpy
 *fill*         0x000000000002274d        0x3 
 .text          0x0000000000022750       0xdc /root/piecewise/src/glibc-2.23/build-tree/amd64-libc/elf/rtld-libc.a(rtld-stpcpy.os)
                0x0000000000022750                stpcpy
                0x0000000000022750                __stpcpy
 *fill*         0x000000000002282c        0x4 
 .text          0x0000000000022830      0x160 /root/piecewise/src/glibc-2.23/build-tree/amd64-libc/elf/rtld-libc.a(rtld-memcpy.os)
                0x0000000000022830                memcpy
 .text          0x0000000000022990      0x556 /root/piecewise/src/glibc-2.23/build-tree/amd64-libc/elf/rtld-libc.a(rtld-wordcopy.os)
                0x0000000000022990                _wordcopy_fwd_aligned
                0x0000000000022ad0                _wordcopy_fwd_dest_aligned
                0x0000000000022c00                _wordcopy_bwd_aligned
                0x0000000000022d90                _wordcopy_bwd_dest_aligned
 *fill*         0x0000000000022ee6        0xa 
 .text          0x0000000000022ef0      0x204 /root/piecewise/src/glibc-2.23/build-tree/amd64-libc/elf/rtld-libc.a(rtld-rawmemchr.os)
                0x0000000000022ef0                __rawmemchr
                0x0000000000022ef0                rawmemchr
 *fill*         0x00000000000230f4        0xc 
 .text          0x0000000000023100       0x20 /root/piecewise/src/glibc-2.23/build-tree/amd64-libc/elf/rtld-libc.a(rtld-setitimer.os)
                0x0000000000023100                setitimer
                0x0000000000023100                __setitimer
                0x0000000000023100                __GI_setitimer
                0x0000000000023100                __GI___setitimer
 *(.gnu.warning)

.text.unlikely  0x0000000000000000      0x2fd
 .text.unlikely
                0x0000000000000000      0x2fd /root/piecewise/src/glibc-2.23/build-tree/amd64-libc/elf/dl-allobjs.os
 .text.unlikely
                0x00000000000002fd        0x0 /root/piecewise/src/glibc-2.23/build-tree/amd64-libc/elf/rtld-libc.a(rtld-check_fds.os)
 .text.unlikely
                0x00000000000002fd        0x0 /root/piecewise/src/glibc-2.23/build-tree/amd64-libc/elf/rtld-libc.a(rtld-closedir.os)
 .text.unlikely
                0x00000000000002fd        0x0 /root/piecewise/src/glibc-2.23/build-tree/amd64-libc/elf/rtld-libc.a(rtld-readdir.os)
 .text.unlikely
                0x00000000000002fd        0x0 /root/piecewise/src/glibc-2.23/build-tree/amd64-libc/elf/rtld-libc.a(rtld-rewinddir.os)
 .text.unlikely
                0x00000000000002fd        0x0 /root/piecewise/src/glibc-2.23/build-tree/amd64-libc/elf/rtld-libc.a(rtld-getdents.os)
 .text.unlikely
                0x00000000000002fd        0x0 /root/piecewise/src/glibc-2.23/build-tree/amd64-libc/elf/rtld-libc.a(rtld-fdopendir.os)
 .text.unlikely
                0x00000000000002fd        0x0 /root/piecewise/src/glibc-2.23/build-tree/amd64-libc/elf/rtld-libc.a(rtld-profil.os)
 .text.unlikely
                0x00000000000002fd        0x0 /root/piecewise/src/glibc-2.23/build-tree/amd64-libc/elf/rtld-libc.a(rtld-prof-freq.os)
 .text.unlikely
                0x00000000000002fd        0x0 /root/piecewise/src/glibc-2.23/build-tree/amd64-libc/elf/rtld-libc.a(rtld-xstat.os)
 .text.unlikely
                0x00000000000002fd        0x0 /root/piecewise/src/glibc-2.23/build-tree/amd64-libc/elf/rtld-libc.a(rtld-fxstat.os)
 .text.unlikely
                0x00000000000002fd        0x0 /root/piecewise/src/glibc-2.23/build-tree/amd64-libc/elf/rtld-libc.a(rtld-lxstat.os)
 .text.unlikely
                0x00000000000002fd        0x0 /root/piecewise/src/glibc-2.23/build-tree/amd64-libc/elf/rtld-libc.a(rtld-fcntl.os)
 .text.unlikely
                0x00000000000002fd        0x0 /root/piecewise/src/glibc-2.23/build-tree/amd64-libc/elf/rtld-libc.a(rtld-mmap.os)
 .text.unlikely
                0x00000000000002fd        0x0 /root/piecewise/src/glibc-2.23/build-tree/amd64-libc/elf/rtld-libc.a(rtld-_exit.os)
 .text.unlikely
                0x00000000000002fd        0x0 /root/piecewise/src/glibc-2.23/build-tree/amd64-libc/elf/rtld-libc.a(rtld-getpid.os)
 .text.unlikely
                0x00000000000002fd        0x0 /root/piecewise/src/glibc-2.23/build-tree/amd64-libc/elf/rtld-libc.a(rtld-sigaction.os)
 .text.unlikely
                0x00000000000002fd        0x0 /root/piecewise/src/glibc-2.23/build-tree/amd64-libc/elf/rtld-libc.a(rtld-exit.os)
 .text.unlikely
                0x00000000000002fd        0x0 /root/piecewise/src/glibc-2.23/build-tree/amd64-libc/elf/rtld-libc.a(rtld-cxa_atexit.os)
 .text.unlikely
                0x00000000000002fd        0x0 /root/piecewise/src/glibc-2.23/build-tree/amd64-libc/elf/rtld-libc.a(rtld-cxa_thread_atexit_impl.os)
 .text.unlikely
                0x00000000000002fd        0x0 /root/piecewise/src/glibc-2.23/build-tree/amd64-libc/elf/rtld-libc.a(rtld-strdup.os)
 .text.unlikely
                0x00000000000002fd        0x0 /root/piecewise/src/glibc-2.23/build-tree/amd64-libc/elf/rtld-libc.a(rtld-memmove.os)
 .text.unlikely
                0x00000000000002fd        0x0 /root/piecewise/src/glibc-2.23/build-tree/amd64-libc/elf/rtld-libc.a(rtld-wordcopy.os)

.fini
 *(SORT_NONE(.fini))

.rodata         0x0000000000000000      0xef0
 *(.rodata)
 .rodata        0x0000000000000000      0xe70 /root/piecewise/src/glibc-2.23/build-tree/amd64-libc/elf/dl-allobjs.os
                0x0000000000000e60                __GI__itoa_lower_digits
                0x0000000000000e60                _itoa_lower_digits
 .rodata        0x0000000000000e70       0x40 /root/piecewise/src/glibc-2.23/build-tree/amd64-libc/elf/rtld-libc.a(rtld-strcmp.os)
 .rodata        0x0000000000000eb0       0x40 /root/piecewise/src/glibc-2.23/build-tree/amd64-libc/elf/rtld-libc.a(rtld-wordcopy.os)

.rodata.str1.1  0x0000000000000000     0x109e
 .rodata.str1.1
                0x0000000000000000     0x1073 /root/piecewise/src/glibc-2.23/build-tree/amd64-libc/elf/dl-allobjs.os
 .rodata.str1.1
                0x0000000000001073       0x14 /root/piecewise/src/glibc-2.23/build-tree/amd64-libc/elf/rtld-libc.a(rtld-check_fds.os)
 .rodata.str1.1
                0x0000000000001087       0x17 /root/piecewise/src/glibc-2.23/build-tree/amd64-libc/elf/rtld-libc.a(rtld-cxa_atexit.os)

.rodata.str1.8  0x0000000000000000     0x23e5
 .rodata.str1.8
                0x0000000000000000     0x23d1 /root/piecewise/src/glibc-2.23/build-tree/amd64-libc/elf/dl-allobjs.os
 *fill*         0x00000000000023d1        0x7 
 .rodata.str1.8
                0x00000000000023d8        0xd /root/piecewise/src/glibc-2.23/build-tree/amd64-libc/elf/rtld-libc.a(rtld-cxa_atexit.os)

.stapsdt.base   0x0000000000000000        0x1
 .stapsdt.base  0x0000000000000000        0x1 /root/piecewise/src/glibc-2.23/build-tree/amd64-libc/elf/dl-allobjs.os
                0x0000000000000000                _.stapsdt.base

.rodata.str1.16
                0x0000000000000000      0x373
 .rodata.str1.16
                0x0000000000000000      0x373 /root/piecewise/src/glibc-2.23/build-tree/amd64-libc/elf/dl-allobjs.os

.rodata.cst16   0x0000000000000000       0x20
 .rodata.cst16  0x0000000000000000       0x20 /root/piecewise/src/glibc-2.23/build-tree/amd64-libc/elf/dl-allobjs.os

.rodata.cst4    0x0000000000000000        0x4
 .rodata.cst4   0x0000000000000000        0x4 /root/piecewise/src/glibc-2.23/build-tree/amd64-libc/elf/dl-allobjs.os

.rodata.str1.32
                0x0000000000000000       0x3b
 .rodata.str1.32
                0x0000000000000000       0x3b /root/piecewise/src/glibc-2.23/build-tree/amd64-libc/elf/dl-allobjs.os

.rodata1
 *(.rodata1)

.eh_frame_hdr
 *(.eh_frame_hdr)

.eh_frame       0x0000000000000000     0x2de4
 *(.eh_frame)
 .eh_frame      0x0000000000000000     0x2238 /root/piecewise/src/glibc-2.23/build-tree/amd64-libc/elf/dl-allobjs.os
                                       0x2274 (size before relaxing)
 *fill*         0x0000000000002238        0x0 
 .eh_frame      0x0000000000002238       0x38 /root/piecewise/src/glibc-2.23/build-tree/amd64-libc/elf/rtld-libc.a(rtld-check_fds.os)
 .eh_frame      0x0000000000002270       0x40 /root/piecewise/src/glibc-2.23/build-tree/amd64-libc/elf/rtld-libc.a(rtld-closedir.os)
 .eh_frame      0x00000000000022b0       0x48 /root/piecewise/src/glibc-2.23/build-tree/amd64-libc/elf/rtld-libc.a(rtld-readdir.os)
 .eh_frame      0x00000000000022f8       0x38 /root/piecewise/src/glibc-2.23/build-tree/amd64-libc/elf/rtld-libc.a(rtld-rewinddir.os)
 .eh_frame      0x0000000000002330       0x68 /root/piecewise/src/glibc-2.23/build-tree/amd64-libc/elf/rtld-libc.a(rtld-getdents.os)
 .eh_frame      0x0000000000002398       0x50 /root/piecewise/src/glibc-2.23/build-tree/amd64-libc/elf/rtld-libc.a(rtld-fdopendir.os)
 .eh_frame      0x00000000000023e8       0x50 /root/piecewise/src/glibc-2.23/build-tree/amd64-libc/elf/rtld-libc.a(rtld-profil.os)
 .eh_frame      0x0000000000002438       0x30 /root/piecewise/src/glibc-2.23/build-tree/amd64-libc/elf/rtld-libc.a(rtld-prof-freq.os)
 .eh_frame      0x0000000000002468       0x30 /root/piecewise/src/glibc-2.23/build-tree/amd64-libc/elf/rtld-libc.a(rtld-xstat.os)
 .eh_frame      0x0000000000002498       0x30 /root/piecewise/src/glibc-2.23/build-tree/amd64-libc/elf/rtld-libc.a(rtld-fxstat.os)
 .eh_frame      0x00000000000024c8       0x30 /root/piecewise/src/glibc-2.23/build-tree/amd64-libc/elf/rtld-libc.a(rtld-lxstat.os)
 .eh_frame      0x00000000000024f8       0x30 /root/piecewise/src/glibc-2.23/build-tree/amd64-libc/elf/rtld-libc.a(rtld-open.os)
 .eh_frame      0x0000000000002528       0x30 /root/piecewise/src/glibc-2.23/build-tree/amd64-libc/elf/rtld-libc.a(rtld-read.os)
 .eh_frame      0x0000000000002558       0x30 /root/piecewise/src/glibc-2.23/build-tree/amd64-libc/elf/rtld-libc.a(rtld-write.os)
 .eh_frame      0x0000000000002588       0x30 /root/piecewise/src/glibc-2.23/build-tree/amd64-libc/elf/rtld-libc.a(rtld-access.os)
 .eh_frame      0x00000000000025b8       0x30 /root/piecewise/src/glibc-2.23/build-tree/amd64-libc/elf/rtld-libc.a(rtld-fcntl.os)
 .eh_frame      0x00000000000025e8       0x30 /root/piecewise/src/glibc-2.23/build-tree/amd64-libc/elf/rtld-libc.a(rtld-close.os)
 .eh_frame      0x0000000000002618       0x60 /root/piecewise/src/glibc-2.23/build-tree/amd64-libc/elf/rtld-libc.a(rtld-mmap.os)
 .eh_frame      0x0000000000002678       0x30 /root/piecewise/src/glibc-2.23/build-tree/amd64-libc/elf/rtld-libc.a(rtld-munmap.os)
 .eh_frame      0x00000000000026a8       0x30 /root/piecewise/src/glibc-2.23/build-tree/amd64-libc/elf/rtld-libc.a(rtld-mprotect.os)
 .eh_frame      0x00000000000026d8       0x30 /root/piecewise/src/glibc-2.23/build-tree/amd64-libc/elf/rtld-libc.a(rtld-llseek.os)
 .eh_frame      0x0000000000002708       0x30 /root/piecewise/src/glibc-2.23/build-tree/amd64-libc/elf/rtld-libc.a(rtld-uname.os)
 .eh_frame      0x0000000000002738       0x30 /root/piecewise/src/glibc-2.23/build-tree/amd64-libc/elf/rtld-libc.a(rtld-_exit.os)
 .eh_frame      0x0000000000002768       0x30 /root/piecewise/src/glibc-2.23/build-tree/amd64-libc/elf/rtld-libc.a(rtld-getpid.os)
 .eh_frame      0x0000000000002798       0x30 /root/piecewise/src/glibc-2.23/build-tree/amd64-libc/elf/rtld-libc.a(rtld-setjmp.os)
 .eh_frame      0x00000000000027c8       0x48 /root/piecewise/src/glibc-2.23/build-tree/amd64-libc/elf/rtld-libc.a(rtld-__longjmp.os)
 .eh_frame      0x0000000000002810       0xe0 /root/piecewise/src/glibc-2.23/build-tree/amd64-libc/elf/rtld-libc.a(rtld-sigaction.os)
                                         0xe8 (size before relaxing)
 .eh_frame      0x00000000000028f0       0x50 /root/piecewise/src/glibc-2.23/build-tree/amd64-libc/elf/rtld-libc.a(rtld-exit.os)
 .eh_frame      0x0000000000002940       0xa0 /root/piecewise/src/glibc-2.23/build-tree/amd64-libc/elf/rtld-libc.a(rtld-cxa_atexit.os)
 .eh_frame      0x00000000000029e0       0x80 /root/piecewise/src/glibc-2.23/build-tree/amd64-libc/elf/rtld-libc.a(rtld-cxa_thread_atexit_impl.os)
 .eh_frame      0x0000000000002a60       0x30 /root/piecewise/src/glibc-2.23/build-tree/amd64-libc/elf/rtld-libc.a(rtld-strchr.os)
 .eh_frame      0x0000000000002a90       0x30 /root/piecewise/src/glibc-2.23/build-tree/amd64-libc/elf/rtld-libc.a(rtld-strcmp.os)
 .eh_frame      0x0000000000002ac0       0x50 /root/piecewise/src/glibc-2.23/build-tree/amd64-libc/elf/rtld-libc.a(rtld-strdup.os)
 .eh_frame      0x0000000000002b10       0x30 /root/piecewise/src/glibc-2.23/build-tree/amd64-libc/elf/rtld-libc.a(rtld-strlen.os)
 .eh_frame      0x0000000000002b40       0x30 /root/piecewise/src/glibc-2.23/build-tree/amd64-libc/elf/rtld-libc.a(rtld-strnlen.os)
 .eh_frame      0x0000000000002b70       0x30 /root/piecewise/src/glibc-2.23/build-tree/amd64-libc/elf/rtld-libc.a(rtld-memchr.os)
 .eh_frame      0x0000000000002ba0       0x30 /root/piecewise/src/glibc-2.23/build-tree/amd64-libc/elf/rtld-libc.a(rtld-memcmp.os)
 .eh_frame      0x0000000000002bd0       0x68 /root/piecewise/src/glibc-2.23/build-tree/amd64-libc/elf/rtld-libc.a(rtld-memmove.os)
 .eh_frame      0x0000000000002c38       0x30 /root/piecewise/src/glibc-2.23/build-tree/amd64-libc/elf/rtld-libc.a(rtld-memset.os)
 .eh_frame      0x0000000000002c68       0x30 /root/piecewise/src/glibc-2.23/build-tree/amd64-libc/elf/rtld-libc.a(rtld-mempcpy.os)
 .eh_frame      0x0000000000002c98       0x30 /root/piecewise/src/glibc-2.23/build-tree/amd64-libc/elf/rtld-libc.a(rtld-stpcpy.os)
 .eh_frame      0x0000000000002cc8       0x30 /root/piecewise/src/glibc-2.23/build-tree/amd64-libc/elf/rtld-libc.a(rtld-memcpy.os)
 .eh_frame      0x0000000000002cf8       0x90 /root/piecewise/src/glibc-2.23/build-tree/amd64-libc/elf/rtld-libc.a(rtld-wordcopy.os)
 .eh_frame      0x0000000000002d88       0x30 /root/piecewise/src/glibc-2.23/build-tree/amd64-libc/elf/rtld-libc.a(rtld-rawmemchr.os)
 .eh_frame      0x0000000000002db8       0x2c /root/piecewise/src/glibc-2.23/build-tree/amd64-libc/elf/rtld-libc.a(rtld-setitimer.os)
                                         0x30 (size before relaxing)

.gcc_except_table
 *(.gcc_except_table)

.gnu_extab
 *(.gnu_extab*)

.exception_ranges
 *(.exception_ranges)

.eh_frame
 *(.eh_frame)

.gnu_extab
 *(.gnu_extab)

.gcc_except_table
 *(.gcc_except_table)

.exception_ranges
 *(.exception_ranges)

.tdata
 *(.tdata)

.tbss           0x0000000000000000       0x10
 *(.tbss)
 .tbss          0x0000000000000000       0x10 /root/piecewise/src/glibc-2.23/build-tree/amd64-libc/elf/rtld-libc.a(rtld-cxa_thread_atexit_impl.os)

.jcr
 *(.jcr)

.dynamic
 *(.dynamic)

.got
 *(.got)

.got.plt
 *(.got.plt)

.data           0x0000000000000000      0xfe8
 *(.data)
 .data          0x0000000000000000      0xfe8 /root/piecewise/src/glibc-2.23/build-tree/amd64-libc/elf/dl-allobjs.os
                0x0000000000000000                _rtld_global
                0x0000000000000000                _rtld_local
 .data          0x0000000000000fe8        0x0 /root/piecewise/src/glibc-2.23/build-tree/amd64-libc/elf/rtld-libc.a(rtld-check_fds.os)
 .data          0x0000000000000fe8        0x0 /root/piecewise/src/glibc-2.23/build-tree/amd64-libc/elf/rtld-libc.a(rtld-errno.os)
 .data          0x0000000000000fe8        0x0 /root/piecewise/src/glibc-2.23/build-tree/amd64-libc/elf/rtld-libc.a(rtld-closedir.os)
 .data          0x0000000000000fe8        0x0 /root/piecewise/src/glibc-2.23/build-tree/amd64-libc/elf/rtld-libc.a(rtld-readdir.os)
 .data          0x0000000000000fe8        0x0 /root/piecewise/src/glibc-2.23/build-tree/amd64-libc/elf/rtld-libc.a(rtld-rewinddir.os)
 .data          0x0000000000000fe8        0x0 /root/piecewise/src/glibc-2.23/build-tree/amd64-libc/elf/rtld-libc.a(rtld-getdents.os)
 .data          0x0000000000000fe8        0x0 /root/piecewise/src/glibc-2.23/build-tree/amd64-libc/elf/rtld-libc.a(rtld-fdopendir.os)
 .data          0x0000000000000fe8        0x0 /root/piecewise/src/glibc-2.23/build-tree/amd64-libc/elf/rtld-libc.a(rtld-profil.os)
 .data          0x0000000000000fe8        0x0 /root/piecewise/src/glibc-2.23/build-tree/amd64-libc/elf/rtld-libc.a(rtld-prof-freq.os)
 .data          0x0000000000000fe8        0x0 /root/piecewise/src/glibc-2.23/build-tree/amd64-libc/elf/rtld-libc.a(rtld-xstat.os)
 .data          0x0000000000000fe8        0x0 /root/piecewise/src/glibc-2.23/build-tree/amd64-libc/elf/rtld-libc.a(rtld-fxstat.os)
 .data          0x0000000000000fe8        0x0 /root/piecewise/src/glibc-2.23/build-tree/amd64-libc/elf/rtld-libc.a(rtld-lxstat.os)
 .data          0x0000000000000fe8        0x0 /root/piecewise/src/glibc-2.23/build-tree/amd64-libc/elf/rtld-libc.a(rtld-open.os)
 .data          0x0000000000000fe8        0x0 /root/piecewise/src/glibc-2.23/build-tree/amd64-libc/elf/rtld-libc.a(rtld-read.os)
 .data          0x0000000000000fe8        0x0 /root/piecewise/src/glibc-2.23/build-tree/amd64-libc/elf/rtld-libc.a(rtld-write.os)
 .data          0x0000000000000fe8        0x0 /root/piecewise/src/glibc-2.23/build-tree/amd64-libc/elf/rtld-libc.a(rtld-access.os)
 .data          0x0000000000000fe8        0x0 /root/piecewise/src/glibc-2.23/build-tree/amd64-libc/elf/rtld-libc.a(rtld-fcntl.os)
 .data          0x0000000000000fe8        0x0 /root/piecewise/src/glibc-2.23/build-tree/amd64-libc/elf/rtld-libc.a(rtld-close.os)
 .data          0x0000000000000fe8        0x0 /root/piecewise/src/glibc-2.23/build-tree/amd64-libc/elf/rtld-libc.a(rtld-mmap.os)
 .data          0x0000000000000fe8        0x0 /root/piecewise/src/glibc-2.23/build-tree/amd64-libc/elf/rtld-libc.a(rtld-munmap.os)
 .data          0x0000000000000fe8        0x0 /root/piecewise/src/glibc-2.23/build-tree/amd64-libc/elf/rtld-libc.a(rtld-mprotect.os)
 .data          0x0000000000000fe8        0x0 /root/piecewise/src/glibc-2.23/build-tree/amd64-libc/elf/rtld-libc.a(rtld-llseek.os)
 .data          0x0000000000000fe8        0x0 /root/piecewise/src/glibc-2.23/build-tree/amd64-libc/elf/rtld-libc.a(rtld-uname.os)
 .data          0x0000000000000fe8        0x0 /root/piecewise/src/glibc-2.23/build-tree/amd64-libc/elf/rtld-libc.a(rtld-_exit.os)
 .data          0x0000000000000fe8        0x0 /root/piecewise/src/glibc-2.23/build-tree/amd64-libc/elf/rtld-libc.a(rtld-getpid.os)
 .data          0x0000000000000fe8        0x0 /root/piecewise/src/glibc-2.23/build-tree/amd64-libc/elf/rtld-libc.a(rtld-environ.os)
 .data          0x0000000000000fe8        0x0 /root/piecewise/src/glibc-2.23/build-tree/amd64-libc/elf/rtld-libc.a(rtld-setjmp.os)
 .data          0x0000000000000fe8        0x0 /root/piecewise/src/glibc-2.23/build-tree/amd64-libc/elf/rtld-libc.a(rtld-__longjmp.os)
 .data          0x0000000000000fe8        0x0 /root/piecewise/src/glibc-2.23/build-tree/amd64-libc/elf/rtld-libc.a(rtld-sigaction.os)
 .data          0x0000000000000fe8        0x0 /root/piecewise/src/glibc-2.23/build-tree/amd64-libc/elf/rtld-libc.a(rtld-exit.os)
 .data          0x0000000000000fe8        0x0 /root/piecewise/src/glibc-2.23/build-tree/amd64-libc/elf/rtld-libc.a(rtld-cxa_atexit.os)
 .data          0x0000000000000fe8        0x0 /root/piecewise/src/glibc-2.23/build-tree/amd64-libc/elf/rtld-libc.a(rtld-cxa_thread_atexit_impl.os)
 .data          0x0000000000000fe8        0x0 /root/piecewise/src/glibc-2.23/build-tree/amd64-libc/elf/rtld-libc.a(rtld-strchr.os)
 .data          0x0000000000000fe8        0x0 /root/piecewise/src/glibc-2.23/build-tree/amd64-libc/elf/rtld-libc.a(rtld-strcmp.os)
 .data          0x0000000000000fe8        0x0 /root/piecewise/src/glibc-2.23/build-tree/amd64-libc/elf/rtld-libc.a(rtld-strdup.os)
 .data          0x0000000000000fe8        0x0 /root/piecewise/src/glibc-2.23/build-tree/amd64-libc/elf/rtld-libc.a(rtld-strlen.os)
 .data          0x0000000000000fe8        0x0 /root/piecewise/src/glibc-2.23/build-tree/amd64-libc/elf/rtld-libc.a(rtld-strnlen.os)
 .data          0x0000000000000fe8        0x0 /root/piecewise/src/glibc-2.23/build-tree/amd64-libc/elf/rtld-libc.a(rtld-memchr.os)
 .data          0x0000000000000fe8        0x0 /root/piecewise/src/glibc-2.23/build-tree/amd64-libc/elf/rtld-libc.a(rtld-memcmp.os)
 .data          0x0000000000000fe8        0x0 /root/piecewise/src/glibc-2.23/build-tree/amd64-libc/elf/rtld-libc.a(rtld-memmove.os)
 .data          0x0000000000000fe8        0x0 /root/piecewise/src/glibc-2.23/build-tree/amd64-libc/elf/rtld-libc.a(rtld-memset.os)
 .data          0x0000000000000fe8        0x0 /root/piecewise/src/glibc-2.23/build-tree/amd64-libc/elf/rtld-libc.a(rtld-mempcpy.os)
 .data          0x0000000000000fe8        0x0 /root/piecewise/src/glibc-2.23/build-tree/amd64-libc/elf/rtld-libc.a(rtld-stpcpy.os)
 .data          0x0000000000000fe8        0x0 /root/piecewise/src/glibc-2.23/build-tree/amd64-libc/elf/rtld-libc.a(rtld-memcpy.os)
 .data          0x0000000000000fe8        0x0 /root/piecewise/src/glibc-2.23/build-tree/amd64-libc/elf/rtld-libc.a(rtld-wordcopy.os)
 .data          0x0000000000000fe8        0x0 /root/piecewise/src/glibc-2.23/build-tree/amd64-libc/elf/rtld-libc.a(rtld-rawmemchr.os)
 .data          0x0000000000000fe8        0x0 /root/piecewise/src/glibc-2.23/build-tree/amd64-libc/elf/rtld-libc.a(rtld-setitimer.os)

.data.rel.ro    0x0000000000000000      0x2bc
 .data.rel.ro   0x0000000000000000      0x2bc /root/piecewise/src/glibc-2.23/build-tree/amd64-libc/elf/dl-allobjs.os
                0x00000000000000b0                __pointer_chk_guard_local
                0x00000000000000b8                _dl_skip_args
                0x00000000000000c0                __GI__dl_argv
                0x00000000000000c0                _dl_argv
                0x00000000000000c8                _dl_argc
                0x00000000000000e0                _rtld_global_ro
                0x00000000000000e0                _rtld_local_ro
                0x00000000000002a0                __stack_prot
                0x00000000000002a8                _dl_random
                0x00000000000002b0                __libc_stack_end
                0x00000000000002b0                __GI___libc_stack_end
                0x00000000000002b8                __GI___libc_enable_secure
                0x00000000000002b8                __libc_enable_secure

.data.rel.local
                0x0000000000000000        0x8
 .data.rel.local
                0x0000000000000000        0x8 /root/piecewise/src/glibc-2.23/build-tree/amd64-libc/elf/rtld-libc.a(rtld-cxa_atexit.os)
                0x0000000000000000                __exit_funcs

.data1
 *(.data1)

.bss            0x0000000000000000      0x5a8
 *(.bss)
 .bss           0x0000000000000000      0x120 /root/piecewise/src/glibc-2.23/build-tree/amd64-libc/elf/dl-allobjs.os
                0x00000000000000f8                __libc_multiple_libcs
                0x0000000000000118                __curbrk
 .bss           0x0000000000000120        0x0 /root/piecewise/src/glibc-2.23/build-tree/amd64-libc/elf/rtld-libc.a(rtld-check_fds.os)
 .bss           0x0000000000000120        0x0 /root/piecewise/src/glibc-2.23/build-tree/amd64-libc/elf/rtld-libc.a(rtld-errno.os)
 .bss           0x0000000000000120        0x0 /root/piecewise/src/glibc-2.23/build-tree/amd64-libc/elf/rtld-libc.a(rtld-closedir.os)
 .bss           0x0000000000000120        0x0 /root/piecewise/src/glibc-2.23/build-tree/amd64-libc/elf/rtld-libc.a(rtld-readdir.os)
 .bss           0x0000000000000120        0x0 /root/piecewise/src/glibc-2.23/build-tree/amd64-libc/elf/rtld-libc.a(rtld-rewinddir.os)
 .bss           0x0000000000000120        0x0 /root/piecewise/src/glibc-2.23/build-tree/amd64-libc/elf/rtld-libc.a(rtld-getdents.os)
 .bss           0x0000000000000120        0x0 /root/piecewise/src/glibc-2.23/build-tree/amd64-libc/elf/rtld-libc.a(rtld-fdopendir.os)
 .bss           0x0000000000000120       0x20 /root/piecewise/src/glibc-2.23/build-tree/amd64-libc/elf/rtld-libc.a(rtld-profil.os)
 .bss           0x0000000000000140        0x0 /root/piecewise/src/glibc-2.23/build-tree/amd64-libc/elf/rtld-libc.a(rtld-prof-freq.os)
 .bss           0x0000000000000140        0x0 /root/piecewise/src/glibc-2.23/build-tree/amd64-libc/elf/rtld-libc.a(rtld-xstat.os)
 .bss           0x0000000000000140        0x0 /root/piecewise/src/glibc-2.23/build-tree/amd64-libc/elf/rtld-libc.a(rtld-fxstat.os)
 .bss           0x0000000000000140        0x0 /root/piecewise/src/glibc-2.23/build-tree/amd64-libc/elf/rtld-libc.a(rtld-lxstat.os)
 .bss           0x0000000000000140        0x0 /root/piecewise/src/glibc-2.23/build-tree/amd64-libc/elf/rtld-libc.a(rtld-open.os)
 .bss           0x0000000000000140        0x0 /root/piecewise/src/glibc-2.23/build-tree/amd64-libc/elf/rtld-libc.a(rtld-read.os)
 .bss           0x0000000000000140        0x0 /root/piecewise/src/glibc-2.23/build-tree/amd64-libc/elf/rtld-libc.a(rtld-write.os)
 .bss           0x0000000000000140        0x0 /root/piecewise/src/glibc-2.23/build-tree/amd64-libc/elf/rtld-libc.a(rtld-access.os)
 .bss           0x0000000000000140        0x0 /root/piecewise/src/glibc-2.23/build-tree/amd64-libc/elf/rtld-libc.a(rtld-fcntl.os)
 .bss           0x0000000000000140        0x0 /root/piecewise/src/glibc-2.23/build-tree/amd64-libc/elf/rtld-libc.a(rtld-close.os)
 .bss           0x0000000000000140        0x0 /root/piecewise/src/glibc-2.23/build-tree/amd64-libc/elf/rtld-libc.a(rtld-mmap.os)
 .bss           0x0000000000000140        0x0 /root/piecewise/src/glibc-2.23/build-tree/amd64-libc/elf/rtld-libc.a(rtld-munmap.os)
 .bss           0x0000000000000140        0x0 /root/piecewise/src/glibc-2.23/build-tree/amd64-libc/elf/rtld-libc.a(rtld-mprotect.os)
 .bss           0x0000000000000140        0x0 /root/piecewise/src/glibc-2.23/build-tree/amd64-libc/elf/rtld-libc.a(rtld-llseek.os)
 .bss           0x0000000000000140        0x0 /root/piecewise/src/glibc-2.23/build-tree/amd64-libc/elf/rtld-libc.a(rtld-uname.os)
 .bss           0x0000000000000140        0x0 /root/piecewise/src/glibc-2.23/build-tree/amd64-libc/elf/rtld-libc.a(rtld-_exit.os)
 .bss           0x0000000000000140        0x0 /root/piecewise/src/glibc-2.23/build-tree/amd64-libc/elf/rtld-libc.a(rtld-getpid.os)
 .bss           0x0000000000000140        0x8 /root/piecewise/src/glibc-2.23/build-tree/amd64-libc/elf/rtld-libc.a(rtld-environ.os)
                0x0000000000000140                _environ
                0x0000000000000140                __environ
                0x0000000000000140                environ
 .bss           0x0000000000000148        0x0 /root/piecewise/src/glibc-2.23/build-tree/amd64-libc/elf/rtld-libc.a(rtld-setjmp.os)
 .bss           0x0000000000000148        0x0 /root/piecewise/src/glibc-2.23/build-tree/amd64-libc/elf/rtld-libc.a(rtld-__longjmp.os)
 .bss           0x0000000000000148        0x0 /root/piecewise/src/glibc-2.23/build-tree/amd64-libc/elf/rtld-libc.a(rtld-sigaction.os)
 .bss           0x0000000000000148        0x0 /root/piecewise/src/glibc-2.23/build-tree/amd64-libc/elf/rtld-libc.a(rtld-exit.os)
 *fill*         0x0000000000000148       0x18 
 .bss           0x0000000000000160      0x448 /root/piecewise/src/glibc-2.23/build-tree/amd64-libc/elf/rtld-libc.a(rtld-cxa_atexit.os)
 .bss           0x00000000000005a8        0x0 /root/piecewise/src/glibc-2.23/build-tree/amd64-libc/elf/rtld-libc.a(rtld-cxa_thread_atexit_impl.os)
 .bss           0x00000000000005a8        0x0 /root/piecewise/src/glibc-2.23/build-tree/amd64-libc/elf/rtld-libc.a(rtld-strchr.os)
 .bss           0x00000000000005a8        0x0 /root/piecewise/src/glibc-2.23/build-tree/amd64-libc/elf/rtld-libc.a(rtld-strcmp.os)
 .bss           0x00000000000005a8        0x0 /root/piecewise/src/glibc-2.23/build-tree/amd64-libc/elf/rtld-libc.a(rtld-strdup.os)
 .bss           0x00000000000005a8        0x0 /root/piecewise/src/glibc-2.23/build-tree/amd64-libc/elf/rtld-libc.a(rtld-strlen.os)
 .bss           0x00000000000005a8        0x0 /root/piecewise/src/glibc-2.23/build-tree/amd64-libc/elf/rtld-libc.a(rtld-strnlen.os)
 .bss           0x00000000000005a8        0x0 /root/piecewise/src/glibc-2.23/build-tree/amd64-libc/elf/rtld-libc.a(rtld-memchr.os)
 .bss           0x00000000000005a8        0x0 /root/piecewise/src/glibc-2.23/build-tree/amd64-libc/elf/rtld-libc.a(rtld-memcmp.os)
 .bss           0x00000000000005a8        0x0 /root/piecewise/src/glibc-2.23/build-tree/amd64-libc/elf/rtld-libc.a(rtld-memmove.os)
 .bss           0x00000000000005a8        0x0 /root/piecewise/src/glibc-2.23/build-tree/amd64-libc/elf/rtld-libc.a(rtld-memset.os)
 .bss           0x00000000000005a8        0x0 /root/piecewise/src/glibc-2.23/build-tree/amd64-libc/elf/rtld-libc.a(rtld-mempcpy.os)
 .bss           0x00000000000005a8        0x0 /root/piecewise/src/glibc-2.23/build-tree/amd64-libc/elf/rtld-libc.a(rtld-stpcpy.os)
 .bss           0x00000000000005a8        0x0 /root/piecewise/src/glibc-2.23/build-tree/amd64-libc/elf/rtld-libc.a(rtld-memcpy.os)
 .bss           0x00000000000005a8        0x0 /root/piecewise/src/glibc-2.23/build-tree/amd64-libc/elf/rtld-libc.a(rtld-wordcopy.os)
 .bss           0x00000000000005a8        0x0 /root/piecewise/src/glibc-2.23/build-tree/amd64-libc/elf/rtld-libc.a(rtld-rawmemchr.os)
 .bss           0x00000000000005a8        0x0 /root/piecewise/src/glibc-2.23/build-tree/amd64-libc/elf/rtld-libc.a(rtld-setitimer.os)

.lbss
 *(.lbss)

.lrodata
 *(.lrodata)

.ldata
 *(.ldata)

.stab
 *(.stab)

.stabstr
 *(.stabstr)

.stab.excl
 *(.stab.excl)

.stab.exclstr
 *(.stab.exclstr)

.stab.index
 *(.stab.index)

.stab.indexstr
 *(.stab.indexstr)

.comment        0x0000000000000000      0xa9a
 *(.comment)
 .comment       0x0000000000000000      0x64a /root/piecewise/src/glibc-2.23/build-tree/amd64-libc/elf/dl-allobjs.os
 .comment       0x000000000000064a       0x2e /root/piecewise/src/glibc-2.23/build-tree/amd64-libc/elf/rtld-libc.a(rtld-check_fds.os)
 .comment       0x0000000000000678       0x2e /root/piecewise/src/glibc-2.23/build-tree/amd64-libc/elf/rtld-libc.a(rtld-errno.os)
 .comment       0x00000000000006a6       0x2e /root/piecewise/src/glibc-2.23/build-tree/amd64-libc/elf/rtld-libc.a(rtld-closedir.os)
 .comment       0x00000000000006d4       0x2e /root/piecewise/src/glibc-2.23/build-tree/amd64-libc/elf/rtld-libc.a(rtld-readdir.os)
 .comment       0x0000000000000702       0x2e /root/piecewise/src/glibc-2.23/build-tree/amd64-libc/elf/rtld-libc.a(rtld-rewinddir.os)
 .comment       0x0000000000000730       0x2e /root/piecewise/src/glibc-2.23/build-tree/amd64-libc/elf/rtld-libc.a(rtld-getdents.os)
 .comment       0x000000000000075e       0x2e /root/piecewise/src/glibc-2.23/build-tree/amd64-libc/elf/rtld-libc.a(rtld-fdopendir.os)
 .comment       0x000000000000078c       0x2e /root/piecewise/src/glibc-2.23/build-tree/amd64-libc/elf/rtld-libc.a(rtld-profil.os)
 .comment       0x00000000000007ba       0x2e /root/piecewise/src/glibc-2.23/build-tree/amd64-libc/elf/rtld-libc.a(rtld-prof-freq.os)
 .comment       0x00000000000007e8       0x2e /root/piecewise/src/glibc-2.23/build-tree/amd64-libc/elf/rtld-libc.a(rtld-xstat.os)
 .comment       0x0000000000000816       0x2e /root/piecewise/src/glibc-2.23/build-tree/amd64-libc/elf/rtld-libc.a(rtld-fxstat.os)
 .comment       0x0000000000000844       0x2e /root/piecewise/src/glibc-2.23/build-tree/amd64-libc/elf/rtld-libc.a(rtld-lxstat.os)
 .comment       0x0000000000000872       0x2e /root/piecewise/src/glibc-2.23/build-tree/amd64-libc/elf/rtld-libc.a(rtld-fcntl.os)
 .comment       0x00000000000008a0       0x2e /root/piecewise/src/glibc-2.23/build-tree/amd64-libc/elf/rtld-libc.a(rtld-mmap.os)
 .comment       0x00000000000008ce       0x2e /root/piecewise/src/glibc-2.23/build-tree/amd64-libc/elf/rtld-libc.a(rtld-_exit.os)
 .comment       0x00000000000008fc       0x2e /root/piecewise/src/glibc-2.23/build-tree/amd64-libc/elf/rtld-libc.a(rtld-getpid.os)
 .comment       0x000000000000092a       0x2e /root/piecewise/src/glibc-2.23/build-tree/amd64-libc/elf/rtld-libc.a(rtld-environ.os)
 .comment       0x0000000000000958       0x2e /root/piecewise/src/glibc-2.23/build-tree/amd64-libc/elf/rtld-libc.a(rtld-sigaction.os)
 .comment       0x0000000000000986       0x2e /root/piecewise/src/glibc-2.23/build-tree/amd64-libc/elf/rtld-libc.a(rtld-exit.os)
 .comment       0x00000000000009b4       0x2e /root/piecewise/src/glibc-2.23/build-tree/amd64-libc/elf/rtld-libc.a(rtld-cxa_atexit.os)
 .comment       0x00000000000009e2       0x2e /root/piecewise/src/glibc-2.23/build-tree/amd64-libc/elf/rtld-libc.a(rtld-cxa_thread_atexit_impl.os)
 .comment       0x0000000000000a10       0x2e /root/piecewise/src/glibc-2.23/build-tree/amd64-libc/elf/rtld-libc.a(rtld-strdup.os)
 .comment       0x0000000000000a3e       0x2e /root/piecewise/src/glibc-2.23/build-tree/amd64-libc/elf/rtld-libc.a(rtld-memmove.os)
 .comment       0x0000000000000a6c       0x2e /root/piecewise/src/glibc-2.23/build-tree/amd64-libc/elf/rtld-libc.a(rtld-wordcopy.os)

.group          0x0000000000000000        0x8
 .group         0x0000000000000000        0x8 /root/piecewise/src/glibc-2.23/build-tree/amd64-libc/elf/dl-allobjs.os

.note.stapsdt   0x0000000000000000      0x40c
 .note.stapsdt  0x0000000000000000      0x314 /root/piecewise/src/glibc-2.23/build-tree/amd64-libc/elf/dl-allobjs.os
 .note.stapsdt  0x0000000000000314       0x50 /root/piecewise/src/glibc-2.23/build-tree/amd64-libc/elf/rtld-libc.a(rtld-setjmp.os)
 .note.stapsdt  0x0000000000000364       0xa8 /root/piecewise/src/glibc-2.23/build-tree/amd64-libc/elf/rtld-libc.a(rtld-__longjmp.os)

.note.GNU-stack
                0x0000000000000000        0x0
 .note.GNU-stack
                0x0000000000000000        0x0 /root/piecewise/src/glibc-2.23/build-tree/amd64-libc/elf/dl-allobjs.os
 .note.GNU-stack
                0x0000000000000000        0x0 /root/piecewise/src/glibc-2.23/build-tree/amd64-libc/elf/rtld-libc.a(rtld-check_fds.os)
 .note.GNU-stack
                0x0000000000000000        0x0 /root/piecewise/src/glibc-2.23/build-tree/amd64-libc/elf/rtld-libc.a(rtld-errno.os)
 .note.GNU-stack
                0x0000000000000000        0x0 /root/piecewise/src/glibc-2.23/build-tree/amd64-libc/elf/rtld-libc.a(rtld-closedir.os)
 .note.GNU-stack
                0x0000000000000000        0x0 /root/piecewise/src/glibc-2.23/build-tree/amd64-libc/elf/rtld-libc.a(rtld-readdir.os)
 .note.GNU-stack
                0x0000000000000000        0x0 /root/piecewise/src/glibc-2.23/build-tree/amd64-libc/elf/rtld-libc.a(rtld-rewinddir.os)
 .note.GNU-stack
                0x0000000000000000        0x0 /root/piecewise/src/glibc-2.23/build-tree/amd64-libc/elf/rtld-libc.a(rtld-getdents.os)
 .note.GNU-stack
                0x0000000000000000        0x0 /root/piecewise/src/glibc-2.23/build-tree/amd64-libc/elf/rtld-libc.a(rtld-fdopendir.os)
 .note.GNU-stack
                0x0000000000000000        0x0 /root/piecewise/src/glibc-2.23/build-tree/amd64-libc/elf/rtld-libc.a(rtld-profil.os)
 .note.GNU-stack
                0x0000000000000000        0x0 /root/piecewise/src/glibc-2.23/build-tree/amd64-libc/elf/rtld-libc.a(rtld-prof-freq.os)
 .note.GNU-stack
                0x0000000000000000        0x0 /root/piecewise/src/glibc-2.23/build-tree/amd64-libc/elf/rtld-libc.a(rtld-xstat.os)
 .note.GNU-stack
                0x0000000000000000        0x0 /root/piecewise/src/glibc-2.23/build-tree/amd64-libc/elf/rtld-libc.a(rtld-fxstat.os)
 .note.GNU-stack
                0x0000000000000000        0x0 /root/piecewise/src/glibc-2.23/build-tree/amd64-libc/elf/rtld-libc.a(rtld-lxstat.os)
 .note.GNU-stack
                0x0000000000000000        0x0 /root/piecewise/src/glibc-2.23/build-tree/amd64-libc/elf/rtld-libc.a(rtld-open.os)
 .note.GNU-stack
                0x0000000000000000        0x0 /root/piecewise/src/glibc-2.23/build-tree/amd64-libc/elf/rtld-libc.a(rtld-read.os)
 .note.GNU-stack
                0x0000000000000000        0x0 /root/piecewise/src/glibc-2.23/build-tree/amd64-libc/elf/rtld-libc.a(rtld-write.os)
 .note.GNU-stack
                0x0000000000000000        0x0 /root/piecewise/src/glibc-2.23/build-tree/amd64-libc/elf/rtld-libc.a(rtld-access.os)
 .note.GNU-stack
                0x0000000000000000        0x0 /root/piecewise/src/glibc-2.23/build-tree/amd64-libc/elf/rtld-libc.a(rtld-fcntl.os)
 .note.GNU-stack
                0x0000000000000000        0x0 /root/piecewise/src/glibc-2.23/build-tree/amd64-libc/elf/rtld-libc.a(rtld-close.os)
 .note.GNU-stack
                0x0000000000000000        0x0 /root/piecewise/src/glibc-2.23/build-tree/amd64-libc/elf/rtld-libc.a(rtld-mmap.os)
 .note.GNU-stack
                0x0000000000000000        0x0 /root/piecewise/src/glibc-2.23/build-tree/amd64-libc/elf/rtld-libc.a(rtld-munmap.os)
 .note.GNU-stack
                0x0000000000000000        0x0 /root/piecewise/src/glibc-2.23/build-tree/amd64-libc/elf/rtld-libc.a(rtld-mprotect.os)
 .note.GNU-stack
                0x0000000000000000        0x0 /root/piecewise/src/glibc-2.23/build-tree/amd64-libc/elf/rtld-libc.a(rtld-llseek.os)
 .note.GNU-stack
                0x0000000000000000        0x0 /root/piecewise/src/glibc-2.23/build-tree/amd64-libc/elf/rtld-libc.a(rtld-uname.os)
 .note.GNU-stack
                0x0000000000000000        0x0 /root/piecewise/src/glibc-2.23/build-tree/amd64-libc/elf/rtld-libc.a(rtld-_exit.os)
 .note.GNU-stack
                0x0000000000000000        0x0 /root/piecewise/src/glibc-2.23/build-tree/amd64-libc/elf/rtld-libc.a(rtld-getpid.os)
 .note.GNU-stack
                0x0000000000000000        0x0 /root/piecewise/src/glibc-2.23/build-tree/amd64-libc/elf/rtld-libc.a(rtld-environ.os)
 .note.GNU-stack
                0x0000000000000000        0x0 /root/piecewise/src/glibc-2.23/build-tree/amd64-libc/elf/rtld-libc.a(rtld-setjmp.os)
 .note.GNU-stack
                0x0000000000000000        0x0 /root/piecewise/src/glibc-2.23/build-tree/amd64-libc/elf/rtld-libc.a(rtld-__longjmp.os)
 .note.GNU-stack
                0x0000000000000000        0x0 /root/piecewise/src/glibc-2.23/build-tree/amd64-libc/elf/rtld-libc.a(rtld-sigaction.os)
 .note.GNU-stack
                0x0000000000000000        0x0 /root/piecewise/src/glibc-2.23/build-tree/amd64-libc/elf/rtld-libc.a(rtld-exit.os)
 .note.GNU-stack
                0x0000000000000000        0x0 /root/piecewise/src/glibc-2.23/build-tree/amd64-libc/elf/rtld-libc.a(rtld-cxa_atexit.os)
 .note.GNU-stack
                0x0000000000000000        0x0 /root/piecewise/src/glibc-2.23/build-tree/amd64-libc/elf/rtld-libc.a(rtld-cxa_thread_atexit_impl.os)
 .note.GNU-stack
                0x0000000000000000        0x0 /root/piecewise/src/glibc-2.23/build-tree/amd64-libc/elf/rtld-libc.a(rtld-strchr.os)
 .note.GNU-stack
                0x0000000000000000        0x0 /root/piecewise/src/glibc-2.23/build-tree/amd64-libc/elf/rtld-libc.a(rtld-strcmp.os)
 .note.GNU-stack
                0x0000000000000000        0x0 /root/piecewise/src/glibc-2.23/build-tree/amd64-libc/elf/rtld-libc.a(rtld-strdup.os)
 .note.GNU-stack
                0x0000000000000000        0x0 /root/piecewise/src/glibc-2.23/build-tree/amd64-libc/elf/rtld-libc.a(rtld-strlen.os)
 .note.GNU-stack
                0x0000000000000000        0x0 /root/piecewise/src/glibc-2.23/build-tree/amd64-libc/elf/rtld-libc.a(rtld-strnlen.os)
 .note.GNU-stack
                0x0000000000000000        0x0 /root/piecewise/src/glibc-2.23/build-tree/amd64-libc/elf/rtld-libc.a(rtld-memchr.os)
 .note.GNU-stack
                0x0000000000000000        0x0 /root/piecewise/src/glibc-2.23/build-tree/amd64-libc/elf/rtld-libc.a(rtld-memcmp.os)
 .note.GNU-stack
                0x0000000000000000        0x0 /root/piecewise/src/glibc-2.23/build-tree/amd64-libc/elf/rtld-libc.a(rtld-memmove.os)
 .note.GNU-stack
                0x0000000000000000        0x0 /root/piecewise/src/glibc-2.23/build-tree/amd64-libc/elf/rtld-libc.a(rtld-memset.os)
 .note.GNU-stack
                0x0000000000000000        0x0 /root/piecewise/src/glibc-2.23/build-tree/amd64-libc/elf/rtld-libc.a(rtld-mempcpy.os)
 .note.GNU-stack
                0x0000000000000000        0x0 /root/piecewise/src/glibc-2.23/build-tree/amd64-libc/elf/rtld-libc.a(rtld-stpcpy.os)
 .note.GNU-stack
                0x0000000000000000        0x0 /root/piecewise/src/glibc-2.23/build-tree/amd64-libc/elf/rtld-libc.a(rtld-memcpy.os)
 .note.GNU-stack
                0x0000000000000000        0x0 /root/piecewise/src/glibc-2.23/build-tree/amd64-libc/elf/rtld-libc.a(rtld-wordcopy.os)
 .note.GNU-stack
                0x0000000000000000        0x0 /root/piecewise/src/glibc-2.23/build-tree/amd64-libc/elf/rtld-libc.a(rtld-rawmemchr.os)
 .note.GNU-stack
                0x0000000000000000        0x0 /root/piecewise/src/glibc-2.23/build-tree/amd64-libc/elf/rtld-libc.a(rtld-setitimer.os)

.gnu.build.attributes
 *(.gnu.build.attributes)

.debug
 *(.debug)

.line
 *(.line)

.debug_srcinfo
 *(.debug_srcinfo)

.debug_sfnames
 *(.debug_sfnames)

.debug_aranges  0x0000000000000000      0xfc0
 *(.debug_aranges)
 .debug_aranges
                0x0000000000000000      0x710 /root/piecewise/src/glibc-2.23/build-tree/amd64-libc/elf/dl-allobjs.os
 .debug_aranges
                0x0000000000000710       0x30 /root/piecewise/src/glibc-2.23/build-tree/amd64-libc/elf/rtld-libc.a(rtld-check_fds.os)
 .debug_aranges
                0x0000000000000740       0x20 /root/piecewise/src/glibc-2.23/build-tree/amd64-libc/elf/rtld-libc.a(rtld-errno.os)
 .debug_aranges
                0x0000000000000760       0x30 /root/piecewise/src/glibc-2.23/build-tree/amd64-libc/elf/rtld-libc.a(rtld-closedir.os)
 .debug_aranges
                0x0000000000000790       0x30 /root/piecewise/src/glibc-2.23/build-tree/amd64-libc/elf/rtld-libc.a(rtld-readdir.os)
 .debug_aranges
                0x00000000000007c0       0x30 /root/piecewise/src/glibc-2.23/build-tree/amd64-libc/elf/rtld-libc.a(rtld-rewinddir.os)
 .debug_aranges
                0x00000000000007f0       0x30 /root/piecewise/src/glibc-2.23/build-tree/amd64-libc/elf/rtld-libc.a(rtld-getdents.os)
 .debug_aranges
                0x0000000000000820       0x30 /root/piecewise/src/glibc-2.23/build-tree/amd64-libc/elf/rtld-libc.a(rtld-fdopendir.os)
 .debug_aranges
                0x0000000000000850       0x30 /root/piecewise/src/glibc-2.23/build-tree/amd64-libc/elf/rtld-libc.a(rtld-profil.os)
 .debug_aranges
                0x0000000000000880       0x30 /root/piecewise/src/glibc-2.23/build-tree/amd64-libc/elf/rtld-libc.a(rtld-prof-freq.os)
 .debug_aranges
                0x00000000000008b0       0x30 /root/piecewise/src/glibc-2.23/build-tree/amd64-libc/elf/rtld-libc.a(rtld-xstat.os)
 .debug_aranges
                0x00000000000008e0       0x30 /root/piecewise/src/glibc-2.23/build-tree/amd64-libc/elf/rtld-libc.a(rtld-fxstat.os)
 .debug_aranges
                0x0000000000000910       0x30 /root/piecewise/src/glibc-2.23/build-tree/amd64-libc/elf/rtld-libc.a(rtld-lxstat.os)
 .debug_aranges
                0x0000000000000940       0x30 /root/piecewise/src/glibc-2.23/build-tree/amd64-libc/elf/rtld-libc.a(rtld-open.os)
 .debug_aranges
                0x0000000000000970       0x30 /root/piecewise/src/glibc-2.23/build-tree/amd64-libc/elf/rtld-libc.a(rtld-read.os)
 .debug_aranges
                0x00000000000009a0       0x30 /root/piecewise/src/glibc-2.23/build-tree/amd64-libc/elf/rtld-libc.a(rtld-write.os)
 .debug_aranges
                0x00000000000009d0       0x30 /root/piecewise/src/glibc-2.23/build-tree/amd64-libc/elf/rtld-libc.a(rtld-access.os)
 .debug_aranges
                0x0000000000000a00       0x30 /root/piecewise/src/glibc-2.23/build-tree/amd64-libc/elf/rtld-libc.a(rtld-fcntl.os)
 .debug_aranges
                0x0000000000000a30       0x30 /root/piecewise/src/glibc-2.23/build-tree/amd64-libc/elf/rtld-libc.a(rtld-close.os)
 .debug_aranges
                0x0000000000000a60       0x30 /root/piecewise/src/glibc-2.23/build-tree/amd64-libc/elf/rtld-libc.a(rtld-mmap.os)
 .debug_aranges
                0x0000000000000a90       0x30 /root/piecewise/src/glibc-2.23/build-tree/amd64-libc/elf/rtld-libc.a(rtld-munmap.os)
 .debug_aranges
                0x0000000000000ac0       0x30 /root/piecewise/src/glibc-2.23/build-tree/amd64-libc/elf/rtld-libc.a(rtld-mprotect.os)
 .debug_aranges
                0x0000000000000af0       0x30 /root/piecewise/src/glibc-2.23/build-tree/amd64-libc/elf/rtld-libc.a(rtld-llseek.os)
 .debug_aranges
                0x0000000000000b20       0x30 /root/piecewise/src/glibc-2.23/build-tree/amd64-libc/elf/rtld-libc.a(rtld-uname.os)
 .debug_aranges
                0x0000000000000b50       0x30 /root/piecewise/src/glibc-2.23/build-tree/amd64-libc/elf/rtld-libc.a(rtld-_exit.os)
 .debug_aranges
                0x0000000000000b80       0x30 /root/piecewise/src/glibc-2.23/build-tree/amd64-libc/elf/rtld-libc.a(rtld-getpid.os)
 .debug_aranges
                0x0000000000000bb0       0x20 /root/piecewise/src/glibc-2.23/build-tree/amd64-libc/elf/rtld-libc.a(rtld-environ.os)
 .debug_aranges
                0x0000000000000bd0       0x30 /root/piecewise/src/glibc-2.23/build-tree/amd64-libc/elf/rtld-libc.a(rtld-setjmp.os)
 .debug_aranges
                0x0000000000000c00       0x30 /root/piecewise/src/glibc-2.23/build-tree/amd64-libc/elf/rtld-libc.a(rtld-__longjmp.os)
 .debug_aranges
                0x0000000000000c30       0x30 /root/piecewise/src/glibc-2.23/build-tree/amd64-libc/elf/rtld-libc.a(rtld-sigaction.os)
 .debug_aranges
                0x0000000000000c60       0x30 /root/piecewise/src/glibc-2.23/build-tree/amd64-libc/elf/rtld-libc.a(rtld-exit.os)
 .debug_aranges
                0x0000000000000c90       0x30 /root/piecewise/src/glibc-2.23/build-tree/amd64-libc/elf/rtld-libc.a(rtld-cxa_atexit.os)
 .debug_aranges
                0x0000000000000cc0       0x30 /root/piecewise/src/glibc-2.23/build-tree/amd64-libc/elf/rtld-libc.a(rtld-cxa_thread_atexit_impl.os)
 .debug_aranges
                0x0000000000000cf0       0x30 /root/piecewise/src/glibc-2.23/build-tree/amd64-libc/elf/rtld-libc.a(rtld-strchr.os)
 .debug_aranges
                0x0000000000000d20       0x30 /root/piecewise/src/glibc-2.23/build-tree/amd64-libc/elf/rtld-libc.a(rtld-strcmp.os)
 .debug_aranges
                0x0000000000000d50       0x30 /root/piecewise/src/glibc-2.23/build-tree/amd64-libc/elf/rtld-libc.a(rtld-strdup.os)
 .debug_aranges
                0x0000000000000d80       0x30 /root/piecewise/src/glibc-2.23/build-tree/amd64-libc/elf/rtld-libc.a(rtld-strlen.os)
 .debug_aranges
                0x0000000000000db0       0x30 /root/piecewise/src/glibc-2.23/build-tree/amd64-libc/elf/rtld-libc.a(rtld-strnlen.os)
 .debug_aranges
                0x0000000000000de0       0x30 /root/piecewise/src/glibc-2.23/build-tree/amd64-libc/elf/rtld-libc.a(rtld-memchr.os)
 .debug_aranges
                0x0000000000000e10       0x30 /root/piecewise/src/glibc-2.23/build-tree/amd64-libc/elf/rtld-libc.a(rtld-memcmp.os)
 .debug_aranges
                0x0000000000000e40       0x30 /root/piecewise/src/glibc-2.23/build-tree/amd64-libc/elf/rtld-libc.a(rtld-memmove.os)
 .debug_aranges
                0x0000000000000e70       0x30 /root/piecewise/src/glibc-2.23/build-tree/amd64-libc/elf/rtld-libc.a(rtld-memset.os)
 .debug_aranges
                0x0000000000000ea0       0x30 /root/piecewise/src/glibc-2.23/build-tree/amd64-libc/elf/rtld-libc.a(rtld-mempcpy.os)
 .debug_aranges
                0x0000000000000ed0       0x30 /root/piecewise/src/glibc-2.23/build-tree/amd64-libc/elf/rtld-libc.a(rtld-stpcpy.os)
 .debug_aranges
                0x0000000000000f00       0x30 /root/piecewise/src/glibc-2.23/build-tree/amd64-libc/elf/rtld-libc.a(rtld-memcpy.os)
 .debug_aranges
                0x0000000000000f30       0x30 /root/piecewise/src/glibc-2.23/build-tree/amd64-libc/elf/rtld-libc.a(rtld-wordcopy.os)
 .debug_aranges
                0x0000000000000f60       0x30 /root/piecewise/src/glibc-2.23/build-tree/amd64-libc/elf/rtld-libc.a(rtld-rawmemchr.os)
 .debug_aranges
                0x0000000000000f90       0x30 /root/piecewise/src/glibc-2.23/build-tree/amd64-libc/elf/rtld-libc.a(rtld-setitimer.os)

.debug_pubnames
 *(.debug_pubnames)

.debug_info     0x0000000000000000    0x6e33f
 *(.debug_info)
 .debug_info    0x0000000000000000    0x5f9e2 /root/piecewise/src/glibc-2.23/build-tree/amd64-libc/elf/dl-allobjs.os
 .debug_info    0x000000000005f9e2      0xa54 /root/piecewise/src/glibc-2.23/build-tree/amd64-libc/elf/rtld-libc.a(rtld-check_fds.os)
 .debug_info    0x0000000000060436      0x447 /root/piecewise/src/glibc-2.23/build-tree/amd64-libc/elf/rtld-libc.a(rtld-errno.os)
 .debug_info    0x000000000006087d      0x6b2 /root/piecewise/src/glibc-2.23/build-tree/amd64-libc/elf/rtld-libc.a(rtld-closedir.os)
 .debug_info    0x0000000000060f2f      0x723 /root/piecewise/src/glibc-2.23/build-tree/amd64-libc/elf/rtld-libc.a(rtld-readdir.os)
 .debug_info    0x0000000000061652      0x641 /root/piecewise/src/glibc-2.23/build-tree/amd64-libc/elf/rtld-libc.a(rtld-rewinddir.os)
 .debug_info    0x0000000000061c93      0x705 /root/piecewise/src/glibc-2.23/build-tree/amd64-libc/elf/rtld-libc.a(rtld-getdents.os)
 .debug_info    0x0000000000062398      0x832 /root/piecewise/src/glibc-2.23/build-tree/amd64-libc/elf/rtld-libc.a(rtld-fdopendir.os)
 .debug_info    0x0000000000062bca      0xa04 /root/piecewise/src/glibc-2.23/build-tree/amd64-libc/elf/rtld-libc.a(rtld-profil.os)
 .debug_info    0x00000000000635ce     0x1d8b /root/piecewise/src/glibc-2.23/build-tree/amd64-libc/elf/rtld-libc.a(rtld-prof-freq.os)
 .debug_info    0x0000000000065359      0x687 /root/piecewise/src/glibc-2.23/build-tree/amd64-libc/elf/rtld-libc.a(rtld-xstat.os)
 .debug_info    0x00000000000659e0      0x680 /root/piecewise/src/glibc-2.23/build-tree/amd64-libc/elf/rtld-libc.a(rtld-fxstat.os)
 .debug_info    0x0000000000066060      0x687 /root/piecewise/src/glibc-2.23/build-tree/amd64-libc/elf/rtld-libc.a(rtld-lxstat.os)
 .debug_info    0x00000000000666e7       0x2e /root/piecewise/src/glibc-2.23/build-tree/amd64-libc/elf/rtld-libc.a(rtld-open.os)
 .debug_info    0x0000000000066715       0x2e /root/piecewise/src/glibc-2.23/build-tree/amd64-libc/elf/rtld-libc.a(rtld-read.os)
 .debug_info    0x0000000000066743       0x2e /root/piecewise/src/glibc-2.23/build-tree/amd64-libc/elf/rtld-libc.a(rtld-write.os)
 .debug_info    0x0000000000066771       0x2e /root/piecewise/src/glibc-2.23/build-tree/amd64-libc/elf/rtld-libc.a(rtld-access.os)
 .debug_info    0x000000000006679f      0x81e /root/piecewise/src/glibc-2.23/build-tree/amd64-libc/elf/rtld-libc.a(rtld-fcntl.os)
 .debug_info    0x0000000000066fbd       0x2e /root/piecewise/src/glibc-2.23/build-tree/amd64-libc/elf/rtld-libc.a(rtld-close.os)
 .debug_info    0x0000000000066feb     0x1fd3 /root/piecewise/src/glibc-2.23/build-tree/amd64-libc/elf/rtld-libc.a(rtld-mmap.os)
 .debug_info    0x0000000000068fbe       0x2e /root/piecewise/src/glibc-2.23/build-tree/amd64-libc/elf/rtld-libc.a(rtld-munmap.os)
 .debug_info    0x0000000000068fec       0x2e /root/piecewise/src/glibc-2.23/build-tree/amd64-libc/elf/rtld-libc.a(rtld-mprotect.os)
 .debug_info    0x000000000006901a       0x2e /root/piecewise/src/glibc-2.23/build-tree/amd64-libc/elf/rtld-libc.a(rtld-llseek.os)
 .debug_info    0x0000000000069048       0x2e /root/piecewise/src/glibc-2.23/build-tree/amd64-libc/elf/rtld-libc.a(rtld-uname.os)
 .debug_info    0x0000000000069076      0x52f /root/piecewise/src/glibc-2.23/build-tree/amd64-libc/elf/rtld-libc.a(rtld-_exit.os)
 .debug_info    0x00000000000695a5      0x4b6 /root/piecewise/src/glibc-2.23/build-tree/amd64-libc/elf/rtld-libc.a(rtld-getpid.os)
 .debug_info    0x0000000000069a5b       0xcc /root/piecewise/src/glibc-2.23/build-tree/amd64-libc/elf/rtld-libc.a(rtld-environ.os)
 .debug_info    0x0000000000069b27       0x2e /root/piecewise/src/glibc-2.23/build-tree/amd64-libc/elf/rtld-libc.a(rtld-setjmp.os)
 .debug_info    0x0000000000069b55       0x2e /root/piecewise/src/glibc-2.23/build-tree/amd64-libc/elf/rtld-libc.a(rtld-__longjmp.os)
 .debug_info    0x0000000000069b83      0xa0c /root/piecewise/src/glibc-2.23/build-tree/amd64-libc/elf/rtld-libc.a(rtld-sigaction.os)
 .debug_info    0x000000000006a58f      0xf17 /root/piecewise/src/glibc-2.23/build-tree/amd64-libc/elf/rtld-libc.a(rtld-exit.os)
 .debug_info    0x000000000006b4a6      0x9fc /root/piecewise/src/glibc-2.23/build-tree/amd64-libc/elf/rtld-libc.a(rtld-cxa_atexit.os)
 .debug_info    0x000000000006bea2     0x1a40 /root/piecewise/src/glibc-2.23/build-tree/amd64-libc/elf/rtld-libc.a(rtld-cxa_thread_atexit_impl.os)
 .debug_info    0x000000000006d8e2       0x2e /root/piecewise/src/glibc-2.23/build-tree/amd64-libc/elf/rtld-libc.a(rtld-strchr.os)
 .debug_info    0x000000000006d910       0x2e /root/piecewise/src/glibc-2.23/build-tree/amd64-libc/elf/rtld-libc.a(rtld-strcmp.os)
 .debug_info    0x000000000006d93e      0x159 /root/piecewise/src/glibc-2.23/build-tree/amd64-libc/elf/rtld-libc.a(rtld-strdup.os)
 .debug_info    0x000000000006da97       0x2e /root/piecewise/src/glibc-2.23/build-tree/amd64-libc/elf/rtld-libc.a(rtld-strlen.os)
 .debug_info    0x000000000006dac5       0x2e /root/piecewise/src/glibc-2.23/build-tree/amd64-libc/elf/rtld-libc.a(rtld-strnlen.os)
 .debug_info    0x000000000006daf3       0x2e /root/piecewise/src/glibc-2.23/build-tree/amd64-libc/elf/rtld-libc.a(rtld-memchr.os)
 .debug_info    0x000000000006db21       0x2e /root/piecewise/src/glibc-2.23/build-tree/amd64-libc/elf/rtld-libc.a(rtld-memcmp.os)
 .debug_info    0x000000000006db4f      0x28f /root/piecewise/src/glibc-2.23/build-tree/amd64-libc/elf/rtld-libc.a(rtld-memmove.os)
 .debug_info    0x000000000006ddde       0x2e /root/piecewise/src/glibc-2.23/build-tree/amd64-libc/elf/rtld-libc.a(rtld-memset.os)
 .debug_info    0x000000000006de0c       0x2e /root/piecewise/src/glibc-2.23/build-tree/amd64-libc/elf/rtld-libc.a(rtld-mempcpy.os)
 .debug_info    0x000000000006de3a       0x2e /root/piecewise/src/glibc-2.23/build-tree/amd64-libc/elf/rtld-libc.a(rtld-stpcpy.os)
 .debug_info    0x000000000006de68       0x2e /root/piecewise/src/glibc-2.23/build-tree/amd64-libc/elf/rtld-libc.a(rtld-memcpy.os)
 .debug_info    0x000000000006de96      0x44d /root/piecewise/src/glibc-2.23/build-tree/amd64-libc/elf/rtld-libc.a(rtld-wordcopy.os)
 .debug_info    0x000000000006e2e3       0x2e /root/piecewise/src/glibc-2.23/build-tree/amd64-libc/elf/rtld-libc.a(rtld-rawmemchr.os)
 .debug_info    0x000000000006e311       0x2e /root/piecewise/src/glibc-2.23/build-tree/amd64-libc/elf/rtld-libc.a(rtld-setitimer.os)

.debug_abbrev   0x0000000000000000     0xb035
 *(.debug_abbrev)
 .debug_abbrev  0x0000000000000000     0x8661 /root/piecewise/src/glibc-2.23/build-tree/amd64-libc/elf/dl-allobjs.os
 .debug_abbrev  0x0000000000008661      0x210 /root/piecewise/src/glibc-2.23/build-tree/amd64-libc/elf/rtld-libc.a(rtld-check_fds.os)
 .debug_abbrev  0x0000000000008871       0xe6 /root/piecewise/src/glibc-2.23/build-tree/amd64-libc/elf/rtld-libc.a(rtld-errno.os)
 .debug_abbrev  0x0000000000008957      0x18e /root/piecewise/src/glibc-2.23/build-tree/amd64-libc/elf/rtld-libc.a(rtld-closedir.os)
 .debug_abbrev  0x0000000000008ae5      0x183 /root/piecewise/src/glibc-2.23/build-tree/amd64-libc/elf/rtld-libc.a(rtld-readdir.os)
 .debug_abbrev  0x0000000000008c68      0x14d /root/piecewise/src/glibc-2.23/build-tree/amd64-libc/elf/rtld-libc.a(rtld-rewinddir.os)
 .debug_abbrev  0x0000000000008db5      0x1c0 /root/piecewise/src/glibc-2.23/build-tree/amd64-libc/elf/rtld-libc.a(rtld-getdents.os)
 .debug_abbrev  0x0000000000008f75      0x18d /root/piecewise/src/glibc-2.23/build-tree/amd64-libc/elf/rtld-libc.a(rtld-fdopendir.os)
 .debug_abbrev  0x0000000000009102      0x27d /root/piecewise/src/glibc-2.23/build-tree/amd64-libc/elf/rtld-libc.a(rtld-profil.os)
 .debug_abbrev  0x000000000000937f      0x26d /root/piecewise/src/glibc-2.23/build-tree/amd64-libc/elf/rtld-libc.a(rtld-prof-freq.os)
 .debug_abbrev  0x00000000000095ec      0x143 /root/piecewise/src/glibc-2.23/build-tree/amd64-libc/elf/rtld-libc.a(rtld-xstat.os)
 .debug_abbrev  0x000000000000972f      0x152 /root/piecewise/src/glibc-2.23/build-tree/amd64-libc/elf/rtld-libc.a(rtld-fxstat.os)
 .debug_abbrev  0x0000000000009881      0x143 /root/piecewise/src/glibc-2.23/build-tree/amd64-libc/elf/rtld-libc.a(rtld-lxstat.os)
 .debug_abbrev  0x00000000000099c4       0x14 /root/piecewise/src/glibc-2.23/build-tree/amd64-libc/elf/rtld-libc.a(rtld-open.os)
 .debug_abbrev  0x00000000000099d8       0x14 /root/piecewise/src/glibc-2.23/build-tree/amd64-libc/elf/rtld-libc.a(rtld-read.os)
 .debug_abbrev  0x00000000000099ec       0x14 /root/piecewise/src/glibc-2.23/build-tree/amd64-libc/elf/rtld-libc.a(rtld-write.os)
 .debug_abbrev  0x0000000000009a00       0x14 /root/piecewise/src/glibc-2.23/build-tree/amd64-libc/elf/rtld-libc.a(rtld-access.os)
 .debug_abbrev  0x0000000000009a14      0x224 /root/piecewise/src/glibc-2.23/build-tree/amd64-libc/elf/rtld-libc.a(rtld-fcntl.os)
 .debug_abbrev  0x0000000000009c38       0x14 /root/piecewise/src/glibc-2.23/build-tree/amd64-libc/elf/rtld-libc.a(rtld-close.os)
 .debug_abbrev  0x0000000000009c4c      0x2d3 /root/piecewise/src/glibc-2.23/build-tree/amd64-libc/elf/rtld-libc.a(rtld-mmap.os)
 .debug_abbrev  0x0000000000009f1f       0x14 /root/piecewise/src/glibc-2.23/build-tree/amd64-libc/elf/rtld-libc.a(rtld-munmap.os)
 .debug_abbrev  0x0000000000009f33       0x14 /root/piecewise/src/glibc-2.23/build-tree/amd64-libc/elf/rtld-libc.a(rtld-mprotect.os)
 .debug_abbrev  0x0000000000009f47       0x14 /root/piecewise/src/glibc-2.23/build-tree/amd64-libc/elf/rtld-libc.a(rtld-llseek.os)
 .debug_abbrev  0x0000000000009f5b       0x14 /root/piecewise/src/glibc-2.23/build-tree/amd64-libc/elf/rtld-libc.a(rtld-uname.os)
 .debug_abbrev  0x0000000000009f6f      0x14d /root/piecewise/src/glibc-2.23/build-tree/amd64-libc/elf/rtld-libc.a(rtld-_exit.os)
 .debug_abbrev  0x000000000000a0bc      0x11a /root/piecewise/src/glibc-2.23/build-tree/amd64-libc/elf/rtld-libc.a(rtld-getpid.os)
 .debug_abbrev  0x000000000000a1d6       0x53 /root/piecewise/src/glibc-2.23/build-tree/amd64-libc/elf/rtld-libc.a(rtld-environ.os)
 .debug_abbrev  0x000000000000a229       0x14 /root/piecewise/src/glibc-2.23/build-tree/amd64-libc/elf/rtld-libc.a(rtld-setjmp.os)
 .debug_abbrev  0x000000000000a23d       0x14 /root/piecewise/src/glibc-2.23/build-tree/amd64-libc/elf/rtld-libc.a(rtld-__longjmp.os)
 .debug_abbrev  0x000000000000a251      0x1de /root/piecewise/src/glibc-2.23/build-tree/amd64-libc/elf/rtld-libc.a(rtld-sigaction.os)
 .debug_abbrev  0x000000000000a42f      0x27c /root/piecewise/src/glibc-2.23/build-tree/amd64-libc/elf/rtld-libc.a(rtld-exit.os)
 .debug_abbrev  0x000000000000a6ab      0x291 /root/piecewise/src/glibc-2.23/build-tree/amd64-libc/elf/rtld-libc.a(rtld-cxa_atexit.os)
 .debug_abbrev  0x000000000000a93c      0x333 /root/piecewise/src/glibc-2.23/build-tree/amd64-libc/elf/rtld-libc.a(rtld-cxa_thread_atexit_impl.os)
 .debug_abbrev  0x000000000000ac6f       0x14 /root/piecewise/src/glibc-2.23/build-tree/amd64-libc/elf/rtld-libc.a(rtld-strchr.os)
 .debug_abbrev  0x000000000000ac83       0x14 /root/piecewise/src/glibc-2.23/build-tree/amd64-libc/elf/rtld-libc.a(rtld-strcmp.os)
 .debug_abbrev  0x000000000000ac97       0xde /root/piecewise/src/glibc-2.23/build-tree/amd64-libc/elf/rtld-libc.a(rtld-strdup.os)
 .debug_abbrev  0x000000000000ad75       0x14 /root/piecewise/src/glibc-2.23/build-tree/amd64-libc/elf/rtld-libc.a(rtld-strlen.os)
 .debug_abbrev  0x000000000000ad89       0x14 /root/piecewise/src/glibc-2.23/build-tree/amd64-libc/elf/rtld-libc.a(rtld-strnlen.os)
 .debug_abbrev  0x000000000000ad9d       0x14 /root/piecewise/src/glibc-2.23/build-tree/amd64-libc/elf/rtld-libc.a(rtld-memchr.os)
 .debug_abbrev  0x000000000000adb1       0x14 /root/piecewise/src/glibc-2.23/build-tree/amd64-libc/elf/rtld-libc.a(rtld-memcmp.os)
 .debug_abbrev  0x000000000000adc5       0xfd /root/piecewise/src/glibc-2.23/build-tree/amd64-libc/elf/rtld-libc.a(rtld-memmove.os)
 .debug_abbrev  0x000000000000aec2       0x14 /root/piecewise/src/glibc-2.23/build-tree/amd64-libc/elf/rtld-libc.a(rtld-memset.os)
 .debug_abbrev  0x000000000000aed6       0x14 /root/piecewise/src/glibc-2.23/build-tree/amd64-libc/elf/rtld-libc.a(rtld-mempcpy.os)
 .debug_abbrev  0x000000000000aeea       0x14 /root/piecewise/src/glibc-2.23/build-tree/amd64-libc/elf/rtld-libc.a(rtld-stpcpy.os)
 .debug_abbrev  0x000000000000aefe       0x14 /root/piecewise/src/glibc-2.23/build-tree/amd64-libc/elf/rtld-libc.a(rtld-memcpy.os)
 .debug_abbrev  0x000000000000af12       0xfb /root/piecewise/src/glibc-2.23/build-tree/amd64-libc/elf/rtld-libc.a(rtld-wordcopy.os)
 .debug_abbrev  0x000000000000b00d       0x14 /root/piecewise/src/glibc-2.23/build-tree/amd64-libc/elf/rtld-libc.a(rtld-rawmemchr.os)
 .debug_abbrev  0x000000000000b021       0x14 /root/piecewise/src/glibc-2.23/build-tree/amd64-libc/elf/rtld-libc.a(rtld-setitimer.os)

.debug_line     0x0000000000000000     0xf96d
 *(.debug_line)
 .debug_line    0x0000000000000000     0xbf7d /root/piecewise/src/glibc-2.23/build-tree/amd64-libc/elf/dl-allobjs.os
 .debug_line    0x000000000000bf7d      0x1e8 /root/piecewise/src/glibc-2.23/build-tree/amd64-libc/elf/rtld-libc.a(rtld-check_fds.os)
 .debug_line    0x000000000000c165       0xc2 /root/piecewise/src/glibc-2.23/build-tree/amd64-libc/elf/rtld-libc.a(rtld-errno.os)
 .debug_line    0x000000000000c227      0x1fd /root/piecewise/src/glibc-2.23/build-tree/amd64-libc/elf/rtld-libc.a(rtld-closedir.os)
 .debug_line    0x000000000000c424      0x218 /root/piecewise/src/glibc-2.23/build-tree/amd64-libc/elf/rtld-libc.a(rtld-readdir.os)
 .debug_line    0x000000000000c63c      0x1d9 /root/piecewise/src/glibc-2.23/build-tree/amd64-libc/elf/rtld-libc.a(rtld-rewinddir.os)
 .debug_line    0x000000000000c815      0x1e8 /root/piecewise/src/glibc-2.23/build-tree/amd64-libc/elf/rtld-libc.a(rtld-getdents.os)
 .debug_line    0x000000000000c9fd      0x25a /root/piecewise/src/glibc-2.23/build-tree/amd64-libc/elf/rtld-libc.a(rtld-fdopendir.os)
 .debug_line    0x000000000000cc57      0x274 /root/piecewise/src/glibc-2.23/build-tree/amd64-libc/elf/rtld-libc.a(rtld-profil.os)
 .debug_line    0x000000000000cecb      0x24d /root/piecewise/src/glibc-2.23/build-tree/amd64-libc/elf/rtld-libc.a(rtld-prof-freq.os)
 .debug_line    0x000000000000d118      0x16b /root/piecewise/src/glibc-2.23/build-tree/amd64-libc/elf/rtld-libc.a(rtld-xstat.os)
 .debug_line    0x000000000000d283      0x16c /root/piecewise/src/glibc-2.23/build-tree/amd64-libc/elf/rtld-libc.a(rtld-fxstat.os)
 .debug_line    0x000000000000d3ef      0x16c /root/piecewise/src/glibc-2.23/build-tree/amd64-libc/elf/rtld-libc.a(rtld-lxstat.os)
 .debug_line    0x000000000000d55b       0x59 /root/piecewise/src/glibc-2.23/build-tree/amd64-libc/elf/rtld-libc.a(rtld-open.os)
 .debug_line    0x000000000000d5b4       0x59 /root/piecewise/src/glibc-2.23/build-tree/amd64-libc/elf/rtld-libc.a(rtld-read.os)
 .debug_line    0x000000000000d60d       0x59 /root/piecewise/src/glibc-2.23/build-tree/amd64-libc/elf/rtld-libc.a(rtld-write.os)
 .debug_line    0x000000000000d666       0x59 /root/piecewise/src/glibc-2.23/build-tree/amd64-libc/elf/rtld-libc.a(rtld-access.os)
 .debug_line    0x000000000000d6bf      0x1c3 /root/piecewise/src/glibc-2.23/build-tree/amd64-libc/elf/rtld-libc.a(rtld-fcntl.os)
 .debug_line    0x000000000000d882       0x59 /root/piecewise/src/glibc-2.23/build-tree/amd64-libc/elf/rtld-libc.a(rtld-close.os)
 .debug_line    0x000000000000d8db      0x286 /root/piecewise/src/glibc-2.23/build-tree/amd64-libc/elf/rtld-libc.a(rtld-mmap.os)
 .debug_line    0x000000000000db61       0x59 /root/piecewise/src/glibc-2.23/build-tree/amd64-libc/elf/rtld-libc.a(rtld-munmap.os)
 .debug_line    0x000000000000dbba       0x59 /root/piecewise/src/glibc-2.23/build-tree/amd64-libc/elf/rtld-libc.a(rtld-mprotect.os)
 .debug_line    0x000000000000dc13       0x59 /root/piecewise/src/glibc-2.23/build-tree/amd64-libc/elf/rtld-libc.a(rtld-llseek.os)
 .debug_line    0x000000000000dc6c       0x59 /root/piecewise/src/glibc-2.23/build-tree/amd64-libc/elf/rtld-libc.a(rtld-uname.os)
 .debug_line    0x000000000000dcc5      0x12d /root/piecewise/src/glibc-2.23/build-tree/amd64-libc/elf/rtld-libc.a(rtld-_exit.os)
 .debug_line    0x000000000000ddf2      0x12a /root/piecewise/src/glibc-2.23/build-tree/amd64-libc/elf/rtld-libc.a(rtld-getpid.os)
 .debug_line    0x000000000000df1c       0x41 /root/piecewise/src/glibc-2.23/build-tree/amd64-libc/elf/rtld-libc.a(rtld-environ.os)
 .debug_line    0x000000000000df5d       0x60 /root/piecewise/src/glibc-2.23/build-tree/amd64-libc/elf/rtld-libc.a(rtld-setjmp.os)
 .debug_line    0x000000000000dfbd       0x65 /root/piecewise/src/glibc-2.23/build-tree/amd64-libc/elf/rtld-libc.a(rtld-__longjmp.os)
 .debug_line    0x000000000000e022      0x26b /root/piecewise/src/glibc-2.23/build-tree/amd64-libc/elf/rtld-libc.a(rtld-sigaction.os)
 .debug_line    0x000000000000e28d      0x1fe /root/piecewise/src/glibc-2.23/build-tree/amd64-libc/elf/rtld-libc.a(rtld-exit.os)
 .debug_line    0x000000000000e48b      0x1fc /root/piecewise/src/glibc-2.23/build-tree/amd64-libc/elf/rtld-libc.a(rtld-cxa_atexit.os)
 .debug_line    0x000000000000e687      0x2b5 /root/piecewise/src/glibc-2.23/build-tree/amd64-libc/elf/rtld-libc.a(rtld-cxa_thread_atexit_impl.os)
 .debug_line    0x000000000000e93c       0xde /root/piecewise/src/glibc-2.23/build-tree/amd64-libc/elf/rtld-libc.a(rtld-strchr.os)
 .debug_line    0x000000000000ea1a      0x49c /root/piecewise/src/glibc-2.23/build-tree/amd64-libc/elf/rtld-libc.a(rtld-strcmp.os)
 .debug_line    0x000000000000eeb6       0xa5 /root/piecewise/src/glibc-2.23/build-tree/amd64-libc/elf/rtld-libc.a(rtld-strdup.os)
 .debug_line    0x000000000000ef5b       0x98 /root/piecewise/src/glibc-2.23/build-tree/amd64-libc/elf/rtld-libc.a(rtld-strlen.os)
 .debug_line    0x000000000000eff3       0x98 /root/piecewise/src/glibc-2.23/build-tree/amd64-libc/elf/rtld-libc.a(rtld-strnlen.os)
 .debug_line    0x000000000000f08b      0x117 /root/piecewise/src/glibc-2.23/build-tree/amd64-libc/elf/rtld-libc.a(rtld-memchr.os)
 .debug_line    0x000000000000f1a2      0x159 /root/piecewise/src/glibc-2.23/build-tree/amd64-libc/elf/rtld-libc.a(rtld-memcmp.os)
 .debug_line    0x000000000000f2fb      0x101 /root/piecewise/src/glibc-2.23/build-tree/amd64-libc/elf/rtld-libc.a(rtld-memmove.os)
 .debug_line    0x000000000000f3fc       0x95 /root/piecewise/src/glibc-2.23/build-tree/amd64-libc/elf/rtld-libc.a(rtld-memset.os)
 .debug_line    0x000000000000f491       0xb1 /root/piecewise/src/glibc-2.23/build-tree/amd64-libc/elf/rtld-libc.a(rtld-mempcpy.os)
 .debug_line    0x000000000000f542       0xa2 /root/piecewise/src/glibc-2.23/build-tree/amd64-libc/elf/rtld-libc.a(rtld-stpcpy.os)
 .debug_line    0x000000000000f5e4       0xc0 /root/piecewise/src/glibc-2.23/build-tree/amd64-libc/elf/rtld-libc.a(rtld-memcpy.os)
 .debug_line    0x000000000000f6a4      0x1a8 /root/piecewise/src/glibc-2.23/build-tree/amd64-libc/elf/rtld-libc.a(rtld-wordcopy.os)
 .debug_line    0x000000000000f84c       0xc8 /root/piecewise/src/glibc-2.23/build-tree/amd64-libc/elf/rtld-libc.a(rtld-rawmemchr.os)
 .debug_line    0x000000000000f914       0x59 /root/piecewise/src/glibc-2.23/build-tree/amd64-libc/elf/rtld-libc.a(rtld-setitimer.os)

.debug_frame
 *(.debug_frame)

.debug_str      0x0000000000000000    0x3d120
 *(.debug_str)
 .debug_str     0x0000000000000000    0x3293c /root/piecewise/src/glibc-2.23/build-tree/amd64-libc/elf/dl-allobjs.os
 .debug_str     0x000000000003293c      0x5a1 /root/piecewise/src/glibc-2.23/build-tree/amd64-libc/elf/rtld-libc.a(rtld-check_fds.os)
 .debug_str     0x0000000000032edd      0x3b7 /root/piecewise/src/glibc-2.23/build-tree/amd64-libc/elf/rtld-libc.a(rtld-errno.os)
 .debug_str     0x0000000000033294      0x532 /root/piecewise/src/glibc-2.23/build-tree/amd64-libc/elf/rtld-libc.a(rtld-closedir.os)
 .debug_str     0x00000000000337c6      0x5a0 /root/piecewise/src/glibc-2.23/build-tree/amd64-libc/elf/rtld-libc.a(rtld-readdir.os)
 .debug_str     0x0000000000033d66      0x51b /root/piecewise/src/glibc-2.23/build-tree/amd64-libc/elf/rtld-libc.a(rtld-rewinddir.os)
 .debug_str     0x0000000000034281      0x511 /root/piecewise/src/glibc-2.23/build-tree/amd64-libc/elf/rtld-libc.a(rtld-getdents.os)
 .debug_str     0x0000000000034792      0x660 /root/piecewise/src/glibc-2.23/build-tree/amd64-libc/elf/rtld-libc.a(rtld-fdopendir.os)
 .debug_str     0x0000000000034df2      0x75d /root/piecewise/src/glibc-2.23/build-tree/amd64-libc/elf/rtld-libc.a(rtld-profil.os)
 .debug_str     0x000000000003554f     0x135f /root/piecewise/src/glibc-2.23/build-tree/amd64-libc/elf/rtld-libc.a(rtld-prof-freq.os)
 .debug_str     0x00000000000368ae      0x520 /root/piecewise/src/glibc-2.23/build-tree/amd64-libc/elf/rtld-libc.a(rtld-xstat.os)
 .debug_str     0x0000000000036dce      0x51e /root/piecewise/src/glibc-2.23/build-tree/amd64-libc/elf/rtld-libc.a(rtld-fxstat.os)
 .debug_str     0x00000000000372ec      0x523 /root/piecewise/src/glibc-2.23/build-tree/amd64-libc/elf/rtld-libc.a(rtld-lxstat.os)
 .debug_str     0x000000000003780f       0x53 /root/piecewise/src/glibc-2.23/build-tree/amd64-libc/elf/rtld-libc.a(rtld-open.os)
 .debug_str     0x0000000000037862       0x53 /root/piecewise/src/glibc-2.23/build-tree/amd64-libc/elf/rtld-libc.a(rtld-read.os)
 .debug_str     0x00000000000378b5       0x53 /root/piecewise/src/glibc-2.23/build-tree/amd64-libc/elf/rtld-libc.a(rtld-write.os)
 .debug_str     0x0000000000037908       0x53 /root/piecewise/src/glibc-2.23/build-tree/amd64-libc/elf/rtld-libc.a(rtld-access.os)
 .debug_str     0x000000000003795b      0x57e /root/piecewise/src/glibc-2.23/build-tree/amd64-libc/elf/rtld-libc.a(rtld-fcntl.os)
 .debug_str     0x0000000000037ed9       0x53 /root/piecewise/src/glibc-2.23/build-tree/amd64-libc/elf/rtld-libc.a(rtld-close.os)
 .debug_str     0x0000000000037f2c     0x13b0 /root/piecewise/src/glibc-2.23/build-tree/amd64-libc/elf/rtld-libc.a(rtld-mmap.os)